unix-tree-2.3.2/
unix-tree-2.3.2/.gitignore
unix-tree-2.3.2/CHANGES
unix-tree-2.3.2/INSTALL
unix-tree-2.3.2/LICENSE
unix-tree-2.3.2/Makefile
unix-tree-2.3.2/README
unix-tree-2.3.2/TODO
unix-tree-2.3.2/color.c
unix-tree-2.3.2/doc/
unix-tree-2.3.2/doc/global_info
unix-tree-2.3.2/doc/tree.1
unix-tree-2.3.2/doc/xml.dtd
unix-tree-2.3.2/file.c
unix-tree-2.3.2/filter.c
unix-tree-2.3.2/hash.c
unix-tree-2.3.2/html.c
unix-tree-2.3.2/info.c
unix-tree-2.3.2/json.c
unix-tree-2.3.2/list.c
unix-tree-2.3.2/strverscmp.c
unix-tree-2.3.2/tree.c
unix-tree-2.3.2/tree.h
unix-tree-2.3.2/unix.c
unix-tree-2.3.2/util.c
unix-tree-2.3.2/xml.c
