make  all-recursive
make[1]: Entering directory '/home/samson/Projects/clojv3/store/tmp/tar-1.35/tar-1.35'
Making all in doc
make[2]: Entering directory '/home/samson/Projects/clojv3/store/tmp/tar-1.35/tar-1.35/doc'
make[2]: Nothing to be done for 'all'.
make[2]: Leaving directory '/home/samson/Projects/clojv3/store/tmp/tar-1.35/tar-1.35/doc'
Making all in gnu
make[2]: Entering directory '/home/samson/Projects/clojv3/store/tmp/tar-1.35/tar-1.35/gnu'
  GEN      alloca.h
  GEN      ctype.h
  GEN      configmake.h
  GEN      error.h
  GEN      dirent.h
  GEN      fcntl.h
  GEN      fnmatch.h
  GEN      getopt.h
  GEN      getopt-cdefs.h
  GEN      malloc/dynarray.gl.h
  GEN      malloc/dynarray-skeleton.gl.h
  GEN      malloc/scratch_buffer.gl.h
  GEN      inttypes.h
  GEN      langinfo.h
  GEN      limits.h
  GEN      locale.h
  GEN      selinux/selinux.h
  GEN      selinux/context.h
  GEN      selinux/label.h
  GEN      signal.h
  GEN      stddef.h
  GEN      stdint.h
  GEN      stdio.h
  GEN      stdlib.h
  GEN      string.h
  GEN      strings.h
  GEN      sys/stat.h
  GEN      sys/random.h
  GEN      sys/time.h
  GEN      sys/types.h
  GEN      time.h
  GEN      uchar.h
  GEN      unicase.h
  GEN      unictype.h
  GEN      uninorm.h
  GEN      unistd.h
  GEN      unitypes.h
  GEN      uniwidth.h
  GEN      utime.h
  GEN      wchar.h
  GEN      wctype.h
make  all-recursive
make[3]: Entering directory '/home/samson/Projects/clojv3/store/tmp/tar-1.35/tar-1.35/gnu'
make[4]: Entering directory '/home/samson/Projects/clojv3/store/tmp/tar-1.35/tar-1.35/gnu'
  CC       libgnu_a-acl-errno-valid.o
  CC       libgnu_a-get-permissions.o
  CC       libgnu_a-acl-internal.o
  CC       libgnu_a-set-permissions.o
  CC       libgnu_a-allocator.o
  CC       libgnu_a-areadlink.o
  CC       libgnu_a-areadlink-with-size.o
  CC       libgnu_a-areadlinkat.o
  CC       libgnu_a-argmatch.o
  CC       libgnu_a-areadlinkat-with-size.o
  CC       libgnu_a-argp-ba.o
  CC       libgnu_a-argp-eexst.o
In file included from ./getopt-cdefs.h:32,
                 from ./unistd.h:688,
                 from ./fcntl.h:84,
                 from careadlinkat.h:28,
                 from areadlink.c:27:
/nix/store/yzx98qlav3kgw6a9pkjpz13p1v280vyk-x86_64-unknown-linux-musl-gcc-15.3.0/x86_64-unknown-linux-musl/sys-include/sys/cdefs.h:1:2: warning: #warning usage of non-standard #include <sys/cdefs.h> is deprecated [-Wcpp]
    1 | #warning usage of non-standard #include <sys/cdefs.h> is deprecated
      |  ^~~~~~~
In file included from ./getopt-cdefs.h:32,
                 from ./unistd.h:688,
                 from areadlink-with-size.c:30:
/nix/store/yzx98qlav3kgw6a9pkjpz13p1v280vyk-x86_64-unknown-linux-musl-gcc-15.3.0/x86_64-unknown-linux-musl/sys-include/sys/cdefs.h:1:2: warning: #warning usage of non-standard #include <sys/cdefs.h> is deprecated [-Wcpp]
    1 | #warning usage of non-standard #include <sys/cdefs.h> is deprecated
      |  ^~~~~~~
In file included from ./getopt-cdefs.h:32,
                 from ./unistd.h:688,
                 from ./fcntl.h:84,
                 from careadlinkat.h:28,
                 from areadlinkat.c:30:
/nix/store/yzx98qlav3kgw6a9pkjpz13p1v280vyk-x86_64-unknown-linux-musl-gcc-15.3.0/x86_64-unknown-linux-musl/sys-include/sys/cdefs.h:1:2: warning: #warning usage of non-standard #include <sys/cdefs.h> is deprecated [-Wcpp]
    1 | #warning usage of non-standard #include <sys/cdefs.h> is deprecated
      |  ^~~~~~~
In file included from ./getopt-cdefs.h:32,
                 from ./unistd.h:688,
                 from areadlinkat-with-size.c:31:
/nix/store/yzx98qlav3kgw6a9pkjpz13p1v280vyk-x86_64-unknown-linux-musl-gcc-15.3.0/x86_64-unknown-linux-musl/sys-include/sys/cdefs.h:1:2: warning: #warning usage of non-standard #include <sys/cdefs.h> is deprecated [-Wcpp]
    1 | #warning usage of non-standard #include <sys/cdefs.h> is deprecated
      |  ^~~~~~~
  CC       libgnu_a-argp-fmtstream.o
  CC       libgnu_a-argp-fs-xinl.o
In file included from ./getopt-cdefs.h:32,
                 from ./getopt.h:84,
                 from argp.h:29,
                 from argp-eexst.c:25:
/nix/store/yzx98qlav3kgw6a9pkjpz13p1v280vyk-x86_64-unknown-linux-musl-gcc-15.3.0/x86_64-unknown-linux-musl/sys-include/sys/cdefs.h:1:2: warning: #warning usage of non-standard #include <sys/cdefs.h> is deprecated [-Wcpp]
    1 | #warning usage of non-standard #include <sys/cdefs.h> is deprecated
      |  ^~~~~~~
  CC       libgnu_a-argp-help.o
  CC       libgnu_a-argp-parse.o
  CC       libgnu_a-argp-pin.o
  CC       libgnu_a-argp-pv.o
  CC       libgnu_a-argp-pvh.o
  CC       libgnu_a-argp-xinl.o
  CC       libgnu_a-argp-version-etc.o
  CC       libgnu_a-openat-proc.o
In file included from ./getopt-cdefs.h:32,
                 from ./unistd.h:688,
                 from argp-fmtstream.h:35,
                 from argp-fmtstream.c:32:
/nix/store/yzx98qlav3kgw6a9pkjpz13p1v280vyk-x86_64-unknown-linux-musl-gcc-15.3.0/x86_64-unknown-linux-musl/sys-include/sys/cdefs.h:1:2: warning: #warning usage of non-standard #include <sys/cdefs.h> is deprecated [-Wcpp]
    1 | #warning usage of non-standard #include <sys/cdefs.h> is deprecated
      |  ^~~~~~~
  CC       libgnu_a-backupfile.o
In file included from ./getopt-cdefs.h:32,
                 from ./unistd.h:688,
                 from argp-parse.c:27:
/nix/store/yzx98qlav3kgw6a9pkjpz13p1v280vyk-x86_64-unknown-linux-musl-gcc-15.3.0/x86_64-unknown-linux-musl/sys-include/sys/cdefs.h:1:2: warning: #warning usage of non-standard #include <sys/cdefs.h> is deprecated [-Wcpp]
    1 | #warning usage of non-standard #include <sys/cdefs.h> is deprecated
      |  ^~~~~~~
In file included from ./getopt-cdefs.h:32,
                 from ./unistd.h:688,
                 from argp-fmtstream.h:35,
                 from argp-fs-xinl.c:30:
/nix/store/yzx98qlav3kgw6a9pkjpz13p1v280vyk-x86_64-unknown-linux-musl-gcc-15.3.0/x86_64-unknown-linux-musl/sys-include/sys/cdefs.h:1:2: warning: #warning usage of non-standard #include <sys/cdefs.h> is deprecated [-Wcpp]
    1 | #warning usage of non-standard #include <sys/cdefs.h> is deprecated
      |  ^~~~~~~
  CC       libgnu_a-backup-find.o
In file included from ./getopt-cdefs.h:32,
                 from ./getopt.h:84,
                 from argp.h:29,
                 from argp-xinl.c:37:
/nix/store/yzx98qlav3kgw6a9pkjpz13p1v280vyk-x86_64-unknown-linux-musl-gcc-15.3.0/x86_64-unknown-linux-musl/sys-include/sys/cdefs.h:1:2: warning: #warning usage of non-standard #include <sys/cdefs.h> is deprecated [-Wcpp]
    1 | #warning usage of non-standard #include <sys/cdefs.h> is deprecated
      |  ^~~~~~~
  CC       libgnu_a-basename-lgpl.o
In file included from ./getopt-cdefs.h:32,
                 from ./getopt.h:84,
                 from argp.h:29,
                 from argp-help.c:51:
/nix/store/yzx98qlav3kgw6a9pkjpz13p1v280vyk-x86_64-unknown-linux-musl-gcc-15.3.0/x86_64-unknown-linux-musl/sys-include/sys/cdefs.h:1:2: warning: #warning usage of non-standard #include <sys/cdefs.h> is deprecated [-Wcpp]
    1 | #warning usage of non-standard #include <sys/cdefs.h> is deprecated
      |  ^~~~~~~
In file included from ./getopt-cdefs.h:32,
                 from ./getopt.h:84,
                 from ./argp.h:29,
                 from argp-version-etc.c:19:
/nix/store/yzx98qlav3kgw6a9pkjpz13p1v280vyk-x86_64-unknown-linux-musl-gcc-15.3.0/x86_64-unknown-linux-musl/sys-include/sys/cdefs.h:1:2: warning: #warning usage of non-standard #include <sys/cdefs.h> is deprecated [-Wcpp]
    1 | #warning usage of non-standard #include <sys/cdefs.h> is deprecated
      |  ^~~~~~~
In file included from ./getopt-cdefs.h:32,
                 from ./getopt.h:84,
                 from argp.h:29,
                 from argp-pvh.c:23:
/nix/store/yzx98qlav3kgw6a9pkjpz13p1v280vyk-x86_64-unknown-linux-musl-gcc-15.3.0/x86_64-unknown-linux-musl/sys-include/sys/cdefs.h:1:2: warning: #warning usage of non-standard #include <sys/cdefs.h> is deprecated [-Wcpp]
    1 | #warning usage of non-standard #include <sys/cdefs.h> is deprecated
      |  ^~~~~~~
In file included from ./getopt-cdefs.h:32,
                 from ./unistd.h:688,
                 from ./fcntl.h:84,
                 from openat-proc.c:26:
/nix/store/yzx98qlav3kgw6a9pkjpz13p1v280vyk-x86_64-unknown-linux-musl-gcc-15.3.0/x86_64-unknown-linux-musl/sys-include/sys/cdefs.h:1:2: warning: #warning usage of non-standard #include <sys/cdefs.h> is deprecated [-Wcpp]
    1 | #warning usage of non-standard #include <sys/cdefs.h> is deprecated
      |  ^~~~~~~
  CC       libgnu_a-bitrotate.o
  CC       libgnu_a-c-ctype.o
In file included from ./getopt-cdefs.h:32,
                 from ./unistd.h:688,
                 from ./fcntl.h:84,
                 from backupfile.h:28,
                 from backup-internal.h:18,
                 from backup-find.c:20:
/nix/store/yzx98qlav3kgw6a9pkjpz13p1v280vyk-x86_64-unknown-linux-musl-gcc-15.3.0/x86_64-unknown-linux-musl/sys-include/sys/cdefs.h:1:2: warning: #warning usage of non-standard #include <sys/cdefs.h> is deprecated [-Wcpp]
    1 | #warning usage of non-standard #include <sys/cdefs.h> is deprecated
      |  ^~~~~~~
  CC       libgnu_a-c-strcasecmp.o
  CC       libgnu_a-c-strncasecmp.o
In file included from ./getopt-cdefs.h:32,
                 from ./unistd.h:688,
                 from ./fcntl.h:84,
                 from backupfile.h:28,
                 from backup-internal.h:18,
                 from backupfile.c:23:
/nix/store/yzx98qlav3kgw6a9pkjpz13p1v280vyk-x86_64-unknown-linux-musl-gcc-15.3.0/x86_64-unknown-linux-musl/sys-include/sys/cdefs.h:1:2: warning: #warning usage of non-standard #include <sys/cdefs.h> is deprecated [-Wcpp]
    1 | #warning usage of non-standard #include <sys/cdefs.h> is deprecated
      |  ^~~~~~~
  CC       libgnu_a-c32isalnum.o
  CC       libgnu_a-c32isalpha.o
  CC       libgnu_a-c32isblank.o
  CC       libgnu_a-c32iscntrl.o
  CC       libgnu_a-c32isdigit.o
  CC       libgnu_a-c32isgraph.o
  CC       libgnu_a-c32islower.o
  CC       libgnu_a-c32isprint.o
  CC       libgnu_a-c32ispunct.o
  CC       libgnu_a-c32isspace.o
  CC       libgnu_a-c32isupper.o
  CC       libgnu_a-c32isxdigit.o
  CC       libgnu_a-c32tolower.o
  CC       libgnu_a-c32width.o
  CC       libgnu_a-canonicalize-lgpl.o
  CC       libgnu_a-careadlinkat.o
  CC       libgnu_a-chdir-long.o
  CC       libgnu_a-cloexec.o
  CC       libgnu_a-close-stream.o
  CC       libgnu_a-closeout.o
In file included from ./getopt-cdefs.h:32,
                 from ./unistd.h:688,
                 from ./fcntl.h:84,
                 from canonicalize-lgpl.c:31:
/nix/store/yzx98qlav3kgw6a9pkjpz13p1v280vyk-x86_64-unknown-linux-musl-gcc-15.3.0/x86_64-unknown-linux-musl/sys-include/sys/cdefs.h:1:2: warning: #warning usage of non-standard #include <sys/cdefs.h> is deprecated [-Wcpp]
    1 | #warning usage of non-standard #include <sys/cdefs.h> is deprecated
      |  ^~~~~~~
  CC       libgnu_a-opendir-safer.o
In file included from ./getopt-cdefs.h:32,
                 from ./unistd.h:688,
                 from ./fcntl.h:84,
                 from careadlinkat.h:28,
                 from careadlinkat.c:23:
/nix/store/yzx98qlav3kgw6a9pkjpz13p1v280vyk-x86_64-unknown-linux-musl-gcc-15.3.0/x86_64-unknown-linux-musl/sys-include/sys/cdefs.h:1:2: warning: #warning usage of non-standard #include <sys/cdefs.h> is deprecated [-Wcpp]
    1 | #warning usage of non-standard #include <sys/cdefs.h> is deprecated
      |  ^~~~~~~
  CC       libgnu_a-dirname.o
In file included from ./getopt-cdefs.h:32,
                 from ./unistd.h:688,
                 from chdir-long.h:19,
                 from chdir-long.c:21:
/nix/store/yzx98qlav3kgw6a9pkjpz13p1v280vyk-x86_64-unknown-linux-musl-gcc-15.3.0/x86_64-unknown-linux-musl/sys-include/sys/cdefs.h:1:2: warning: #warning usage of non-standard #include <sys/cdefs.h> is deprecated [-Wcpp]
    1 | #warning usage of non-standard #include <sys/cdefs.h> is deprecated
      |  ^~~~~~~
  CC       libgnu_a-basename.o
  CC       libgnu_a-dirname-lgpl.o
In file included from ./getopt-cdefs.h:32,
                 from ./unistd.h:688,
                 from ./fcntl.h:84,
                 from cloexec.c:25:
/nix/store/yzx98qlav3kgw6a9pkjpz13p1v280vyk-x86_64-unknown-linux-musl-gcc-15.3.0/x86_64-unknown-linux-musl/sys-include/sys/cdefs.h:1:2: warning: #warning usage of non-standard #include <sys/cdefs.h> is deprecated [-Wcpp]
    1 | #warning usage of non-standard #include <sys/cdefs.h> is deprecated
      |  ^~~~~~~
In file included from ./getopt-cdefs.h:32,
                 from ./unistd.h:688,
                 from closeout.c:25:
/nix/store/yzx98qlav3kgw6a9pkjpz13p1v280vyk-x86_64-unknown-linux-musl-gcc-15.3.0/x86_64-unknown-linux-musl/sys-include/sys/cdefs.h:1:2: warning: #warning usage of non-standard #include <sys/cdefs.h> is deprecated [-Wcpp]
    1 | #warning usage of non-standard #include <sys/cdefs.h> is deprecated
      |  ^~~~~~~
In file included from ./getopt-cdefs.h:32,
                 from ./unistd.h:688,
                 from ./fcntl.h:84,
                 from opendir-safer.c:25:
/nix/store/yzx98qlav3kgw6a9pkjpz13p1v280vyk-x86_64-unknown-linux-musl-gcc-15.3.0/x86_64-unknown-linux-musl/sys-include/sys/cdefs.h:1:2: warning: #warning usage of non-standard #include <sys/cdefs.h> is deprecated [-Wcpp]
    1 | #warning usage of non-standard #include <sys/cdefs.h> is deprecated
      |  ^~~~~~~
  CC       libgnu_a-stripslash.o
  CC       libgnu_a-error.o
  CC       libgnu_a-exclude.o
  CC       libgnu_a-exitfail.o
  CC       libgnu_a-fcntl.o
  CC       libgnu_a-creat-safer.o
  CC       libgnu_a-open-safer.o
  CC       libgnu_a-fd-hook.o
  CC       libgnu_a-fd-safer-flag.o
In file included from ./getopt-cdefs.h:32,
                 from ./unistd.h:688,
                 from ./fcntl.h:84,
                 from error.c:92:
/nix/store/yzx98qlav3kgw6a9pkjpz13p1v280vyk-x86_64-unknown-linux-musl-gcc-15.3.0/x86_64-unknown-linux-musl/sys-include/sys/cdefs.h:1:2: warning: #warning usage of non-standard #include <sys/cdefs.h> is deprecated [-Wcpp]
    1 | #warning usage of non-standard #include <sys/cdefs.h> is deprecated
      |  ^~~~~~~
In file included from ./getopt-cdefs.h:32,
                 from ./unistd.h:688,
                 from ./fcntl.h:84,
                 from fcntl.c:23:
/nix/store/yzx98qlav3kgw6a9pkjpz13p1v280vyk-x86_64-unknown-linux-musl-gcc-15.3.0/x86_64-unknown-linux-musl/sys-include/sys/cdefs.h:1:2: warning: #warning usage of non-standard #include <sys/cdefs.h> is deprecated [-Wcpp]
    1 | #warning usage of non-standard #include <sys/cdefs.h> is deprecated
      |  ^~~~~~~
  CC       libgnu_a-dup-safer-flag.o
In file included from ./getopt-cdefs.h:32,
                 from ./unistd.h:688,
                 from ./fcntl.h:84,
                 from creat-safer.c:24:
/nix/store/yzx98qlav3kgw6a9pkjpz13p1v280vyk-x86_64-unknown-linux-musl-gcc-15.3.0/x86_64-unknown-linux-musl/sys-include/sys/cdefs.h:1:2: warning: #warning usage of non-standard #include <sys/cdefs.h> is deprecated [-Wcpp]
    1 | #warning usage of non-standard #include <sys/cdefs.h> is deprecated
      |  ^~~~~~~
  CC       libgnu_a-fdutimensat.o
  CC       libgnu_a-file-has-acl.o
In file included from ./getopt-cdefs.h:32,
                 from ./unistd.h:688,
                 from ./fcntl.h:84,
                 from open-safer.c:24:
/nix/store/yzx98qlav3kgw6a9pkjpz13p1v280vyk-x86_64-unknown-linux-musl-gcc-15.3.0/x86_64-unknown-linux-musl/sys-include/sys/cdefs.h:1:2: warning: #warning usage of non-standard #include <sys/cdefs.h> is deprecated [-Wcpp]
    1 | #warning usage of non-standard #include <sys/cdefs.h> is deprecated
      |  ^~~~~~~
In file included from ./getopt-cdefs.h:32,
                 from ./unistd.h:688,
                 from fd-safer-flag.c:27:
/nix/store/yzx98qlav3kgw6a9pkjpz13p1v280vyk-x86_64-unknown-linux-musl-gcc-15.3.0/x86_64-unknown-linux-musl/sys-include/sys/cdefs.h:1:2: warning: #warning usage of non-standard #include <sys/cdefs.h> is deprecated [-Wcpp]
    1 | #warning usage of non-standard #include <sys/cdefs.h> is deprecated
      |  ^~~~~~~
  CC       libgnu_a-filenamecat-lgpl.o
  CC       libgnu_a-fprintftime.o
  CC       libgnu_a-free.o
In file included from ./getopt-cdefs.h:32,
                 from ./unistd.h:688,
                 from ./fcntl.h:84,
                 from dup-safer-flag.c:26:
/nix/store/yzx98qlav3kgw6a9pkjpz13p1v280vyk-x86_64-unknown-linux-musl-gcc-15.3.0/x86_64-unknown-linux-musl/sys-include/sys/cdefs.h:1:2: warning: #warning usage of non-standard #include <sys/cdefs.h> is deprecated [-Wcpp]
    1 | #warning usage of non-standard #include <sys/cdefs.h> is deprecated
      |  ^~~~~~~
In file included from ./getopt-cdefs.h:32,
                 from ./unistd.h:688,
                 from ./fcntl.h:84,
                 from utimens.h:31,
                 from fdutimensat.c:24:
/nix/store/yzx98qlav3kgw6a9pkjpz13p1v280vyk-x86_64-unknown-linux-musl-gcc-15.3.0/x86_64-unknown-linux-musl/sys-include/sys/cdefs.h:1:2: warning: #warning usage of non-standard #include <sys/cdefs.h> is deprecated [-Wcpp]
    1 | #warning usage of non-standard #include <sys/cdefs.h> is deprecated
      |  ^~~~~~~
  CC       libgnu_a-full-read.o
  CC       libgnu_a-full-write.o
  CC       libgnu_a-futimens.o
  CC       libgnu_a-getcwd.o
  CC       libgnu_a-getcwd-lgpl.o
  CC       libgnu_a-getopt.o
  CC       libgnu_a-getopt1.o
In file included from ./getopt-cdefs.h:32,
                 from ./unistd.h:688,
                 from ./fcntl.h:84,
                 from utimens.h:31,
                 from futimens.c:23:
/nix/store/yzx98qlav3kgw6a9pkjpz13p1v280vyk-x86_64-unknown-linux-musl-gcc-15.3.0/x86_64-unknown-linux-musl/sys-include/sys/cdefs.h:1:2: warning: #warning usage of non-standard #include <sys/cdefs.h> is deprecated [-Wcpp]
    1 | #warning usage of non-standard #include <sys/cdefs.h> is deprecated
      |  ^~~~~~~
  CC       libgnu_a-getprogname.o
In file included from ./getopt-cdefs.h:32,
                 from ./getopt.h:84,
                 from getopt.h:34,
                 from getopt.c:24:
/nix/store/yzx98qlav3kgw6a9pkjpz13p1v280vyk-x86_64-unknown-linux-musl-gcc-15.3.0/x86_64-unknown-linux-musl/sys-include/sys/cdefs.h:1:2: warning: #warning usage of non-standard #include <sys/cdefs.h> is deprecated [-Wcpp]
    1 | #warning usage of non-standard #include <sys/cdefs.h> is deprecated
      |  ^~~~~~~
  CC       libgnu_a-gettime.o
In file included from ./getopt-cdefs.h:32,
                 from ./getopt.h:84,
                 from getopt.h:34,
                 from getopt1.c:24:
/nix/store/yzx98qlav3kgw6a9pkjpz13p1v280vyk-x86_64-unknown-linux-musl-gcc-15.3.0/x86_64-unknown-linux-musl/sys-include/sys/cdefs.h:1:2: warning: #warning usage of non-standard #include <sys/cdefs.h> is deprecated [-Wcpp]
    1 | #warning usage of non-standard #include <sys/cdefs.h> is deprecated
      |  ^~~~~~~
In file included from ./getopt-cdefs.h:32,
                 from ./unistd.h:688,
                 from getcwd.c:20:
/nix/store/yzx98qlav3kgw6a9pkjpz13p1v280vyk-x86_64-unknown-linux-musl-gcc-15.3.0/x86_64-unknown-linux-musl/sys-include/sys/cdefs.h:1:2: warning: #warning usage of non-standard #include <sys/cdefs.h> is deprecated [-Wcpp]
    1 | #warning usage of non-standard #include <sys/cdefs.h> is deprecated
      |  ^~~~~~~
  CC       libgnu_a-group-member.o
  CC       libgnu_a-hard-locale.o
In file included from ./getopt-cdefs.h:32,
                 from ./unistd.h:688,
                 from getcwd-lgpl.c:20:
/nix/store/yzx98qlav3kgw6a9pkjpz13p1v280vyk-x86_64-unknown-linux-musl-gcc-15.3.0/x86_64-unknown-linux-musl/sys-include/sys/cdefs.h:1:2: warning: #warning usage of non-standard #include <sys/cdefs.h> is deprecated [-Wcpp]
    1 | #warning usage of non-standard #include <sys/cdefs.h> is deprecated
      |  ^~~~~~~
  CC       libgnu_a-hash.o
  CC       libgnu_a-human.o
In file included from ./getopt-cdefs.h:32,
                 from ./unistd.h:688,
                 from group-member.c:22:
/nix/store/yzx98qlav3kgw6a9pkjpz13p1v280vyk-x86_64-unknown-linux-musl-gcc-15.3.0/x86_64-unknown-linux-musl/sys-include/sys/cdefs.h:1:2: warning: #warning usage of non-standard #include <sys/cdefs.h> is deprecated [-Wcpp]
    1 | #warning usage of non-standard #include <sys/cdefs.h> is deprecated
      |  ^~~~~~~
  CC       libgnu_a-ialloc.o
  CC       libgnu_a-imaxtostr.o
In file included from ./getopt-cdefs.h:32,
                 from ./unistd.h:688,
                 from human.h:25,
                 from human.c:22:
/nix/store/yzx98qlav3kgw6a9pkjpz13p1v280vyk-x86_64-unknown-linux-musl-gcc-15.3.0/x86_64-unknown-linux-musl/sys-include/sys/cdefs.h:1:2: warning: #warning usage of non-standard #include <sys/cdefs.h> is deprecated [-Wcpp]
    1 | #warning usage of non-standard #include <sys/cdefs.h> is deprecated
      |  ^~~~~~~
  CC       libgnu_a-inttostr.o
  CC       libgnu_a-offtostr.o
  CC       libgnu_a-uinttostr.o
  CC       libgnu_a-umaxtostr.o
  CC       libgnu_a-localcharset.o
  CC       libgnu_a-malloca.o
  CC       libgnu_a-mbchar.o
  CC       libgnu_a-mbscasecmp.o
  CC       libgnu_a-mbuiter.o
  CC       libgnu_a-modechange.o
  CC       libgnu_a-nl_langinfo.o
  CC       libgnu_a-nstrftime.o
  CC       libgnu_a-obstack.o
  CC       libgnu_a-openat-die.o
  CC       libgnu_a-openat-safer.o
  CC       libgnu_a-opendirat.o
In file included from ./getopt-cdefs.h:32,
                 from ./unistd.h:688,
                 from ./fcntl.h:84,
                 from openat.h:28,
                 from openat-die.c:20:
/nix/store/yzx98qlav3kgw6a9pkjpz13p1v280vyk-x86_64-unknown-linux-musl-gcc-15.3.0/x86_64-unknown-linux-musl/sys-include/sys/cdefs.h:1:2: warning: #warning usage of non-standard #include <sys/cdefs.h> is deprecated [-Wcpp]
    1 | #warning usage of non-standard #include <sys/cdefs.h> is deprecated
      |  ^~~~~~~
  CC       libgnu_a-parse-datetime.o
In file included from ./getopt-cdefs.h:32,
                 from ./unistd.h:688,
                 from ./fcntl.h:84,
                 from openat-safer.c:24:
/nix/store/yzx98qlav3kgw6a9pkjpz13p1v280vyk-x86_64-unknown-linux-musl-gcc-15.3.0/x86_64-unknown-linux-musl/sys-include/sys/cdefs.h:1:2: warning: #warning usage of non-standard #include <sys/cdefs.h> is deprecated [-Wcpp]
    1 | #warning usage of non-standard #include <sys/cdefs.h> is deprecated
      |  ^~~~~~~
In file included from ./getopt-cdefs.h:32,
                 from ./unistd.h:688,
                 from ./fcntl.h:84,
                 from ./fcntl--.h:20,
                 from opendirat.c:25:
/nix/store/yzx98qlav3kgw6a9pkjpz13p1v280vyk-x86_64-unknown-linux-musl-gcc-15.3.0/x86_64-unknown-linux-musl/sys-include/sys/cdefs.h:1:2: warning: #warning usage of non-standard #include <sys/cdefs.h> is deprecated [-Wcpp]
    1 | #warning usage of non-standard #include <sys/cdefs.h> is deprecated
      |  ^~~~~~~
  CC       libgnu_a-priv-set.o
  CC       libgnu_a-progname.o
  CC       libgnu_a-quotearg.o
  CC       libgnu_a-rawmemchr.o
  CC       libgnu_a-regex.o
  CC       libgnu_a-renameatu.o
  CC       libgnu_a-rpmatch.o
  CC       libgnu_a-safe-read.o
In file included from ./getopt-cdefs.h:32,
                 from ./unistd.h:688,
                 from renameatu.c:26:
/nix/store/yzx98qlav3kgw6a9pkjpz13p1v280vyk-x86_64-unknown-linux-musl-gcc-15.3.0/x86_64-unknown-linux-musl/sys-include/sys/cdefs.h:1:2: warning: #warning usage of non-standard #include <sys/cdefs.h> is deprecated [-Wcpp]
    1 | #warning usage of non-standard #include <sys/cdefs.h> is deprecated
      |  ^~~~~~~
In file included from ./getopt-cdefs.h:32,
                 from ./unistd.h:688,
                 from safe-read.c:30:
/nix/store/yzx98qlav3kgw6a9pkjpz13p1v280vyk-x86_64-unknown-linux-musl-gcc-15.3.0/x86_64-unknown-linux-musl/sys-include/sys/cdefs.h:1:2: warning: #warning usage of non-standard #include <sys/cdefs.h> is deprecated [-Wcpp]
    1 | #warning usage of non-standard #include <sys/cdefs.h> is deprecated
      |  ^~~~~~~
  CC       libgnu_a-safe-write.o
  CC       libgnu_a-save-cwd.o
  CC       libgnu_a-savedir.o
  CC       libgnu_a-selinux-at.o
In file included from ./getopt-cdefs.h:32,
                 from ./unistd.h:688,
                 from safe-read.c:30,
                 from safe-write.c:18:
/nix/store/yzx98qlav3kgw6a9pkjpz13p1v280vyk-x86_64-unknown-linux-musl-gcc-15.3.0/x86_64-unknown-linux-musl/sys-include/sys/cdefs.h:1:2: warning: #warning usage of non-standard #include <sys/cdefs.h> is deprecated [-Wcpp]
    1 | #warning usage of non-standard #include <sys/cdefs.h> is deprecated
      |  ^~~~~~~
  CC       libgnu_a-se-context.o
In file included from ./getopt-cdefs.h:32,
                 from ./unistd.h:688,
                 from ./fcntl.h:84,
                 from save-cwd.c:26:
/nix/store/yzx98qlav3kgw6a9pkjpz13p1v280vyk-x86_64-unknown-linux-musl-gcc-15.3.0/x86_64-unknown-linux-musl/sys-include/sys/cdefs.h:1:2: warning: #warning usage of non-standard #include <sys/cdefs.h> is deprecated [-Wcpp]
    1 | #warning usage of non-standard #include <sys/cdefs.h> is deprecated
      |  ^~~~~~~
In file included from ./getopt-cdefs.h:32,
                 from ./unistd.h:688,
                 from ./fcntl.h:84,
                 from openat.h:28,
                 from selinux-at.c:22:
/nix/store/yzx98qlav3kgw6a9pkjpz13p1v280vyk-x86_64-unknown-linux-musl-gcc-15.3.0/x86_64-unknown-linux-musl/sys-include/sys/cdefs.h:1:2: warning: #warning usage of non-standard #include <sys/cdefs.h> is deprecated [-Wcpp]
    1 | #warning usage of non-standard #include <sys/cdefs.h> is deprecated
      |  ^~~~~~~
  CC       libgnu_a-se-label.o
  CC       libgnu_a-se-selinux.o
  CC       libgnu_a-setlocale_null.o
  CC       libgnu_a-setlocale-lock.o
  CC       libgnu_a-stat-time.o
  CC       libgnu_a-stdopen.o
  CC       libgnu_a-strnlen1.o
  CC       libgnu_a-strtol.o
In file included from ./getopt-cdefs.h:32,
                 from ./unistd.h:688,
                 from ./fcntl.h:84,
                 from stdopen.c:25:
/nix/store/yzx98qlav3kgw6a9pkjpz13p1v280vyk-x86_64-unknown-linux-musl-gcc-15.3.0/x86_64-unknown-linux-musl/sys-include/sys/cdefs.h:1:2: warning: #warning usage of non-standard #include <sys/cdefs.h> is deprecated [-Wcpp]
    1 | #warning usage of non-standard #include <sys/cdefs.h> is deprecated
      |  ^~~~~~~
  CC       libgnu_a-strtoll.o
  CC       libgnu_a-strtoul.o
  CC       libgnu_a-strtoull.o
  CC       libgnu_a-tempname.o
  CC       libgnu_a-time_rz.o
  CC       libgnu_a-timespec.o
In file included from ./getopt-cdefs.h:32,
                 from ./unistd.h:688,
                 from ./fcntl.h:84,
                 from tempname.c:42:
/nix/store/yzx98qlav3kgw6a9pkjpz13p1v280vyk-x86_64-unknown-linux-musl-gcc-15.3.0/x86_64-unknown-linux-musl/sys-include/sys/cdefs.h:1:2: warning: #warning usage of non-standard #include <sys/cdefs.h> is deprecated [-Wcpp]
    1 | #warning usage of non-standard #include <sys/cdefs.h> is deprecated
      |  ^~~~~~~
  CC       libgnu_a-timespec-sub.o
  CC       libgnu_a-unistd.o
  CC       libgnu_a-dup-safer.o
  CC       libgnu_a-fd-safer.o
  CC       libgnu_a-pipe-safer.o
In file included from ./getopt-cdefs.h:32,
                 from unistd.h:688,
                 from unistd.c:21:
/nix/store/yzx98qlav3kgw6a9pkjpz13p1v280vyk-x86_64-unknown-linux-musl-gcc-15.3.0/x86_64-unknown-linux-musl/sys-include/sys/cdefs.h:1:2: warning: #warning usage of non-standard #include <sys/cdefs.h> is deprecated [-Wcpp]
    1 | #warning usage of non-standard #include <sys/cdefs.h> is deprecated
      |  ^~~~~~~
  CC       libgnu_a-unlinkdir.o
In file included from ./getopt-cdefs.h:32,
                 from ./unistd.h:688,
                 from pipe-safer.c:23:
/nix/store/yzx98qlav3kgw6a9pkjpz13p1v280vyk-x86_64-unknown-linux-musl-gcc-15.3.0/x86_64-unknown-linux-musl/sys-include/sys/cdefs.h:1:2: warning: #warning usage of non-standard #include <sys/cdefs.h> is deprecated [-Wcpp]
    1 | #warning usage of non-standard #include <sys/cdefs.h> is deprecated
      |  ^~~~~~~
In file included from ./getopt-cdefs.h:32,
                 from ./unistd.h:688,
                 from fd-safer.c:25:
/nix/store/yzx98qlav3kgw6a9pkjpz13p1v280vyk-x86_64-unknown-linux-musl-gcc-15.3.0/x86_64-unknown-linux-musl/sys-include/sys/cdefs.h:1:2: warning: #warning usage of non-standard #include <sys/cdefs.h> is deprecated [-Wcpp]
    1 | #warning usage of non-standard #include <sys/cdefs.h> is deprecated
      |  ^~~~~~~
  CC       libgnu_a-utimens.o
  CC       libgnu_a-version-etc.o
In file included from ./getopt-cdefs.h:32,
                 from ./unistd.h:688,
                 from ./fcntl.h:84,
                 from dup-safer.c:24:
/nix/store/yzx98qlav3kgw6a9pkjpz13p1v280vyk-x86_64-unknown-linux-musl-gcc-15.3.0/x86_64-unknown-linux-musl/sys-include/sys/cdefs.h:1:2: warning: #warning usage of non-standard #include <sys/cdefs.h> is deprecated [-Wcpp]
    1 | #warning usage of non-standard #include <sys/cdefs.h> is deprecated
      |  ^~~~~~~
  CC       libgnu_a-version-etc-fsf.o
In file included from ./getopt-cdefs.h:32,
                 from ./unistd.h:688,
                 from unlinkdir.c:25:
/nix/store/yzx98qlav3kgw6a9pkjpz13p1v280vyk-x86_64-unknown-linux-musl-gcc-15.3.0/x86_64-unknown-linux-musl/sys-include/sys/cdefs.h:1:2: warning: #warning usage of non-standard #include <sys/cdefs.h> is deprecated [-Wcpp]
    1 | #warning usage of non-standard #include <sys/cdefs.h> is deprecated
      |  ^~~~~~~
  CC       libgnu_a-wctype-h.o
  CC       libgnu_a-wmempcpy.o
  CC       libgnu_a-xmalloc.o
  CC       libgnu_a-xalloc-die.o
  CC       libgnu_a-xgetcwd.o
In file included from ./getopt-cdefs.h:32,
                 from ./unistd.h:688,
                 from ./fcntl.h:84,
                 from utimens.h:31,
                 from utimens.c:25:
/nix/store/yzx98qlav3kgw6a9pkjpz13p1v280vyk-x86_64-unknown-linux-musl-gcc-15.3.0/x86_64-unknown-linux-musl/sys-include/sys/cdefs.h:1:2: warning: #warning usage of non-standard #include <sys/cdefs.h> is deprecated [-Wcpp]
    1 | #warning usage of non-standard #include <sys/cdefs.h> is deprecated
      |  ^~~~~~~
  CC       libgnu_a-xsize.o
  CC       libgnu_a-xstrtol.o
In file included from ./getopt-cdefs.h:32,
                 from ./unistd.h:688,
                 from xgetcwd.c:26:
/nix/store/yzx98qlav3kgw6a9pkjpz13p1v280vyk-x86_64-unknown-linux-musl-gcc-15.3.0/x86_64-unknown-linux-musl/sys-include/sys/cdefs.h:1:2: warning: #warning usage of non-standard #include <sys/cdefs.h> is deprecated [-Wcpp]
    1 | #warning usage of non-standard #include <sys/cdefs.h> is deprecated
      |  ^~~~~~~
  CC       libgnu_a-xstrtoul.o
  CC       libgnu_a-xstrtoumax.o
  CC       libgnu_a-xvasprintf.o
  CC       libgnu_a-xasprintf.o
  CC       asnprintf.o
  CC       fnmatch.o
  CC       mktime.o
  CC       printf-args.o
  CC       printf-parse.o
  CC       vasnprintf.o
  CC       malloc/libgnu_a-dynarray_at_failure.o
  CC       malloc/libgnu_a-dynarray_emplace_enlarge.o
  CC       malloc/libgnu_a-dynarray_finalize.o
  CC       malloc/libgnu_a-dynarray_resize.o
  CC       malloc/libgnu_a-dynarray_resize_clear.o
  CC       malloc/libgnu_a-scratch_buffer_grow.o
  CC       malloc/libgnu_a-scratch_buffer_grow_preserve.o
  CC       malloc/libgnu_a-scratch_buffer_set_array_size.o
  CC       unicase/libgnu_a-tolower.o
  CC       unictype/libgnu_a-ctype_alnum.o
  CC       unictype/libgnu_a-ctype_alpha.o
  CC       unictype/libgnu_a-ctype_blank.o
  CC       unictype/libgnu_a-ctype_cntrl.o
  CC       unictype/libgnu_a-ctype_digit.o
  CC       unictype/libgnu_a-ctype_graph.o
  CC       unictype/libgnu_a-ctype_lower.o
  CC       unictype/libgnu_a-ctype_print.o
  CC       unictype/libgnu_a-ctype_punct.o
  CC       unictype/libgnu_a-ctype_space.o
  CC       unictype/libgnu_a-ctype_upper.o
  CC       unictype/libgnu_a-ctype_xdigit.o
  CC       uniwidth/libgnu_a-width.o
  AR       libgnu.a
make[4]: Leaving directory '/home/samson/Projects/clojv3/store/tmp/tar-1.35/tar-1.35/gnu'
make[3]: Leaving directory '/home/samson/Projects/clojv3/store/tmp/tar-1.35/tar-1.35/gnu'
make[2]: Leaving directory '/home/samson/Projects/clojv3/store/tmp/tar-1.35/tar-1.35/gnu'
Making all in lib
make[2]: Entering directory '/home/samson/Projects/clojv3/store/tmp/tar-1.35/tar-1.35/lib'
  GEN      rmt-command.h
make  all-am
make[3]: Entering directory '/home/samson/Projects/clojv3/store/tmp/tar-1.35/tar-1.35/lib'
  CC       paxerror.o
  CC       paxexit-status.o
  CC       paxnames.o
  CC       rtapelib.o
  CC       wordsplit.o
  CC       xattr-at.o
In file included from ../gnu/getopt-cdefs.h:32,
                 from ../gnu/unistd.h:688,
                 from wordsplit.c:23:
/nix/store/yzx98qlav3kgw6a9pkjpz13p1v280vyk-x86_64-unknown-linux-musl-gcc-15.3.0/x86_64-unknown-linux-musl/sys-include/sys/cdefs.h:1:2: warning: #warning usage of non-standard #include <sys/cdefs.h> is deprecated [-Wcpp]
    1 | #warning usage of non-standard #include <sys/cdefs.h> is deprecated
      |  ^~~~~~~
In file included from ../gnu/getopt-cdefs.h:32,
                 from ../gnu/unistd.h:688,
                 from ../gnu/fcntl.h:84,
                 from ./system.h:76,
                 from paxexit-status.c:1:
/nix/store/yzx98qlav3kgw6a9pkjpz13p1v280vyk-x86_64-unknown-linux-musl-gcc-15.3.0/x86_64-unknown-linux-musl/sys-include/sys/cdefs.h:1:2: warning: #warning usage of non-standard #include <sys/cdefs.h> is deprecated [-Wcpp]
    1 | #warning usage of non-standard #include <sys/cdefs.h> is deprecated
      |  ^~~~~~~
In file included from ../gnu/getopt-cdefs.h:32,
                 from ../gnu/unistd.h:688,
                 from ../gnu/fcntl.h:84,
                 from ../gnu/openat.h:28,
                 from xattr-at.c:22:
/nix/store/yzx98qlav3kgw6a9pkjpz13p1v280vyk-x86_64-unknown-linux-musl-gcc-15.3.0/x86_64-unknown-linux-musl/sys-include/sys/cdefs.h:1:2: warning: #warning usage of non-standard #include <sys/cdefs.h> is deprecated [-Wcpp]
    1 | #warning usage of non-standard #include <sys/cdefs.h> is deprecated
      |  ^~~~~~~
In file included from ../gnu/getopt-cdefs.h:32,
                 from ../gnu/unistd.h:688,
                 from ../gnu/fcntl.h:84,
                 from system.h:76,
                 from rtapelib.c:34:
/nix/store/yzx98qlav3kgw6a9pkjpz13p1v280vyk-x86_64-unknown-linux-musl-gcc-15.3.0/x86_64-unknown-linux-musl/sys-include/sys/cdefs.h:1:2: warning: #warning usage of non-standard #include <sys/cdefs.h> is deprecated [-Wcpp]
    1 | #warning usage of non-standard #include <sys/cdefs.h> is deprecated
      |  ^~~~~~~
In file included from ../gnu/getopt-cdefs.h:32,
                 from ../gnu/unistd.h:688,
                 from ../gnu/fcntl.h:84,
                 from ./system.h:76,
                 from paxnames.c:18:
/nix/store/yzx98qlav3kgw6a9pkjpz13p1v280vyk-x86_64-unknown-linux-musl-gcc-15.3.0/x86_64-unknown-linux-musl/sys-include/sys/cdefs.h:1:2: warning: #warning usage of non-standard #include <sys/cdefs.h> is deprecated [-Wcpp]
    1 | #warning usage of non-standard #include <sys/cdefs.h> is deprecated
      |  ^~~~~~~
In file included from ../gnu/getopt-cdefs.h:32,
                 from ../gnu/unistd.h:688,
                 from ../gnu/fcntl.h:84,
                 from ./system.h:76,
                 from paxerror.c:19:
/nix/store/yzx98qlav3kgw6a9pkjpz13p1v280vyk-x86_64-unknown-linux-musl-gcc-15.3.0/x86_64-unknown-linux-musl/sys-include/sys/cdefs.h:1:2: warning: #warning usage of non-standard #include <sys/cdefs.h> is deprecated [-Wcpp]
    1 | #warning usage of non-standard #include <sys/cdefs.h> is deprecated
      |  ^~~~~~~
  AR       libtar.a
make[3]: Leaving directory '/home/samson/Projects/clojv3/store/tmp/tar-1.35/tar-1.35/lib'
make[2]: Leaving directory '/home/samson/Projects/clojv3/store/tmp/tar-1.35/tar-1.35/lib'
Making all in rmt
make[2]: Entering directory '/home/samson/Projects/clojv3/store/tmp/tar-1.35/tar-1.35/rmt'
  CC       rmt.o
In file included from ../gnu/getopt-cdefs.h:32,
                 from ../gnu/unistd.h:688,
                 from ../gnu/fcntl.h:84,
                 from ../lib/system.h:76,
                 from rmt.c:17:
/nix/store/yzx98qlav3kgw6a9pkjpz13p1v280vyk-x86_64-unknown-linux-musl-gcc-15.3.0/x86_64-unknown-linux-musl/sys-include/sys/cdefs.h:1:2: warning: #warning usage of non-standard #include <sys/cdefs.h> is deprecated [-Wcpp]
    1 | #warning usage of non-standard #include <sys/cdefs.h> is deprecated
      |  ^~~~~~~
  CCLD     rmt
make[2]: Leaving directory '/home/samson/Projects/clojv3/store/tmp/tar-1.35/tar-1.35/rmt'
Making all in src
make[2]: Entering directory '/home/samson/Projects/clojv3/store/tmp/tar-1.35/tar-1.35/src'
  CC       buffer.o
  CC       checkpoint.o
  CC       compare.o
  CC       create.o
  CC       delete.o
  CC       exit.o
  CC       extract.o
  CC       exclist.o
  CC       xheader.o
  CC       incremen.o
  CC       list.o
  CC       map.o
In file included from ../gnu/getopt-cdefs.h:32,
                 from ../gnu/unistd.h:688,
                 from ../gnu/fcntl.h:84,
                 from ../lib/system.h:76,
                 from create.c:22:
/nix/store/yzx98qlav3kgw6a9pkjpz13p1v280vyk-x86_64-unknown-linux-musl-gcc-15.3.0/x86_64-unknown-linux-musl/sys-include/sys/cdefs.h:1:2: warning: #warning usage of non-standard #include <sys/cdefs.h> is deprecated [-Wcpp]
    1 | #warning usage of non-standard #include <sys/cdefs.h> is deprecated
      |  ^~~~~~~
In file included from ../gnu/getopt-cdefs.h:32,
                 from ../gnu/unistd.h:688,
                 from ../gnu/fcntl.h:84,
                 from ../lib/system.h:76,
                 from exit.c:20:
/nix/store/yzx98qlav3kgw6a9pkjpz13p1v280vyk-x86_64-unknown-linux-musl-gcc-15.3.0/x86_64-unknown-linux-musl/sys-include/sys/cdefs.h:1:2: warning: #warning usage of non-standard #include <sys/cdefs.h> is deprecated [-Wcpp]
    1 | #warning usage of non-standard #include <sys/cdefs.h> is deprecated
      |  ^~~~~~~
In file included from ../gnu/getopt-cdefs.h:32,
                 from ../gnu/unistd.h:688,
                 from ../gnu/fcntl.h:84,
                 from ../lib/system.h:76,
                 from xheader.c:20:
/nix/store/yzx98qlav3kgw6a9pkjpz13p1v280vyk-x86_64-unknown-linux-musl-gcc-15.3.0/x86_64-unknown-linux-musl/sys-include/sys/cdefs.h:1:2: warning: #warning usage of non-standard #include <sys/cdefs.h> is deprecated [-Wcpp]
    1 | #warning usage of non-standard #include <sys/cdefs.h> is deprecated
      |  ^~~~~~~
In file included from ../gnu/getopt-cdefs.h:32,
                 from ../gnu/unistd.h:688,
                 from ../gnu/fcntl.h:84,
                 from ../lib/system.h:76,
                 from exclist.c:20:
/nix/store/yzx98qlav3kgw6a9pkjpz13p1v280vyk-x86_64-unknown-linux-musl-gcc-15.3.0/x86_64-unknown-linux-musl/sys-include/sys/cdefs.h:1:2: warning: #warning usage of non-standard #include <sys/cdefs.h> is deprecated [-Wcpp]
    1 | #warning usage of non-standard #include <sys/cdefs.h> is deprecated
      |  ^~~~~~~
In file included from ../gnu/getopt-cdefs.h:32,
                 from ../gnu/unistd.h:688,
                 from ../gnu/fcntl.h:84,
                 from ../lib/system.h:76,
                 from buffer.c:22:
/nix/store/yzx98qlav3kgw6a9pkjpz13p1v280vyk-x86_64-unknown-linux-musl-gcc-15.3.0/x86_64-unknown-linux-musl/sys-include/sys/cdefs.h:1:2: warning: #warning usage of non-standard #include <sys/cdefs.h> is deprecated [-Wcpp]
    1 | #warning usage of non-standard #include <sys/cdefs.h> is deprecated
      |  ^~~~~~~
In file included from ../gnu/getopt-cdefs.h:32,
                 from ../gnu/unistd.h:688,
                 from ../gnu/fcntl.h:84,
                 from ../lib/system.h:76,
                 from checkpoint.c:20:
/nix/store/yzx98qlav3kgw6a9pkjpz13p1v280vyk-x86_64-unknown-linux-musl-gcc-15.3.0/x86_64-unknown-linux-musl/sys-include/sys/cdefs.h:1:2: warning: #warning usage of non-standard #include <sys/cdefs.h> is deprecated [-Wcpp]
    1 | #warning usage of non-standard #include <sys/cdefs.h> is deprecated
      |  ^~~~~~~
In file included from ../gnu/getopt-cdefs.h:32,
                 from ../gnu/unistd.h:688,
                 from ../gnu/fcntl.h:84,
                 from ../lib/system.h:76,
                 from map.c:20:
/nix/store/yzx98qlav3kgw6a9pkjpz13p1v280vyk-x86_64-unknown-linux-musl-gcc-15.3.0/x86_64-unknown-linux-musl/sys-include/sys/cdefs.h:1:2: warning: #warning usage of non-standard #include <sys/cdefs.h> is deprecated [-Wcpp]
    1 | #warning usage of non-standard #include <sys/cdefs.h> is deprecated
      |  ^~~~~~~
In file included from ../gnu/getopt-cdefs.h:32,
                 from ../gnu/unistd.h:688,
                 from ../gnu/fcntl.h:84,
                 from ../lib/system.h:76,
                 from incremen.c:20:
/nix/store/yzx98qlav3kgw6a9pkjpz13p1v280vyk-x86_64-unknown-linux-musl-gcc-15.3.0/x86_64-unknown-linux-musl/sys-include/sys/cdefs.h:1:2: warning: #warning usage of non-standard #include <sys/cdefs.h> is deprecated [-Wcpp]
    1 | #warning usage of non-standard #include <sys/cdefs.h> is deprecated
      |  ^~~~~~~
In file included from ../gnu/getopt-cdefs.h:32,
                 from ../gnu/unistd.h:688,
                 from ../gnu/fcntl.h:84,
                 from ../lib/system.h:76,
                 from list.c:22:
/nix/store/yzx98qlav3kgw6a9pkjpz13p1v280vyk-x86_64-unknown-linux-musl-gcc-15.3.0/x86_64-unknown-linux-musl/sys-include/sys/cdefs.h:1:2: warning: #warning usage of non-standard #include <sys/cdefs.h> is deprecated [-Wcpp]
    1 | #warning usage of non-standard #include <sys/cdefs.h> is deprecated
      |  ^~~~~~~
In file included from ../gnu/getopt-cdefs.h:32,
                 from ../gnu/unistd.h:688,
                 from ../gnu/fcntl.h:84,
                 from ../lib/system.h:76,
                 from delete.c:20:
/nix/store/yzx98qlav3kgw6a9pkjpz13p1v280vyk-x86_64-unknown-linux-musl-gcc-15.3.0/x86_64-unknown-linux-musl/sys-include/sys/cdefs.h:1:2: warning: #warning usage of non-standard #include <sys/cdefs.h> is deprecated [-Wcpp]
    1 | #warning usage of non-standard #include <sys/cdefs.h> is deprecated
      |  ^~~~~~~
In file included from ../gnu/getopt-cdefs.h:32,
                 from ../gnu/unistd.h:688,
                 from ../gnu/fcntl.h:84,
                 from ../lib/system.h:76,
                 from compare.c:22:
/nix/store/yzx98qlav3kgw6a9pkjpz13p1v280vyk-x86_64-unknown-linux-musl-gcc-15.3.0/x86_64-unknown-linux-musl/sys-include/sys/cdefs.h:1:2: warning: #warning usage of non-standard #include <sys/cdefs.h> is deprecated [-Wcpp]
    1 | #warning usage of non-standard #include <sys/cdefs.h> is deprecated
      |  ^~~~~~~
In file included from ../gnu/getopt-cdefs.h:32,
                 from ../gnu/unistd.h:688,
                 from ../gnu/fcntl.h:84,
                 from ../lib/system.h:76,
                 from extract.c:22:
/nix/store/yzx98qlav3kgw6a9pkjpz13p1v280vyk-x86_64-unknown-linux-musl-gcc-15.3.0/x86_64-unknown-linux-musl/sys-include/sys/cdefs.h:1:2: warning: #warning usage of non-standard #include <sys/cdefs.h> is deprecated [-Wcpp]
    1 | #warning usage of non-standard #include <sys/cdefs.h> is deprecated
      |  ^~~~~~~
  CC       misc.o
In file included from ../gnu/getopt-cdefs.h:32,
                 from ../gnu/unistd.h:688,
                 from ../gnu/fcntl.h:84,
                 from ../lib/system.h:76,
                 from misc.c:19:
/nix/store/yzx98qlav3kgw6a9pkjpz13p1v280vyk-x86_64-unknown-linux-musl-gcc-15.3.0/x86_64-unknown-linux-musl/sys-include/sys/cdefs.h:1:2: warning: #warning usage of non-standard #include <sys/cdefs.h> is deprecated [-Wcpp]
    1 | #warning usage of non-standard #include <sys/cdefs.h> is deprecated
      |  ^~~~~~~
  CC       names.o
In file included from ../gnu/getopt-cdefs.h:32,
                 from ../gnu/unistd.h:688,
                 from ../gnu/fcntl.h:84,
                 from ../lib/system.h:76,
                 from names.c:18:
/nix/store/yzx98qlav3kgw6a9pkjpz13p1v280vyk-x86_64-unknown-linux-musl-gcc-15.3.0/x86_64-unknown-linux-musl/sys-include/sys/cdefs.h:1:2: warning: #warning usage of non-standard #include <sys/cdefs.h> is deprecated [-Wcpp]
    1 | #warning usage of non-standard #include <sys/cdefs.h> is deprecated
      |  ^~~~~~~
  CC       sparse.o
  CC       suffix.o
  CC       system.o
In file included from ../gnu/getopt-cdefs.h:32,
                 from ../gnu/unistd.h:688,
                 from ../gnu/fcntl.h:84,
                 from ../lib/system.h:76,
                 from sparse.c:18:
/nix/store/yzx98qlav3kgw6a9pkjpz13p1v280vyk-x86_64-unknown-linux-musl-gcc-15.3.0/x86_64-unknown-linux-musl/sys-include/sys/cdefs.h:1:2: warning: #warning usage of non-standard #include <sys/cdefs.h> is deprecated [-Wcpp]
    1 | #warning usage of non-standard #include <sys/cdefs.h> is deprecated
      |  ^~~~~~~
In file included from ../gnu/getopt-cdefs.h:32,
                 from ../gnu/unistd.h:688,
                 from ../gnu/fcntl.h:84,
                 from ../lib/system.h:76,
                 from suffix.c:19:
/nix/store/yzx98qlav3kgw6a9pkjpz13p1v280vyk-x86_64-unknown-linux-musl-gcc-15.3.0/x86_64-unknown-linux-musl/sys-include/sys/cdefs.h:1:2: warning: #warning usage of non-standard #include <sys/cdefs.h> is deprecated [-Wcpp]
    1 | #warning usage of non-standard #include <sys/cdefs.h> is deprecated
      |  ^~~~~~~
In file included from ../gnu/getopt-cdefs.h:32,
                 from ../gnu/unistd.h:688,
                 from ../gnu/fcntl.h:84,
                 from ../lib/system.h:76,
                 from system.c:18:
/nix/store/yzx98qlav3kgw6a9pkjpz13p1v280vyk-x86_64-unknown-linux-musl-gcc-15.3.0/x86_64-unknown-linux-musl/sys-include/sys/cdefs.h:1:2: warning: #warning usage of non-standard #include <sys/cdefs.h> is deprecated [-Wcpp]
    1 | #warning usage of non-standard #include <sys/cdefs.h> is deprecated
      |  ^~~~~~~
  CC       tar.o
  CC       transform.o
In file included from ../gnu/getopt-cdefs.h:32,
                 from ../gnu/unistd.h:688,
                 from ../gnu/fcntl.h:84,
                 from ../lib/system.h:76,
                 from tar.c:20:
/nix/store/yzx98qlav3kgw6a9pkjpz13p1v280vyk-x86_64-unknown-linux-musl-gcc-15.3.0/x86_64-unknown-linux-musl/sys-include/sys/cdefs.h:1:2: warning: #warning usage of non-standard #include <sys/cdefs.h> is deprecated [-Wcpp]
    1 | #warning usage of non-standard #include <sys/cdefs.h> is deprecated
      |  ^~~~~~~
In file included from ../gnu/getopt-cdefs.h:32,
                 from ../gnu/unistd.h:688,
                 from ../gnu/fcntl.h:84,
                 from ../lib/system.h:76,
                 from transform.c:17:
/nix/store/yzx98qlav3kgw6a9pkjpz13p1v280vyk-x86_64-unknown-linux-musl-gcc-15.3.0/x86_64-unknown-linux-musl/sys-include/sys/cdefs.h:1:2: warning: #warning usage of non-standard #include <sys/cdefs.h> is deprecated [-Wcpp]
    1 | #warning usage of non-standard #include <sys/cdefs.h> is deprecated
      |  ^~~~~~~
  CC       unlink.o
In file included from ../gnu/getopt-cdefs.h:32,
                 from ../gnu/unistd.h:688,
                 from ../gnu/fcntl.h:84,
                 from ../lib/system.h:76,
                 from unlink.c:20:
/nix/store/yzx98qlav3kgw6a9pkjpz13p1v280vyk-x86_64-unknown-linux-musl-gcc-15.3.0/x86_64-unknown-linux-musl/sys-include/sys/cdefs.h:1:2: warning: #warning usage of non-standard #include <sys/cdefs.h> is deprecated [-Wcpp]
    1 | #warning usage of non-standard #include <sys/cdefs.h> is deprecated
      |  ^~~~~~~
  CC       update.o
  CC       utf8.o
In file included from ../gnu/getopt-cdefs.h:32,
                 from ../gnu/unistd.h:688,
                 from ../gnu/fcntl.h:84,
                 from ../lib/system.h:76,
                 from update.c:25:
/nix/store/yzx98qlav3kgw6a9pkjpz13p1v280vyk-x86_64-unknown-linux-musl-gcc-15.3.0/x86_64-unknown-linux-musl/sys-include/sys/cdefs.h:1:2: warning: #warning usage of non-standard #include <sys/cdefs.h> is deprecated [-Wcpp]
    1 | #warning usage of non-standard #include <sys/cdefs.h> is deprecated
      |  ^~~~~~~
In file included from ../gnu/getopt-cdefs.h:32,
                 from ../gnu/unistd.h:688,
                 from ../gnu/fcntl.h:84,
                 from ../lib/system.h:76,
                 from utf8.c:20:
/nix/store/yzx98qlav3kgw6a9pkjpz13p1v280vyk-x86_64-unknown-linux-musl-gcc-15.3.0/x86_64-unknown-linux-musl/sys-include/sys/cdefs.h:1:2: warning: #warning usage of non-standard #include <sys/cdefs.h> is deprecated [-Wcpp]
    1 | #warning usage of non-standard #include <sys/cdefs.h> is deprecated
      |  ^~~~~~~
  CC       warning.o
  CC       xattrs.o
In file included from ../gnu/getopt-cdefs.h:32,
                 from ../gnu/unistd.h:688,
                 from ../gnu/fcntl.h:84,
                 from ../lib/system.h:76,
                 from warning.c:20:
/nix/store/yzx98qlav3kgw6a9pkjpz13p1v280vyk-x86_64-unknown-linux-musl-gcc-15.3.0/x86_64-unknown-linux-musl/sys-include/sys/cdefs.h:1:2: warning: #warning usage of non-standard #include <sys/cdefs.h> is deprecated [-Wcpp]
    1 | #warning usage of non-standard #include <sys/cdefs.h> is deprecated
      |  ^~~~~~~
In file included from ../gnu/getopt-cdefs.h:32,
                 from ../gnu/unistd.h:688,
                 from ../gnu/fcntl.h:84,
                 from ../lib/system.h:76,
                 from xattrs.c:23:
/nix/store/yzx98qlav3kgw6a9pkjpz13p1v280vyk-x86_64-unknown-linux-musl-gcc-15.3.0/x86_64-unknown-linux-musl/sys-include/sys/cdefs.h:1:2: warning: #warning usage of non-standard #include <sys/cdefs.h> is deprecated [-Wcpp]
    1 | #warning usage of non-standard #include <sys/cdefs.h> is deprecated
      |  ^~~~~~~
  CCLD     tar
make[2]: Leaving directory '/home/samson/Projects/clojv3/store/tmp/tar-1.35/tar-1.35/src'
Making all in scripts
make[2]: Entering directory '/home/samson/Projects/clojv3/store/tmp/tar-1.35/tar-1.35/scripts'
make[2]: Nothing to be done for 'all'.
make[2]: Leaving directory '/home/samson/Projects/clojv3/store/tmp/tar-1.35/tar-1.35/scripts'
Making all in po
make[2]: Entering directory '/home/samson/Projects/clojv3/store/tmp/tar-1.35/tar-1.35/po'
make[2]: Nothing to be done for 'all'.
make[2]: Leaving directory '/home/samson/Projects/clojv3/store/tmp/tar-1.35/tar-1.35/po'
Making all in tests
make[2]: Entering directory '/home/samson/Projects/clojv3/store/tmp/tar-1.35/tar-1.35/tests'
make[2]: Nothing to be done for 'all'.
make[2]: Leaving directory '/home/samson/Projects/clojv3/store/tmp/tar-1.35/tar-1.35/tests'
make[2]: Entering directory '/home/samson/Projects/clojv3/store/tmp/tar-1.35/tar-1.35'
make[2]: Leaving directory '/home/samson/Projects/clojv3/store/tmp/tar-1.35/tar-1.35'
make[1]: Leaving directory '/home/samson/Projects/clojv3/store/tmp/tar-1.35/tar-1.35'
