tar-1.35/
tar-1.35/ABOUT-NLS
tar-1.35/TODO
tar-1.35/Makefile.am
tar-1.35/acinclude.m4
tar-1.35/doc/
tar-1.35/doc/fdl.texi
tar-1.35/doc/rmt.8
tar-1.35/doc/tar.info-3
tar-1.35/doc/gendocs_template
tar-1.35/doc/stamp-vti
tar-1.35/doc/intern.texi
tar-1.35/doc/tar-snapshot-edit.texi
tar-1.35/doc/Makefile.am
tar-1.35/doc/untabify.el
tar-1.35/doc/recipes.texi
tar-1.35/doc/tar.info-1
tar-1.35/doc/genfile.texi
tar-1.35/doc/version.texi
tar-1.35/doc/tar.texi
tar-1.35/doc/rendition.texi
tar-1.35/doc/tar.1
tar-1.35/doc/header.texi
tar-1.35/doc/Makefile.in
tar-1.35/doc/tar.info-2
tar-1.35/doc/value.texi
tar-1.35/doc/dumpdir.texi
tar-1.35/doc/parse-datetime.texi
tar-1.35/doc/snapshot.texi
tar-1.35/doc/tar.info
tar-1.35/doc/sparse.texi
tar-1.35/doc/mastermenu.el
tar-1.35/doc/texify.sed
tar-1.35/ChangeLog
tar-1.35/README
tar-1.35/rmt/
tar-1.35/rmt/Makefile.am
tar-1.35/rmt/Makefile.in
tar-1.35/rmt/rmt.c
tar-1.35/ChangeLog.1
tar-1.35/po/
tar-1.35/po/zh_CN.po
tar-1.35/po/tr.po
tar-1.35/po/es.po
tar-1.35/po/hr.po
tar-1.35/po/sr.po
tar-1.35/po/remove-potcdate.sin
tar-1.35/po/ga.gmo
tar-1.35/po/stamp-po
tar-1.35/po/zh_CN.gmo
tar-1.35/po/pt_BR.gmo
tar-1.35/po/nb.gmo
tar-1.35/po/ka.gmo
tar-1.35/po/zh_TW.gmo
tar-1.35/po/insert-header.sin
tar-1.35/po/es.gmo
tar-1.35/po/pl.po
tar-1.35/po/ka.po
tar-1.35/po/gl.po
tar-1.35/po/de.gmo
tar-1.35/po/sv.gmo
tar-1.35/po/fr.gmo
tar-1.35/po/id.po
tar-1.35/po/sk.po
tar-1.35/po/boldquot.sed
tar-1.35/po/fi.gmo
tar-1.35/po/uk.gmo
tar-1.35/po/ja.gmo
tar-1.35/po/eo.po
tar-1.35/po/nb.po
tar-1.35/po/ko.gmo
tar-1.35/po/ms.gmo
tar-1.35/po/zh_TW.po
tar-1.35/po/ru.gmo
tar-1.35/po/vi.po
tar-1.35/po/nl.gmo
tar-1.35/po/tar.pot
tar-1.35/po/Rules-quot
tar-1.35/po/ms.po
tar-1.35/po/da.gmo
tar-1.35/po/ky.gmo
tar-1.35/po/it.po
tar-1.35/po/ro.gmo
tar-1.35/po/ru.po
tar-1.35/po/bg.po
tar-1.35/po/sk.gmo
tar-1.35/po/de.po
tar-1.35/po/ky.po
tar-1.35/po/vi.gmo
tar-1.35/po/POTFILES.in
tar-1.35/po/sv.po
tar-1.35/po/ro.po
tar-1.35/po/cs.po
tar-1.35/po/LINGUAS
tar-1.35/po/sl.gmo
tar-1.35/po/en@quot.header
tar-1.35/po/uk.po
tar-1.35/po/eu.po
tar-1.35/po/el.gmo
tar-1.35/po/tr.gmo
tar-1.35/po/el.po
tar-1.35/po/hu.po
tar-1.35/po/eo.gmo
tar-1.35/po/pt.gmo
tar-1.35/po/cs.gmo
tar-1.35/po/bg.gmo
tar-1.35/po/en@boldquot.header
tar-1.35/po/fi.po
tar-1.35/po/ko.po
tar-1.35/po/pl.gmo
tar-1.35/po/it.gmo
tar-1.35/po/gl.gmo
tar-1.35/po/Makevars
tar-1.35/po/ca.po
tar-1.35/po/sl.po
tar-1.35/po/hu.gmo
tar-1.35/po/id.gmo
tar-1.35/po/pt_BR.po
tar-1.35/po/et.po
tar-1.35/po/fr.po
tar-1.35/po/et.gmo
tar-1.35/po/quot.sed
tar-1.35/po/ga.po
tar-1.35/po/sr.gmo
tar-1.35/po/nl.po
tar-1.35/po/hr.gmo
tar-1.35/po/eu.gmo
tar-1.35/po/ca.gmo
tar-1.35/po/ja.po
tar-1.35/po/pt.po
tar-1.35/po/Makefile.in.in
tar-1.35/po/da.po
tar-1.35/gnu/
tar-1.35/gnu/dirent-safer.h
tar-1.35/gnu/sysexits.in.h
tar-1.35/gnu/xalloc-die.c
tar-1.35/gnu/close-stream.c
tar-1.35/gnu/errno.in.h
tar-1.35/gnu/openat-die.c
tar-1.35/gnu/setlocale_null.c
tar-1.35/gnu/strtoull.c
tar-1.35/gnu/mkdir.c
tar-1.35/gnu/getdelim.c
tar-1.35/gnu/realloc.c
tar-1.35/gnu/linkat.c
tar-1.35/gnu/offtostr.c
tar-1.35/gnu/gettext.h
tar-1.35/gnu/bitrotate.h
tar-1.35/gnu/argp-xinl.c
tar-1.35/gnu/inttostr.c
tar-1.35/gnu/regex_internal.h
tar-1.35/gnu/free.c
tar-1.35/gnu/libc-config.h
tar-1.35/gnu/asprintf.c
tar-1.35/gnu/mbsrtowcs-state.c
tar-1.35/gnu/quotearg.c
tar-1.35/gnu/se-context.in.h
tar-1.35/gnu/strtoimax.c
tar-1.35/gnu/dup-safer-flag.c
tar-1.35/gnu/unsetenv.c
tar-1.35/gnu/same-inode.h
tar-1.35/gnu/open.c
tar-1.35/gnu/time.in.h
tar-1.35/gnu/getopt-core.h
tar-1.35/gnu/wcrtomb.c
tar-1.35/gnu/argp-pvh.c
tar-1.35/gnu/opendirat.c
tar-1.35/gnu/filename.h
tar-1.35/gnu/mknod.c
tar-1.35/gnu/eloop-threshold.h
tar-1.35/gnu/gettimeofday.c
tar-1.35/gnu/vasnprintf.c
tar-1.35/gnu/wcwidth.c
tar-1.35/gnu/setenv.c
tar-1.35/gnu/wmemchr-impl.h
tar-1.35/gnu/backup-internal.h
tar-1.35/gnu/areadlinkat-with-size.c
tar-1.35/gnu/openat-priv.h
tar-1.35/gnu/localcharset.h
tar-1.35/gnu/getopt_int.h
tar-1.35/gnu/strchrnul.c
tar-1.35/gnu/flexmember.h
tar-1.35/gnu/fd-safer-flag.c
tar-1.35/gnu/argp-pin.c
tar-1.35/gnu/creat-safer.c
tar-1.35/gnu/mbsrtowcs-impl.h
tar-1.35/gnu/memchr.c
tar-1.35/gnu/full-read.c
tar-1.35/gnu/assure.h
tar-1.35/gnu/warn-on-use.h
tar-1.35/gnu/fdopendir.c
tar-1.35/gnu/unlinkat.c
tar-1.35/gnu/renameat.c
tar-1.35/gnu/stdarg.in.h
tar-1.35/gnu/savedir.h
tar-1.35/gnu/modechange.h
tar-1.35/gnu/openat.c
tar-1.35/gnu/argmatch.c
tar-1.35/gnu/fseeko.c
tar-1.35/gnu/getopt-pfx-ext.h
tar-1.35/gnu/c-ctype.h
tar-1.35/gnu/filenamecat.h
tar-1.35/gnu/write.c
tar-1.35/gnu/unistd-safer.h
tar-1.35/gnu/save-cwd.c
tar-1.35/gnu/at-func.c
tar-1.35/gnu/safe-write.c
tar-1.35/gnu/getopt-cdefs.in.h
tar-1.35/gnu/getprogname.h
tar-1.35/gnu/snprintf.c
tar-1.35/gnu/mbtowc-impl.h
tar-1.35/gnu/acl-internal.h
tar-1.35/gnu/isblank.c
tar-1.35/gnu/c-ctype.c
tar-1.35/gnu/getrandom.c
tar-1.35/gnu/Makefile.am
tar-1.35/gnu/stat-w32.h
tar-1.35/gnu/c32isgraph.c
tar-1.35/gnu/dirent--.h
tar-1.35/gnu/areadlinkat.c
tar-1.35/gnu/opendir.c
tar-1.35/gnu/quotearg.h
tar-1.35/gnu/uniwidth.in.h
tar-1.35/gnu/c32isalpha.c
tar-1.35/gnu/fchown-stub.c
tar-1.35/gnu/allocator.c
tar-1.35/gnu/fnmatch.c
tar-1.35/gnu/stat-macros.h
tar-1.35/gnu/mbtowc.c
tar-1.35/gnu/fstatat.c
tar-1.35/gnu/cloexec.h
tar-1.35/gnu/utime.in.h
tar-1.35/gnu/c32to-impl.h
tar-1.35/gnu/strncasecmp.c
tar-1.35/gnu/iswdigit.c
tar-1.35/gnu/savedir.c
tar-1.35/gnu/regex.h
tar-1.35/gnu/mktime-internal.h
tar-1.35/gnu/regex_internal.c
tar-1.35/gnu/strchrnul.valgrind
tar-1.35/gnu/mkdirat.c
tar-1.35/gnu/msvc-inval.c
tar-1.35/gnu/rawmemchr.c
tar-1.35/gnu/argmatch.h
tar-1.35/gnu/dup2.c
tar-1.35/gnu/regexec.c
tar-1.35/gnu/time_r.c
tar-1.35/gnu/time-internal.h
tar-1.35/gnu/renameatu.h
tar-1.35/gnu/wctype.in.h
tar-1.35/gnu/allocator.h
tar-1.35/gnu/fd-hook.c
tar-1.35/gnu/sys_time.in.h
tar-1.35/gnu/mkfifo.c
tar-1.35/gnu/setlocale-lock.c
tar-1.35/gnu/argp.h
tar-1.35/gnu/iswxdigit.c
tar-1.35/gnu/opendirat.h
tar-1.35/gnu/unistd.in.h
tar-1.35/gnu/lchown.c
tar-1.35/gnu/readdir.c
tar-1.35/gnu/fd-hook.h
tar-1.35/gnu/exclude.h
tar-1.35/gnu/iswblank.c
tar-1.35/gnu/mknodat.c
tar-1.35/gnu/bitrotate.c
tar-1.35/gnu/itold.c
tar-1.35/gnu/strnlen.c
tar-1.35/gnu/argp-pv.c
tar-1.35/gnu/open-safer.c
tar-1.35/gnu/windows-initguard.h
tar-1.35/gnu/fcntl-safer.h
tar-1.35/gnu/unicase/
tar-1.35/gnu/unicase/simple-mapping.h
tar-1.35/gnu/unicase/tolower.c
tar-1.35/gnu/unicase/tolower.h
tar-1.35/gnu/unicase.in.h
tar-1.35/gnu/argp-eexst.c
tar-1.35/gnu/mktime.c
tar-1.35/gnu/getdtablesize.c
tar-1.35/gnu/attribute.h
tar-1.35/gnu/alignof.h
tar-1.35/gnu/areadlink.h
tar-1.35/gnu/human.c
tar-1.35/gnu/readlink.c
tar-1.35/gnu/chdir-long.c
tar-1.35/gnu/mbuiter.c
tar-1.35/gnu/alloca.in.h
tar-1.35/gnu/imaxtostr.c
tar-1.35/gnu/modechange.c
tar-1.35/gnu/safe-read.h
tar-1.35/gnu/xstrtoumax.c
tar-1.35/gnu/dup.c
tar-1.35/gnu/minmax.h
tar-1.35/gnu/localcharset.c
tar-1.35/gnu/xstrtol.c
tar-1.35/gnu/ialloc.c
tar-1.35/gnu/utimens.h
tar-1.35/gnu/lc-charset-dispatch.h
tar-1.35/gnu/strtoll.c
tar-1.35/gnu/stat-time.c
tar-1.35/gnu/fprintftime.h
tar-1.35/gnu/reallocarray.c
tar-1.35/gnu/strnlen1.c
tar-1.35/gnu/fchownat.c
tar-1.35/gnu/getopt.c
tar-1.35/gnu/version-etc-fsf.c
tar-1.35/gnu/timespec-sub.c
tar-1.35/gnu/c-strcaseeq.h
tar-1.35/gnu/parse-datetime-gen.h
tar-1.35/gnu/nstrftime.c
tar-1.35/gnu/asnprintf.c
tar-1.35/gnu/memchr.valgrind
tar-1.35/gnu/pipe.c
tar-1.35/gnu/unlink.c
tar-1.35/gnu/se-context.c
tar-1.35/gnu/pipe-safer.c
tar-1.35/gnu/uniwidth/
tar-1.35/gnu/uniwidth/width0.h
tar-1.35/gnu/uniwidth/width2.h
tar-1.35/gnu/uniwidth/cjk.h
tar-1.35/gnu/uniwidth/width.c
tar-1.35/gnu/argp-version-etc.h
tar-1.35/gnu/argp-parse.c
tar-1.35/gnu/strnlen1.h
tar-1.35/gnu/c-strcase.h
tar-1.35/gnu/regcomp.c
tar-1.35/gnu/strtol.c
tar-1.35/gnu/tempname.c
tar-1.35/gnu/acl.h
tar-1.35/gnu/dirfd.c
tar-1.35/gnu/string.in.h
tar-1.35/gnu/xvasprintf.c
tar-1.35/gnu/selinux-at.c
tar-1.35/gnu/file-has-acl.c
tar-1.35/gnu/c32isblank.c
tar-1.35/gnu/renameatu.c
tar-1.35/gnu/xsize.c
tar-1.35/gnu/mbtowc-lock.c
tar-1.35/gnu/anytostr.c
tar-1.35/gnu/closedir.c
tar-1.35/gnu/malloca.h
tar-1.35/gnu/strcasecmp.c
tar-1.35/gnu/backup-find.c
tar-1.35/gnu/c32isalnum.c
tar-1.35/gnu/msvc-nothrow.h
tar-1.35/gnu/dup-safer.c
tar-1.35/gnu/langinfo.in.h
tar-1.35/gnu/unlinkdir.h
tar-1.35/gnu/strings.in.h
tar-1.35/gnu/parse-datetime.y
tar-1.35/gnu/stdopen.h
tar-1.35/gnu/c32isdigit.c
tar-1.35/gnu/getopt.in.h
tar-1.35/gnu/argp-version-etc.c
tar-1.35/gnu/getline.c
tar-1.35/gnu/stdckdint.in.h
tar-1.35/gnu/getopt-ext.h
tar-1.35/gnu/sys_stat.in.h
tar-1.35/gnu/mbrtowc-impl.h
tar-1.35/gnu/openat-proc.c
tar-1.35/gnu/euidaccess.c
tar-1.35/gnu/mkdtemp.c
tar-1.35/gnu/c32tolower.c
tar-1.35/gnu/lstat.c
tar-1.35/gnu/group-member.c
tar-1.35/gnu/fprintftime.c
tar-1.35/gnu/limits.in.h
tar-1.35/gnu/sleep.c
tar-1.35/gnu/tempname.h
tar-1.35/gnu/read.c
tar-1.35/gnu/at-func2.c
tar-1.35/gnu/mbuiter.h
tar-1.35/gnu/intprops-internal.h
tar-1.35/gnu/alloca.c
tar-1.35/gnu/full-write.h
tar-1.35/gnu/stdlib.in.h
tar-1.35/gnu/mbrtoc32.c
tar-1.35/gnu/intprops.h
tar-1.35/gnu/dirent-private.h
tar-1.35/gnu/hash.h
tar-1.35/gnu/xasprintf.c
tar-1.35/gnu/c32iscntrl.c
tar-1.35/gnu/lseek.c
tar-1.35/gnu/mbscasecmp.c
tar-1.35/gnu/close-stream.h
tar-1.35/gnu/full-read.h
tar-1.35/gnu/fchmodat.c
tar-1.35/gnu/xmalloc.c
tar-1.35/gnu/full-write.c
tar-1.35/gnu/stpcpy.c
tar-1.35/gnu/mbchar.h
tar-1.35/gnu/getcwd.c
tar-1.35/gnu/Makefile.in
tar-1.35/gnu/fpending.c
tar-1.35/gnu/fdutimensat.c
tar-1.35/gnu/priv-set.c
tar-1.35/gnu/stripslash.c
tar-1.35/gnu/opendir-safer.c
tar-1.35/gnu/strdup.c
tar-1.35/gnu/obstack.h
tar-1.35/gnu/printf-parse.c
tar-1.35/gnu/xstrtoul.c
tar-1.35/gnu/nl_langinfo.c
tar-1.35/gnu/_Noreturn.h
tar-1.35/gnu/careadlinkat.h
tar-1.35/gnu/malloc/
tar-1.35/gnu/malloc/dynarray_emplace_enlarge.c
tar-1.35/gnu/malloc/dynarray_at_failure.c
tar-1.35/gnu/malloc/dynarray-skeleton.c
tar-1.35/gnu/malloc/dynarray_resize_clear.c
tar-1.35/gnu/malloc/dynarray_finalize.c
tar-1.35/gnu/malloc/scratch_buffer_grow_preserve.c
tar-1.35/gnu/malloc/scratch_buffer_grow.c
tar-1.35/gnu/malloc/scratch_buffer_set_array_size.c
tar-1.35/gnu/malloc/dynarray_resize.c
tar-1.35/gnu/malloc/scratch_buffer.h
tar-1.35/gnu/malloc/dynarray.h
tar-1.35/gnu/chmod.c
tar-1.35/gnu/sys_random.in.h
tar-1.35/gnu/unistd.c
tar-1.35/gnu/cloexec.c
tar-1.35/gnu/utimensat.c
tar-1.35/gnu/float+.h
tar-1.35/gnu/openat.h
tar-1.35/gnu/backupfile.c
tar-1.35/gnu/uchar.in.h
tar-1.35/gnu/error.in.h
tar-1.35/gnu/mbsinit.c
tar-1.35/gnu/stdio-write.c
tar-1.35/gnu/dirname.h
tar-1.35/gnu/link.c
tar-1.35/gnu/fd-safer.c
tar-1.35/gnu/utime.c
tar-1.35/gnu/parse-datetime.c
tar-1.35/gnu/strerror.c
tar-1.35/gnu/stddef.in.h
tar-1.35/gnu/chown.c
tar-1.35/gnu/getprogname.c
tar-1.35/gnu/se-label.in.h
tar-1.35/gnu/locale.in.h
tar-1.35/gnu/uninorm.in.h
tar-1.35/gnu/se-selinux.in.h
tar-1.35/gnu/getopt-pfx-core.h
tar-1.35/gnu/uinttostr.c
tar-1.35/gnu/xgetcwd.c
tar-1.35/gnu/idx.h
tar-1.35/gnu/hard-locale.h
tar-1.35/gnu/c++defs.h
tar-1.35/gnu/faccessat.c
tar-1.35/gnu/chdir-long.h
tar-1.35/gnu/fileblocks.c
tar-1.35/gnu/printf-parse.h
tar-1.35/gnu/hash.c
tar-1.35/gnu/signal.in.h
tar-1.35/gnu/scratch_buffer.h
tar-1.35/gnu/size_max.h
tar-1.35/gnu/btowc.c
tar-1.35/gnu/c-strcasecmp.c
tar-1.35/gnu/memrchr.c
tar-1.35/gnu/openat-safer.c
tar-1.35/gnu/inttypes.in.h
tar-1.35/gnu/cdefs.h
tar-1.35/gnu/hard-locale.c
tar-1.35/gnu/exitfail.h
tar-1.35/gnu/dirent.in.h
tar-1.35/gnu/getopt1.c
tar-1.35/gnu/set-permissions.c
tar-1.35/gnu/progname.h
tar-1.35/gnu/save-cwd.h
tar-1.35/gnu/getpagesize.c
tar-1.35/gnu/argp-fmtstream.c
tar-1.35/gnu/version-etc.h
tar-1.35/gnu/acl_entries.c
tar-1.35/gnu/basename-lgpl.h
tar-1.35/gnu/mbchar.c
tar-1.35/gnu/msvc-nothrow.c
tar-1.35/gnu/xgetcwd.h
tar-1.35/gnu/basename-lgpl.c
tar-1.35/gnu/readlinkat.c
tar-1.35/gnu/dynarray.h
tar-1.35/gnu/printf-args.c
tar-1.35/gnu/strndup.c
tar-1.35/gnu/c32isprint.c
tar-1.35/gnu/inttostr.h
tar-1.35/gnu/ctype.in.h
tar-1.35/gnu/fcntl.c
tar-1.35/gnu/unitypes.in.h
tar-1.35/gnu/fpending.h
tar-1.35/gnu/c32isupper.c
tar-1.35/gnu/canonicalize-lgpl.c
tar-1.35/gnu/unlocked-io.h
tar-1.35/gnu/argp-fmtstream.h
tar-1.35/gnu/argp-fs-xinl.c
tar-1.35/gnu/parse-datetime.h
tar-1.35/gnu/c32width.c
tar-1.35/gnu/c32isxdigit.c
tar-1.35/gnu/c32isspace.c
tar-1.35/gnu/stdint.in.h
tar-1.35/gnu/selinux-at.h
tar-1.35/gnu/strerror-override.c
tar-1.35/gnu/float.c
tar-1.35/gnu/rmdir.c
tar-1.35/gnu/getcwd-lgpl.c
tar-1.35/gnu/close.c
tar-1.35/gnu/ialloc.h
tar-1.35/gnu/printf-args.h
tar-1.35/gnu/rawmemchr.valgrind
tar-1.35/gnu/timespec.c
tar-1.35/gnu/umaxtostr.c
tar-1.35/gnu/unlinkdir.c
tar-1.35/gnu/fchdir.c
tar-1.35/gnu/xalloc-oversized.h
tar-1.35/gnu/areadlink-with-size.c
tar-1.35/gnu/strtoumax.c
tar-1.35/gnu/human.h
tar-1.35/gnu/localeconv.c
tar-1.35/gnu/stat.c
tar-1.35/gnu/version-etc.c
tar-1.35/gnu/verify.h
tar-1.35/gnu/acl-errno-valid.c
tar-1.35/gnu/malloc.c
tar-1.35/gnu/fcntl--.h
tar-1.35/gnu/safe-write.h
tar-1.35/gnu/stdio.in.h
tar-1.35/gnu/stdio-read.c
tar-1.35/gnu/careadlinkat.c
tar-1.35/gnu/vasprintf.c
tar-1.35/gnu/argp-ba.c
tar-1.35/gnu/xstrtol.h
tar-1.35/gnu/rename.c
tar-1.35/gnu/regex.c
tar-1.35/gnu/time_rz.c
tar-1.35/gnu/dirname-lgpl.c
tar-1.35/gnu/error.c
tar-1.35/gnu/areadlink.c
tar-1.35/gnu/pathmax.h
tar-1.35/gnu/c-strncasecmp.c
tar-1.35/gnu/calloc.c
tar-1.35/gnu/fnmatch_loop.c
tar-1.35/gnu/stdio-impl.h
tar-1.35/gnu/streq.h
tar-1.35/gnu/assert.in.h
tar-1.35/gnu/dirname.c
tar-1.35/gnu/nl_langinfo-lock.c
tar-1.35/gnu/symlink.c
tar-1.35/gnu/xalloc.h
tar-1.35/gnu/fopen.c
tar-1.35/gnu/se-label.c
tar-1.35/gnu/backupfile.h
tar-1.35/gnu/float.in.h
tar-1.35/gnu/xvasprintf.h
tar-1.35/gnu/stat-time.h
tar-1.35/gnu/getgroups.c
tar-1.35/gnu/strerror-override.h
tar-1.35/gnu/argp-help.c
tar-1.35/gnu/closeout.c
tar-1.35/gnu/rewinddir.c
tar-1.35/gnu/stdopen.c
tar-1.35/gnu/symlinkat.c
tar-1.35/gnu/acl-internal.c
tar-1.35/gnu/malloca.c
tar-1.35/gnu/lchmod.c
tar-1.35/gnu/sys-limits.h
tar-1.35/gnu/progname.c
tar-1.35/gnu/argp-namefrob.h
tar-1.35/gnu/msvc-inval.h
tar-1.35/gnu/wmempcpy.c
tar-1.35/gnu/exclude.c
tar-1.35/gnu/get-permissions.c
tar-1.35/gnu/timespec.h
tar-1.35/gnu/fstat.c
tar-1.35/gnu/quote.h
tar-1.35/gnu/wchar.in.h
tar-1.35/gnu/closeout.h
tar-1.35/gnu/root-uid.h
tar-1.35/gnu/setlocale_null.h
tar-1.35/gnu/mbsrtowcs.c
tar-1.35/gnu/wctype-h.c
tar-1.35/gnu/c32islower.c
tar-1.35/gnu/xsize.h
tar-1.35/gnu/unictype.in.h
tar-1.35/gnu/lc-charset-dispatch.c
tar-1.35/gnu/getfilecon.c
tar-1.35/gnu/mempcpy.c
tar-1.35/gnu/se-selinux.c
tar-1.35/gnu/wmemchr.c
tar-1.35/gnu/strftime.h
tar-1.35/gnu/obstack.c
tar-1.35/gnu/futimens.c
tar-1.35/gnu/stat-w32.c
tar-1.35/gnu/unistd--.h
tar-1.35/gnu/exitfail.c
tar-1.35/gnu/fcntl.in.h
tar-1.35/gnu/strtoul.c
tar-1.35/gnu/basename.c
tar-1.35/gnu/unictype/
tar-1.35/gnu/unictype/ctype_space.c
tar-1.35/gnu/unictype/ctype_upper.h
tar-1.35/gnu/unictype/ctype_upper.c
tar-1.35/gnu/unictype/ctype_alpha.h
tar-1.35/gnu/unictype/ctype_cntrl.h
tar-1.35/gnu/unictype/bitmap.h
tar-1.35/gnu/unictype/ctype_xdigit.c
tar-1.35/gnu/unictype/ctype_punct.c
tar-1.35/gnu/unictype/ctype_alnum.c
tar-1.35/gnu/unictype/ctype_print.c
tar-1.35/gnu/unictype/ctype_xdigit.h
tar-1.35/gnu/unictype/ctype_lower.h
tar-1.35/gnu/unictype/ctype_digit.h
tar-1.35/gnu/unictype/ctype_graph.c
tar-1.35/gnu/unictype/ctype_alpha.c
tar-1.35/gnu/unictype/ctype_cntrl.c
tar-1.35/gnu/unictype/ctype_graph.h
tar-1.35/gnu/unictype/ctype_punct.h
tar-1.35/gnu/unictype/ctype_alnum.h
tar-1.35/gnu/unictype/ctype_digit.c
tar-1.35/gnu/unictype/ctype_print.h
tar-1.35/gnu/unictype/ctype_blank.h
tar-1.35/gnu/unictype/ctype_lower.c
tar-1.35/gnu/unictype/ctype_space.h
tar-1.35/gnu/unictype/ctype_blank.c
tar-1.35/gnu/safe-read.c
tar-1.35/gnu/sys_types.in.h
tar-1.35/gnu/gettime.c
tar-1.35/gnu/rpmatch.c
tar-1.35/gnu/vsnprintf.c
tar-1.35/gnu/mbtowc-lock.h
tar-1.35/gnu/vasnprintf.h
tar-1.35/gnu/filenamecat-lgpl.c
tar-1.35/gnu/fseek.c
tar-1.35/gnu/mkfifoat.c
tar-1.35/gnu/priv-set.h
tar-1.35/gnu/mbrtowc.c
tar-1.35/gnu/timegm.c
tar-1.35/gnu/c32is-impl.h
tar-1.35/gnu/utimens.c
tar-1.35/gnu/mbrtowc-impl-utf8.h
tar-1.35/gnu/c32ispunct.c
tar-1.35/gnu/tzset.c
tar-1.35/gnu/fnmatch.in.h
tar-1.35/gnu/raise.c
tar-1.35/gnu/arg-nonnull.h
tar-1.35/AUTHORS
tar-1.35/lib/
tar-1.35/lib/attr-xattr.in.h
tar-1.35/lib/Makefile.am
tar-1.35/lib/xattr-at.c
tar-1.35/lib/system-ioctl.h
tar-1.35/lib/paxnames.c
tar-1.35/lib/wordsplit.h
tar-1.35/lib/paxlib.h
tar-1.35/lib/wordsplit.c
tar-1.35/lib/Makefile.in
tar-1.35/lib/paxerror.c
tar-1.35/lib/rtapelib.c
tar-1.35/lib/rmt.h
tar-1.35/lib/system.h
tar-1.35/lib/xattr-at.h
tar-1.35/lib/paxexit-status.c
tar-1.35/THANKS
tar-1.35/m4/
tar-1.35/m4/chmod.m4
tar-1.35/m4/vsnprintf.m4
tar-1.35/m4/double-slash-root.m4
tar-1.35/m4/memchr.m4
tar-1.35/m4/mknod.m4
tar-1.35/m4/fseeko.m4
tar-1.35/m4/stdlib_h.m4
tar-1.35/m4/off_t.m4
tar-1.35/m4/quote.m4
tar-1.35/m4/sleep.m4
tar-1.35/m4/mbtowc.m4
tar-1.35/m4/mbsrtowcs.m4
tar-1.35/m4/dirfd.m4
tar-1.35/m4/lib-link.m4
tar-1.35/m4/gettimeofday.m4
tar-1.35/m4/pathmax.m4
tar-1.35/m4/link.m4
tar-1.35/m4/timegm.m4
tar-1.35/m4/visibility.m4
tar-1.35/m4/extensions.m4
tar-1.35/m4/unlinkdir.m4
tar-1.35/m4/uninorm_h.m4
tar-1.35/m4/unicase_h.m4
tar-1.35/m4/d-ino.m4
tar-1.35/m4/progtest.m4
tar-1.35/m4/dirent_h.m4
tar-1.35/m4/mode_t.m4
tar-1.35/m4/mbchar.m4
tar-1.35/m4/threadlib.m4
tar-1.35/m4/environ.m4
tar-1.35/m4/xvasprintf.m4
tar-1.35/m4/selinux-context-h.m4
tar-1.35/m4/minmax.m4
tar-1.35/m4/getcwd-path-max.m4
tar-1.35/m4/symlinkat.m4
tar-1.35/m4/build-to-host.m4
tar-1.35/m4/unlinkat.m4
tar-1.35/m4/strchrnul.m4
tar-1.35/m4/extern-inline.m4
tar-1.35/m4/fpending.m4
tar-1.35/m4/lchown.m4
tar-1.35/m4/c-bool.m4
tar-1.35/m4/signal_h.m4
tar-1.35/m4/selinux-label-h.m4
tar-1.35/m4/chown.m4
tar-1.35/m4/sys_socket_h.m4
tar-1.35/m4/errno_h.m4
tar-1.35/m4/host-cpu-c-abi.m4
tar-1.35/m4/raise.m4
tar-1.35/m4/reallocarray.m4
tar-1.35/m4/dup.m4
tar-1.35/m4/lib-prefix.m4
tar-1.35/m4/sys_types_h.m4
tar-1.35/m4/warnings.m4
tar-1.35/m4/vasprintf.m4
tar-1.35/m4/version-etc.m4
tar-1.35/m4/lstat.m4
tar-1.35/m4/mbrtowc.m4
tar-1.35/m4/dup2.m4
tar-1.35/m4/stat-time.m4
tar-1.35/m4/wint_t.m4
tar-1.35/m4/bison.m4
tar-1.35/m4/stdint_h.m4
tar-1.35/m4/stdalign.m4
tar-1.35/m4/float_h.m4
tar-1.35/m4/strings_h.m4
tar-1.35/m4/eealloc.m4
tar-1.35/m4/save-cwd.m4
tar-1.35/m4/xsize.m4
tar-1.35/m4/nls.m4
tar-1.35/m4/utime.m4
tar-1.35/m4/fcntl-safer.m4
tar-1.35/m4/printf.m4
tar-1.35/m4/alloca.m4
tar-1.35/m4/exponentd.m4
tar-1.35/m4/stpcpy.m4
tar-1.35/m4/unistd_h.m4
tar-1.35/m4/msvc-inval.m4
tar-1.35/m4/strndup.m4
tar-1.35/m4/unlink.m4
tar-1.35/m4/timespec.m4
tar-1.35/m4/gettext.m4
tar-1.35/m4/opendir.m4
tar-1.35/m4/00gnulib.m4
tar-1.35/m4/getgroups.m4
tar-1.35/m4/fileblocks.m4
tar-1.35/m4/sys_time_h.m4
tar-1.35/m4/strtoumax.m4
tar-1.35/m4/rpmatch.m4
tar-1.35/m4/getdelim.m4
tar-1.35/m4/rmdir.m4
tar-1.35/m4/gnulib-common.m4
tar-1.35/m4/snprintf.m4
tar-1.35/m4/sysexits.m4
tar-1.35/m4/fflush.m4
tar-1.35/m4/inttostr.m4
tar-1.35/m4/po.m4
tar-1.35/m4/paxutils.m4
tar-1.35/m4/flexmember.m4
tar-1.35/m4/iconv.m4
tar-1.35/m4/backupfile.m4
tar-1.35/m4/nstrftime.m4
tar-1.35/m4/nl_langinfo.m4
tar-1.35/m4/mbrtoc32.m4
tar-1.35/m4/utimensat.m4
tar-1.35/m4/fclose.m4
tar-1.35/m4/safe-write.m4
tar-1.35/m4/human.m4
tar-1.35/m4/include_next.m4
tar-1.35/m4/lchmod.m4
tar-1.35/m4/mbiter.m4
tar-1.35/m4/unistd-safer.m4
tar-1.35/m4/codeset.m4
tar-1.35/m4/xgetcwd.m4
tar-1.35/m4/wchar_t.m4
tar-1.35/m4/warn-on-use.m4
tar-1.35/m4/write.m4
tar-1.35/m4/mkdirat.m4
tar-1.35/m4/rename.m4
tar-1.35/m4/linkat.m4
tar-1.35/m4/filenamecat.m4
tar-1.35/m4/openat.m4
tar-1.35/m4/size_max.m4
tar-1.35/m4/fstat.m4
tar-1.35/m4/libunistring-base.m4
tar-1.35/m4/stdint.m4
tar-1.35/m4/setlocale_null.m4
tar-1.35/m4/renameat.m4
tar-1.35/m4/group-member.m4
tar-1.35/m4/rawmemchr.m4
tar-1.35/m4/locale-fr.m4
tar-1.35/m4/strcase.m4
tar-1.35/m4/quotearg.m4
tar-1.35/m4/configmake.m4
tar-1.35/m4/obstack.m4
tar-1.35/m4/acl.m4
tar-1.35/m4/regex.m4
tar-1.35/m4/memrchr.m4
tar-1.35/m4/selinux-selinux-h.m4
tar-1.35/m4/pipe.m4
tar-1.35/m4/limits-h.m4
tar-1.35/m4/mkfifoat.m4
tar-1.35/m4/unictype_h.m4
tar-1.35/m4/symlink.m4
tar-1.35/m4/clock_time.m4
tar-1.35/m4/time_r.m4
tar-1.35/m4/getdtablesize.m4
tar-1.35/m4/lseek.m4
tar-1.35/m4/utime_h.m4
tar-1.35/m4/tzset.m4
tar-1.35/m4/readdir.m4
tar-1.35/m4/mbstate_t.m4
tar-1.35/m4/getcwd.m4
tar-1.35/m4/strerror.m4
tar-1.35/m4/system.m4
tar-1.35/m4/mkdir.m4
tar-1.35/m4/string_h.m4
tar-1.35/m4/lib-ld.m4
tar-1.35/m4/builtin-expect.m4
tar-1.35/m4/futimens.m4
tar-1.35/m4/close.m4
tar-1.35/m4/error_h.m4
tar-1.35/m4/time_h.m4
tar-1.35/m4/fcntl_h.m4
tar-1.35/m4/free.m4
tar-1.35/m4/locale-zh.m4
tar-1.35/m4/rmt.m4
tar-1.35/m4/closedir.m4
tar-1.35/m4/sys_random_h.m4
tar-1.35/m4/faccessat.m4
tar-1.35/m4/fchownat.m4
tar-1.35/m4/priv-set.m4
tar-1.35/m4/rtapelib.m4
tar-1.35/m4/dirent-safer.m4
tar-1.35/m4/fnmatch.m4
tar-1.35/m4/rewinddir.m4
tar-1.35/m4/getcwd-abort-bug.m4
tar-1.35/m4/__inline.m4
tar-1.35/m4/getline.m4
tar-1.35/m4/mbsinit.m4
tar-1.35/m4/mktime.m4
tar-1.35/m4/error.m4
tar-1.35/m4/readlink.m4
tar-1.35/m4/open.m4
tar-1.35/m4/malloca.m4
tar-1.35/m4/locale_h.m4
tar-1.35/m4/realloc.m4
tar-1.35/m4/langinfo_h.m4
tar-1.35/m4/setenv.m4
tar-1.35/m4/fnmatch_h.m4
tar-1.35/m4/euidaccess.m4
tar-1.35/m4/utimes.m4
tar-1.35/m4/xstrtol.m4
tar-1.35/m4/open-slash.m4
tar-1.35/m4/getpagesize.m4
tar-1.35/m4/localeconv.m4
tar-1.35/m4/wcrtomb.m4
tar-1.35/m4/stdarg.m4
tar-1.35/m4/intmax_t.m4
tar-1.35/m4/strnlen.m4
tar-1.35/m4/inttypes.m4
tar-1.35/m4/stdio_h.m4
tar-1.35/m4/btowc.m4
tar-1.35/m4/modechange.m4
tar-1.35/m4/xalloc.m4
tar-1.35/m4/fchdir.m4
tar-1.35/m4/largefile.m4
tar-1.35/m4/vasnprintf.m4
tar-1.35/m4/assert_h.m4
tar-1.35/m4/getopt.m4
tar-1.35/m4/ssize_t.m4
tar-1.35/m4/tempname.m4
tar-1.35/m4/fcntl-o.m4
tar-1.35/m4/mkdtemp.m4
tar-1.35/m4/iswblank.m4
tar-1.35/m4/mkfifo.m4
tar-1.35/m4/zzgnulib.m4
tar-1.35/m4/wmemchr.m4
tar-1.35/m4/malloc.m4
tar-1.35/m4/argp.m4
tar-1.35/m4/unlocked-io.m4
tar-1.35/m4/msvc-nothrow.m4
tar-1.35/m4/time_rz.m4
tar-1.35/m4/strdup.m4
tar-1.35/m4/sys_stat_h.m4
tar-1.35/m4/iswxdigit.m4
tar-1.35/m4/fdopendir.m4
tar-1.35/m4/chdir-long.m4
tar-1.35/m4/strtoull.m4
tar-1.35/m4/utimens.m4
tar-1.35/m4/multiarch.m4
tar-1.35/m4/gettime.m4
tar-1.35/m4/mempcpy.m4
tar-1.35/m4/parse-datetime.m4
tar-1.35/m4/ctype_h.m4
tar-1.35/m4/safe-read.m4
tar-1.35/m4/isblank.m4
tar-1.35/m4/stat.m4
tar-1.35/m4/tm_gmtoff.m4
tar-1.35/m4/musl.m4
tar-1.35/m4/readlinkat.m4
tar-1.35/m4/manywarnings.m4
tar-1.35/m4/mmap-anon.m4
tar-1.35/m4/strtoimax.m4
tar-1.35/m4/wcwidth.m4
tar-1.35/m4/fstatat.m4
tar-1.35/m4/uchar_h.m4
tar-1.35/m4/read.m4
tar-1.35/m4/inttypes_h.m4
tar-1.35/m4/intlmacosx.m4
tar-1.35/m4/open-cloexec.m4
tar-1.35/m4/fopen.m4
tar-1.35/m4/fcntl.m4
tar-1.35/m4/calloc.m4
tar-1.35/m4/absolute-header.m4
tar-1.35/m4/fchmodat.m4
tar-1.35/m4/nocrash.m4
tar-1.35/m4/gnulib-comp.m4
tar-1.35/m4/savedir.m4
tar-1.35/m4/localcharset.m4
tar-1.35/m4/strtoll.m4
tar-1.35/m4/getprogname.m4
tar-1.35/m4/canonicalize.m4
tar-1.35/m4/strtoul.m4
tar-1.35/m4/getrandom.m4
tar-1.35/m4/link-follow.m4
tar-1.35/m4/iswdigit.m4
tar-1.35/m4/stddef_h.m4
tar-1.35/m4/locale-ja.m4
tar-1.35/m4/wctype_h.m4
tar-1.35/m4/wmempcpy.m4
tar-1.35/m4/fseek.m4
tar-1.35/m4/wchar_h.m4
tar-1.35/m4/strtol.m4
tar-1.35/config.h.in
tar-1.35/Makefile.in
tar-1.35/tests/
tar-1.35/tests/same-order02.at
tar-1.35/tests/link02.at
tar-1.35/tests/xattr05.at
tar-1.35/tests/T-null.at
tar-1.35/tests/checkseekhole.c
tar-1.35/tests/dirrem01.at
tar-1.35/tests/exclude08.at
tar-1.35/tests/incr09.at
tar-1.35/tests/checkpoint/
tar-1.35/tests/checkpoint/dot-compat.at
tar-1.35/tests/checkpoint/interval.at
tar-1.35/tests/checkpoint/defaults.at
tar-1.35/tests/checkpoint/dot-int.at
tar-1.35/tests/checkpoint/dot.at
tar-1.35/tests/T-dir00.at
tar-1.35/tests/pipe.at
tar-1.35/tests/label02.at
tar-1.35/tests/extrac12.at
tar-1.35/tests/positional02.at
tar-1.35/tests/link03.at
tar-1.35/tests/append02.at
tar-1.35/tests/sparse07.at
tar-1.35/tests/indexfile.at
tar-1.35/tests/sigpipe.at
tar-1.35/tests/xattr03.at
tar-1.35/tests/multiv05.at
tar-1.35/tests/xform01.at
tar-1.35/tests/opcomp02.at
tar-1.35/tests/listed02.at
tar-1.35/tests/exclude12.at
tar-1.35/tests/extrac08.at
tar-1.35/tests/compress.m4
tar-1.35/tests/append01.at
tar-1.35/tests/remfiles05b.at
tar-1.35/tests/incr05.at
tar-1.35/tests/append05.at
tar-1.35/tests/dirrem02.at
tar-1.35/tests/genfile.c
tar-1.35/tests/lustar03.at
tar-1.35/tests/extrac05.at
tar-1.35/tests/incr08.at
tar-1.35/tests/update03.at
tar-1.35/tests/acls02.at
tar-1.35/tests/argcv.h
tar-1.35/tests/T-mult.at
tar-1.35/tests/Makefile.am
tar-1.35/tests/filerem02.at
tar-1.35/tests/filerem01.at
tar-1.35/tests/extrac07.at
tar-1.35/tests/extrac20.at
tar-1.35/tests/testsuite.at
tar-1.35/tests/exclude06.at
tar-1.35/tests/extrac14.at
tar-1.35/tests/exclude10.at
tar-1.35/tests/opcomp05.at
tar-1.35/tests/same-order01.at
tar-1.35/tests/incr06.at
tar-1.35/tests/positional03.at
tar-1.35/tests/xattr01.at
tar-1.35/tests/rename06.at
tar-1.35/tests/extrac17.at
tar-1.35/tests/T-rec.at
tar-1.35/tests/shortfile.at
tar-1.35/tests/extrac15.at
tar-1.35/tests/add-file.at
tar-1.35/tests/remfiles05a.at
tar-1.35/tests/T-empty.at
tar-1.35/tests/extrac03.at
tar-1.35/tests/extrac21.at
tar-1.35/tests/chtype.at
tar-1.35/tests/extrac19.at
tar-1.35/tests/ckmtime.c
tar-1.35/tests/old.at
tar-1.35/tests/sparse03.at
tar-1.35/tests/spmvp01.at
tar-1.35/tests/xattr07.at
tar-1.35/tests/extrac24.at
tar-1.35/tests/sptrdiff00.at
tar-1.35/tests/T-nonl.at
tar-1.35/tests/listed04.at
tar-1.35/tests/rename03.at
tar-1.35/tests/ignfail.at
tar-1.35/tests/link01.at
tar-1.35/tests/exclude07.at
tar-1.35/tests/remfiles09c.at
tar-1.35/tests/extrac18.at
tar-1.35/tests/sparse01.at
tar-1.35/tests/multiv04.at
tar-1.35/tests/testsuite
tar-1.35/tests/listed03.at
tar-1.35/tests/onetop03.at
tar-1.35/tests/extrac02.at
tar-1.35/tests/time01.at
tar-1.35/tests/capabs_raw01.at
tar-1.35/tests/sparsemvp.at
tar-1.35/tests/multiv02.at
tar-1.35/tests/onetop02.at
tar-1.35/tests/multiv09.at
tar-1.35/tests/incr04.at
tar-1.35/tests/delete02.at
tar-1.35/tests/remfiles07c.at
tar-1.35/tests/opcomp04.at
tar-1.35/tests/remfiles08a.at
tar-1.35/tests/multiv01.at
tar-1.35/tests/exclude05.at
tar-1.35/tests/remfiles09b.at
tar-1.35/tests/delete03.at
tar-1.35/tests/listed05.at
tar-1.35/tests/remfiles06c.at
tar-1.35/tests/acls01.at
tar-1.35/tests/positional01.at
tar-1.35/tests/T-null2.at
tar-1.35/tests/rename04.at
tar-1.35/tests/remfiles09a.at
tar-1.35/tests/incr07.at
tar-1.35/tests/incr01.at
tar-1.35/tests/xattr06.at
tar-1.35/tests/selacl01.at
tar-1.35/tests/incr03.at
tar-1.35/tests/update02.at
tar-1.35/tests/shortupd.at
tar-1.35/tests/options03.at
tar-1.35/tests/remfiles04b.at
tar-1.35/tests/version.at
tar-1.35/tests/time02.at
tar-1.35/tests/recurse.at
tar-1.35/tests/truncate.at
tar-1.35/tests/exclude13.at
tar-1.35/tests/remfiles07b.at
tar-1.35/tests/rename05.at
tar-1.35/tests/extrac04.at
tar-1.35/tests/exclude15.at
tar-1.35/tests/sptrdiff01.at
tar-1.35/tests/Makefile.in
tar-1.35/tests/delete04.at
tar-1.35/tests/xattr08.at
tar-1.35/tests/opcomp06.at
tar-1.35/tests/T-dir01.at
tar-1.35/tests/longv7.at
tar-1.35/tests/T-zfile.at
tar-1.35/tests/remfiles05c.at
tar-1.35/tests/multiv10.at
tar-1.35/tests/rename01.at
tar-1.35/tests/options02.at
tar-1.35/tests/recurs02.at
tar-1.35/tests/incremental.at
tar-1.35/tests/extrac22.at
tar-1.35/tests/extrac11.at
tar-1.35/tests/append03.at
tar-1.35/tests/onetop01.at
tar-1.35/tests/extrac06.at
tar-1.35/tests/append.at
tar-1.35/tests/exclude04.at
tar-1.35/tests/sparse05.at
tar-1.35/tests/remfiles08b.at
tar-1.35/tests/remfiles06b.at
tar-1.35/tests/rename02.at
tar-1.35/tests/extrac23.at
tar-1.35/tests/exclude16.at
tar-1.35/tests/spmvp10.at
tar-1.35/tests/exclude09.at
tar-1.35/tests/delete01.at
tar-1.35/tests/append04.at
tar-1.35/tests/link04.at
tar-1.35/tests/label04.at
tar-1.35/tests/exclude11.at
tar-1.35/tests/acls03.at
tar-1.35/tests/difflink.at
tar-1.35/tests/remfiles01.at
tar-1.35/tests/delete05.at
tar-1.35/tests/exclude.at
tar-1.35/tests/remfiles10.at
tar-1.35/tests/remfiles07a.at
tar-1.35/tests/atlocal.in
tar-1.35/tests/multiv03.at
tar-1.35/tests/options.at
tar-1.35/tests/delete06.at
tar-1.35/tests/remfiles04a.at
tar-1.35/tests/multiv06.at
tar-1.35/tests/verbose.at
tar-1.35/tests/owner.at
tar-1.35/tests/comprec.at
tar-1.35/tests/lustar01.at
tar-1.35/tests/xform-h.at
tar-1.35/tests/opcomp03.at
tar-1.35/tests/exclude01.at
tar-1.35/tests/sparse04.at
tar-1.35/tests/backup01.at
tar-1.35/tests/remfiles03.at
tar-1.35/tests/comperr.at
tar-1.35/tests/onetop04.at
tar-1.35/tests/long01.at
tar-1.35/tests/package.m4
tar-1.35/tests/grow.at
tar-1.35/tests/remfiles06a.at
tar-1.35/tests/argcv.c
tar-1.35/tests/verify.at
tar-1.35/tests/listed01.at
tar-1.35/tests/extrac25.at
tar-1.35/tests/opcomp01.at
tar-1.35/tests/xform03.at
tar-1.35/tests/exclude02.at
tar-1.35/tests/gzip.at
tar-1.35/tests/update01.at
tar-1.35/tests/xform02.at
tar-1.35/tests/T-nest.at
tar-1.35/tests/T-recurse.at
tar-1.35/tests/lustar02.at
tar-1.35/tests/extrac01.at
tar-1.35/tests/remfiles04c.at
tar-1.35/tests/extrac16.at
tar-1.35/tests/T-cd.at
tar-1.35/tests/multiv07.at
tar-1.35/tests/multiv08.at
tar-1.35/tests/incr11.at
tar-1.35/tests/numeric.at
tar-1.35/tests/sparsemv.at
tar-1.35/tests/volume.at
tar-1.35/tests/spmvp00.at
tar-1.35/tests/selnx01.at
tar-1.35/tests/remfiles02.at
tar-1.35/tests/incr10.at
tar-1.35/tests/update.at
tar-1.35/tests/extrac13.at
tar-1.35/tests/label03.at
tar-1.35/tests/remfiles08c.at
tar-1.35/tests/exclude14.at
tar-1.35/tests/label05.at
tar-1.35/tests/sparse06.at
tar-1.35/tests/shortrec.at
tar-1.35/tests/volsize.at
tar-1.35/tests/label01.at
tar-1.35/tests/extrac10.at
tar-1.35/tests/sptrcreat.at
tar-1.35/tests/onetop05.at
tar-1.35/tests/star/
tar-1.35/tests/star/pax-big-10g.at
tar-1.35/tests/star/README
tar-1.35/tests/star/ustar-big-2g.at
tar-1.35/tests/star/gtarfail.at
tar-1.35/tests/star/quicktest.sh
tar-1.35/tests/star/gtarfail2.at
tar-1.35/tests/star/ustar-big-8g.at
tar-1.35/tests/star/multi-fail.at
tar-1.35/tests/xattr02.at
tar-1.35/tests/extrac09.at
tar-1.35/tests/sparse02.at
tar-1.35/tests/xattr04.at
tar-1.35/tests/exclude03.at
tar-1.35/tests/incr02.at
tar-1.35/tests/map.at
tar-1.35/tests/update04.at
tar-1.35/COPYING
tar-1.35/configure.ac
tar-1.35/aclocal.m4
tar-1.35/scripts/
tar-1.35/scripts/Makefile.am
tar-1.35/scripts/restore.in
tar-1.35/scripts/Makefile.in
tar-1.35/scripts/backup-specs
tar-1.35/scripts/backup.in
tar-1.35/scripts/dump-remind.in
tar-1.35/scripts/backup.sh.in
tar-1.35/INSTALL
tar-1.35/NEWS
tar-1.35/build-aux/
tar-1.35/build-aux/missing
tar-1.35/build-aux/config.rpath
tar-1.35/build-aux/compile
tar-1.35/build-aux/mdate-sh
tar-1.35/build-aux/install-sh
tar-1.35/build-aux/gitlog-to-changelog
tar-1.35/build-aux/config.sub
tar-1.35/build-aux/ylwrap
tar-1.35/build-aux/depcomp
tar-1.35/build-aux/config.guess
tar-1.35/build-aux/texinfo.tex
tar-1.35/Make.rules
tar-1.35/src/
tar-1.35/src/transform.c
tar-1.35/src/list.c
tar-1.35/src/delete.c
tar-1.35/src/xattrs.h
tar-1.35/src/suffix.c
tar-1.35/src/exclist.c
tar-1.35/src/arith.h
tar-1.35/src/Makefile.am
tar-1.35/src/buffer.c
tar-1.35/src/create.c
tar-1.35/src/warning.c
tar-1.35/src/tar.h
tar-1.35/src/unlink.c
tar-1.35/src/compare.c
tar-1.35/src/exit.c
tar-1.35/src/update.c
tar-1.35/src/sparse.c
tar-1.35/src/system.c
tar-1.35/src/Makefile.in
tar-1.35/src/names.c
tar-1.35/src/utf8.c
tar-1.35/src/checkpoint.c
tar-1.35/src/extract.c
tar-1.35/src/map.c
tar-1.35/src/tar.c
tar-1.35/src/xheader.c
tar-1.35/src/common.h
tar-1.35/src/xattrs.c
tar-1.35/src/misc.c
tar-1.35/src/incremen.c
tar-1.35/configure
