rm -f mksignames.o
rm -f buildsignames.o
rm -f unwind_prot.o
rm -f mksyntax
rm -f alias.o
rm -f xmalloc.o
make[1]: Entering directory '/home/samson/Projects/clojv3/store/tmp/sh-5.3/bash-5.3/builtins'
rm -f mkbuiltins.o
x86_64-unknown-linux-musl-gcc -DPROGRAM='"bash"' -DCONF_HOSTTYPE='"x86_64"' -DCONF_OSTYPE='"linux-musl"' -DCONF_MACHTYPE='"x86_64-pc-linux-musl"' -DCONF_VENDOR='"pc"' -DLOCALEDIR='"/home/samson/Projects/clojv3/./store/sh-5.3/share/locale"' -DPACKAGE='"bash"' -DSHELL -DHAVE_CONFIG_H   -I.  -I. -I./include -I./lib  -Wno-parentheses -Wno-format-security -I/home/samson/Projects/clojv3/./store/musl-1.2.6/include -g -O2  -DBUILDTOOL -c ./support/mksignames.c
x86_64-unknown-linux-musl-gcc -DPROGRAM='"bash"' -DCONF_HOSTTYPE='"x86_64"' -DCONF_OSTYPE='"linux-musl"' -DCONF_MACHTYPE='"x86_64-pc-linux-musl"' -DCONF_VENDOR='"pc"' -DLOCALEDIR='"/home/samson/Projects/clojv3/./store/sh-5.3/share/locale"' -DPACKAGE='"bash"' -DSHELL -DHAVE_CONFIG_H   -I.  -I. -I./include -I./lib  -Wno-parentheses -Wno-format-security -I/home/samson/Projects/clojv3/./store/musl-1.2.6/include -g -O2  -DBUILDTOOL -o buildsignames.o -c ./support/signames.c
x86_64-unknown-linux-musl-gcc  -DPROGRAM='"bash"' -DCONF_HOSTTYPE='"x86_64"' -DCONF_OSTYPE='"linux-musl"' -DCONF_MACHTYPE='"x86_64-pc-linux-musl"' -DCONF_VENDOR='"pc"' -DLOCALEDIR='"/home/samson/Projects/clojv3/./store/sh-5.3/share/locale"' -DPACKAGE='"bash"' -DSHELL -DHAVE_CONFIG_H   -I.  -I. -I./include -I./lib  -Wno-parentheses -Wno-format-security  -I/home/samson/Projects/clojv3/./store/musl-1.2.6/include -g -O2 -c unwind_prot.c
x86_64-unknown-linux-musl-gcc -DPROGRAM='"bash"' -DCONF_HOSTTYPE='"x86_64"' -DCONF_OSTYPE='"linux-musl"' -DCONF_MACHTYPE='"x86_64-pc-linux-musl"' -DCONF_VENDOR='"pc"' -DLOCALEDIR='"/home/samson/Projects/clojv3/./store/sh-5.3/share/locale"' -DPACKAGE='"bash"' -DSHELL -DHAVE_CONFIG_H   -I.  -I. -I./include -I./lib  -Wno-parentheses -Wno-format-security -I/home/samson/Projects/clojv3/./store/musl-1.2.6/include -g -O2   -B/home/samson/Projects/clojv3/./store/musl-1.2.6/lib -L/home/samson/Projects/clojv3/./store/musl-1.2.6/lib -Wl,-rpath,/home/samson/Projects/clojv3/./store/musl-1.2.6/lib -Wl,-dynamic-linker,/home/samson/Projects/clojv3/./store/musl-1.2.6/lib/libc.so -L./lib/termcap -rdynamic -g -O2   -rdynamic -g -O2  -o mksyntax ./mksyntax.c 
x86_64-unknown-linux-musl-gcc  -DPROGRAM='"bash"' -DCONF_HOSTTYPE='"x86_64"' -DCONF_OSTYPE='"linux-musl"' -DCONF_MACHTYPE='"x86_64-pc-linux-musl"' -DCONF_VENDOR='"pc"' -DLOCALEDIR='"/home/samson/Projects/clojv3/./store/sh-5.3/share/locale"' -DPACKAGE='"bash"' -DSHELL -DHAVE_CONFIG_H   -I.  -I. -I./include -I./lib  -Wno-parentheses -Wno-format-security  -I/home/samson/Projects/clojv3/./store/musl-1.2.6/include -g -O2 -c alias.c
x86_64-unknown-linux-musl-gcc  -DPROGRAM='"bash"' -DCONF_HOSTTYPE='"x86_64"' -DCONF_OSTYPE='"linux-musl"' -DCONF_MACHTYPE='"x86_64-pc-linux-musl"' -DCONF_VENDOR='"pc"' -DLOCALEDIR='"/home/samson/Projects/clojv3/./store/sh-5.3/share/locale"' -DPACKAGE='"bash"' -DSHELL -DHAVE_CONFIG_H   -I.  -I. -I./include -I./lib  -Wno-parentheses -Wno-format-security  -I/home/samson/Projects/clojv3/./store/musl-1.2.6/include -g -O2 -c xmalloc.c
x86_64-unknown-linux-musl-gcc -c  -DHAVE_CONFIG_H -DSHELL -I. -I..  -I.. -I../include -I../lib -I.  -Wno-parentheses -Wno-format-security  -I/home/samson/Projects/clojv3/./store/musl-1.2.6/include -g -O2  mkbuiltins.c
make[1]: Entering directory '/home/samson/Projects/clojv3/store/tmp/sh-5.3/bash-5.3/support'
rm -f man2html.o
rm -f shell.o
rm -f eval.o
rm -f general.o
rm -f make_cmd.o
x86_64-unknown-linux-musl-gcc -c  -DHAVE_CONFIG_H -DSHELL -I/home/samson/Projects/clojv3/store/tmp/sh-5.3/bash-5.3 -I.. -Wno-parentheses -Wno-format-security  -I/home/samson/Projects/clojv3/./store/musl-1.2.6/include -g -O2 man2html.c
x86_64-unknown-linux-musl-gcc  -DPROGRAM='"bash"' -DCONF_HOSTTYPE='"x86_64"' -DCONF_OSTYPE='"linux-musl"' -DCONF_MACHTYPE='"x86_64-pc-linux-musl"' -DCONF_VENDOR='"pc"' -DLOCALEDIR='"/home/samson/Projects/clojv3/./store/sh-5.3/share/locale"' -DPACKAGE='"bash"' -DSHELL -DHAVE_CONFIG_H   -I.  -I. -I./include -I./lib  -Wno-parentheses -Wno-format-security  -I/home/samson/Projects/clojv3/./store/musl-1.2.6/include -g -O2 -c shell.c
x86_64-unknown-linux-musl-gcc  -DPROGRAM='"bash"' -DCONF_HOSTTYPE='"x86_64"' -DCONF_OSTYPE='"linux-musl"' -DCONF_MACHTYPE='"x86_64-pc-linux-musl"' -DCONF_VENDOR='"pc"' -DLOCALEDIR='"/home/samson/Projects/clojv3/./store/sh-5.3/share/locale"' -DPACKAGE='"bash"' -DSHELL -DHAVE_CONFIG_H   -I.  -I. -I./include -I./lib  -Wno-parentheses -Wno-format-security  -I/home/samson/Projects/clojv3/./store/musl-1.2.6/include -g -O2 -c general.c
x86_64-unknown-linux-musl-gcc  -DPROGRAM='"bash"' -DCONF_HOSTTYPE='"x86_64"' -DCONF_OSTYPE='"linux-musl"' -DCONF_MACHTYPE='"x86_64-pc-linux-musl"' -DCONF_VENDOR='"pc"' -DLOCALEDIR='"/home/samson/Projects/clojv3/./store/sh-5.3/share/locale"' -DPACKAGE='"bash"' -DSHELL -DHAVE_CONFIG_H   -I.  -I. -I./include -I./lib  -Wno-parentheses -Wno-format-security  -I/home/samson/Projects/clojv3/./store/musl-1.2.6/include -g -O2 -c eval.c
x86_64-unknown-linux-musl-gcc  -DPROGRAM='"bash"' -DCONF_HOSTTYPE='"x86_64"' -DCONF_OSTYPE='"linux-musl"' -DCONF_MACHTYPE='"x86_64-pc-linux-musl"' -DCONF_VENDOR='"pc"' -DLOCALEDIR='"/home/samson/Projects/clojv3/./store/sh-5.3/share/locale"' -DPACKAGE='"bash"' -DSHELL -DHAVE_CONFIG_H   -I.  -I. -I./include -I./lib  -Wno-parentheses -Wno-format-security  -I/home/samson/Projects/clojv3/./store/musl-1.2.6/include -g -O2 -c make_cmd.c
rm -f print_cmd.o
rm -f dispose_cmd.o
x86_64-unknown-linux-musl-gcc  -DPROGRAM='"bash"' -DCONF_HOSTTYPE='"x86_64"' -DCONF_OSTYPE='"linux-musl"' -DCONF_MACHTYPE='"x86_64-pc-linux-musl"' -DCONF_VENDOR='"pc"' -DLOCALEDIR='"/home/samson/Projects/clojv3/./store/sh-5.3/share/locale"' -DPACKAGE='"bash"' -DSHELL -DHAVE_CONFIG_H   -I.  -I. -I./include -I./lib  -Wno-parentheses -Wno-format-security  -I/home/samson/Projects/clojv3/./store/musl-1.2.6/include -g -O2 -c print_cmd.c
x86_64-unknown-linux-musl-gcc  -DPROGRAM='"bash"' -DCONF_HOSTTYPE='"x86_64"' -DCONF_OSTYPE='"linux-musl"' -DCONF_MACHTYPE='"x86_64-pc-linux-musl"' -DCONF_VENDOR='"pc"' -DLOCALEDIR='"/home/samson/Projects/clojv3/./store/sh-5.3/share/locale"' -DPACKAGE='"bash"' -DSHELL -DHAVE_CONFIG_H   -I.  -I. -I./include -I./lib  -Wno-parentheses -Wno-format-security  -I/home/samson/Projects/clojv3/./store/musl-1.2.6/include -g -O2 -c dispose_cmd.c
./support/signames.c: In function ‘initialize_signames’:
./support/signames.c:136:61: warning: ‘%d’ directive writing between 1 and 11 bytes into a region of size 5 [-Wformat-overflow=]
  136 |             sprintf (signal_names[rtmin+rtcnt+1], "SIGRTMIN+%d", rtcnt+1);
      |                                                             ^~
./support/signames.c:136:51: note: directive argument in the range [-1073741823, 127]
  136 |             sprintf (signal_names[rtmin+rtcnt+1], "SIGRTMIN+%d", rtcnt+1);
      |                                                   ^~~~~~~~~~~~~
./support/signames.c:136:13: note: ‘sprintf’ output between 11 and 21 bytes into a destination of size 14
  136 |             sprintf (signal_names[rtmin+rtcnt+1], "SIGRTMIN+%d", rtcnt+1);
      |             ^~~~~~~~~~~~~~~~~~~~~~~~~~~~~~~~~~~~~~~~~~~~~~~~~~~~~~~~~~~~~
rm -f copy_cmd.o
x86_64-unknown-linux-musl-gcc  -DPROGRAM='"bash"' -DCONF_HOSTTYPE='"x86_64"' -DCONF_OSTYPE='"linux-musl"' -DCONF_MACHTYPE='"x86_64-pc-linux-musl"' -DCONF_VENDOR='"pc"' -DLOCALEDIR='"/home/samson/Projects/clojv3/./store/sh-5.3/share/locale"' -DPACKAGE='"bash"' -DSHELL -DHAVE_CONFIG_H   -I.  -I. -I./include -I./lib  -Wno-parentheses -Wno-format-security  -I/home/samson/Projects/clojv3/./store/musl-1.2.6/include -g -O2 -c copy_cmd.c
print_cmd.c: In function ‘make_command_string_internal’:
print_cmd.c:181:14: warning: zero-length gnu_printf format string [-Wformat-zero-length]
  181 |     cprintf ("");
      |              ^~
print_cmd.c: In function ‘print_simple_command’:
print_cmd.c:1007:14: warning: zero-length gnu_printf format string [-Wformat-zero-length]
 1007 |     cprintf ("");
      |              ^~
rm -f error.o
x86_64-unknown-linux-musl-gcc  -DPROGRAM='"bash"' -DCONF_HOSTTYPE='"x86_64"' -DCONF_OSTYPE='"linux-musl"' -DCONF_MACHTYPE='"x86_64-pc-linux-musl"' -DCONF_VENDOR='"pc"' -DLOCALEDIR='"/home/samson/Projects/clojv3/./store/sh-5.3/share/locale"' -DPACKAGE='"bash"' -DSHELL -DHAVE_CONFIG_H   -I.  -I. -I./include -I./lib  -Wno-parentheses -Wno-format-security  -I/home/samson/Projects/clojv3/./store/musl-1.2.6/include -g -O2 -c error.c
rm -f flags.o
rm -f hashcmd.o
x86_64-unknown-linux-musl-gcc  -DPROGRAM='"bash"' -DCONF_HOSTTYPE='"x86_64"' -DCONF_OSTYPE='"linux-musl"' -DCONF_MACHTYPE='"x86_64-pc-linux-musl"' -DCONF_VENDOR='"pc"' -DLOCALEDIR='"/home/samson/Projects/clojv3/./store/sh-5.3/share/locale"' -DPACKAGE='"bash"' -DSHELL -DHAVE_CONFIG_H   -I.  -I. -I./include -I./lib  -Wno-parentheses -Wno-format-security  -I/home/samson/Projects/clojv3/./store/musl-1.2.6/include -g -O2 -c flags.c
x86_64-unknown-linux-musl-gcc  -DPROGRAM='"bash"' -DCONF_HOSTTYPE='"x86_64"' -DCONF_OSTYPE='"linux-musl"' -DCONF_MACHTYPE='"x86_64-pc-linux-musl"' -DCONF_VENDOR='"pc"' -DLOCALEDIR='"/home/samson/Projects/clojv3/./store/sh-5.3/share/locale"' -DPACKAGE='"bash"' -DSHELL -DHAVE_CONFIG_H   -I.  -I. -I./include -I./lib  -Wno-parentheses -Wno-format-security  -I/home/samson/Projects/clojv3/./store/musl-1.2.6/include -g -O2 -c hashcmd.c
rm -f hashlib.o
x86_64-unknown-linux-musl-gcc  -DPROGRAM='"bash"' -DCONF_HOSTTYPE='"x86_64"' -DCONF_OSTYPE='"linux-musl"' -DCONF_MACHTYPE='"x86_64-pc-linux-musl"' -DCONF_VENDOR='"pc"' -DLOCALEDIR='"/home/samson/Projects/clojv3/./store/sh-5.3/share/locale"' -DPACKAGE='"bash"' -DSHELL -DHAVE_CONFIG_H   -I.  -I. -I./include -I./lib  -Wno-parentheses -Wno-format-security  -I/home/samson/Projects/clojv3/./store/musl-1.2.6/include -g -O2 -c hashlib.c
rm -f mailcheck.o
x86_64-unknown-linux-musl-gcc  -DPROGRAM='"bash"' -DCONF_HOSTTYPE='"x86_64"' -DCONF_OSTYPE='"linux-musl"' -DCONF_MACHTYPE='"x86_64-pc-linux-musl"' -DCONF_VENDOR='"pc"' -DLOCALEDIR='"/home/samson/Projects/clojv3/./store/sh-5.3/share/locale"' -DPACKAGE='"bash"' -DSHELL -DHAVE_CONFIG_H   -I.  -I. -I./include -I./lib  -Wno-parentheses -Wno-format-security  -I/home/samson/Projects/clojv3/./store/musl-1.2.6/include -g -O2 -c mailcheck.c
rm -f mksignames
x86_64-unknown-linux-musl-gcc -DPROGRAM='"bash"' -DCONF_HOSTTYPE='"x86_64"' -DCONF_OSTYPE='"linux-musl"' -DCONF_MACHTYPE='"x86_64-pc-linux-musl"' -DCONF_VENDOR='"pc"' -DLOCALEDIR='"/home/samson/Projects/clojv3/./store/sh-5.3/share/locale"' -DPACKAGE='"bash"' -DSHELL -DHAVE_CONFIG_H   -I.  -I. -I./include -I./lib  -Wno-parentheses -Wno-format-security -I/home/samson/Projects/clojv3/./store/musl-1.2.6/include -g -O2   -B/home/samson/Projects/clojv3/./store/musl-1.2.6/lib -L/home/samson/Projects/clojv3/./store/musl-1.2.6/lib -Wl,-rpath,/home/samson/Projects/clojv3/./store/musl-1.2.6/lib -Wl,-dynamic-linker,/home/samson/Projects/clojv3/./store/musl-1.2.6/lib/libc.so -L./lib/termcap -rdynamic -g -O2   -rdynamic -g -O2  -o mksignames mksignames.o buildsignames.o 
rm -f input.o
rm -f pathexp.o
x86_64-unknown-linux-musl-gcc  -DPROGRAM='"bash"' -DCONF_HOSTTYPE='"x86_64"' -DCONF_OSTYPE='"linux-musl"' -DCONF_MACHTYPE='"x86_64-pc-linux-musl"' -DCONF_VENDOR='"pc"' -DLOCALEDIR='"/home/samson/Projects/clojv3/./store/sh-5.3/share/locale"' -DPACKAGE='"bash"' -DSHELL -DHAVE_CONFIG_H   -I.  -I. -I./include -I./lib  -Wno-parentheses -Wno-format-security  -I/home/samson/Projects/clojv3/./store/musl-1.2.6/include -g -O2 -c input.c
x86_64-unknown-linux-musl-gcc  -DPROGRAM='"bash"' -DCONF_HOSTTYPE='"x86_64"' -DCONF_OSTYPE='"linux-musl"' -DCONF_MACHTYPE='"x86_64-pc-linux-musl"' -DCONF_VENDOR='"pc"' -DLOCALEDIR='"/home/samson/Projects/clojv3/./store/sh-5.3/share/locale"' -DPACKAGE='"bash"' -DSHELL -DHAVE_CONFIG_H   -I.  -I. -I./include -I./lib  -Wno-parentheses -Wno-format-security  -I/home/samson/Projects/clojv3/./store/musl-1.2.6/include -g -O2 -c pathexp.c
rm -f test.o
x86_64-unknown-linux-musl-gcc  -DPROGRAM='"bash"' -DCONF_HOSTTYPE='"x86_64"' -DCONF_OSTYPE='"linux-musl"' -DCONF_MACHTYPE='"x86_64-pc-linux-musl"' -DCONF_VENDOR='"pc"' -DLOCALEDIR='"/home/samson/Projects/clojv3/./store/sh-5.3/share/locale"' -DPACKAGE='"bash"' -DSHELL -DHAVE_CONFIG_H   -I.  -I. -I./include -I./lib  -Wno-parentheses -Wno-format-security  -I/home/samson/Projects/clojv3/./store/musl-1.2.6/include -g -O2 -c test.c
rm -f syntax.c
./mksyntax -o syntax.c
rm -f array.o
x86_64-unknown-linux-musl-gcc  -DPROGRAM='"bash"' -DCONF_HOSTTYPE='"x86_64"' -DCONF_OSTYPE='"linux-musl"' -DCONF_MACHTYPE='"x86_64-pc-linux-musl"' -DCONF_VENDOR='"pc"' -DLOCALEDIR='"/home/samson/Projects/clojv3/./store/sh-5.3/share/locale"' -DPACKAGE='"bash"' -DSHELL -DHAVE_CONFIG_H   -I.  -I. -I./include -I./lib  -Wno-parentheses -Wno-format-security  -I/home/samson/Projects/clojv3/./store/musl-1.2.6/include -g -O2 -c array.c
rm -f arrayfunc.o
rm -f assoc.o
x86_64-unknown-linux-musl-gcc  -DPROGRAM='"bash"' -DCONF_HOSTTYPE='"x86_64"' -DCONF_OSTYPE='"linux-musl"' -DCONF_MACHTYPE='"x86_64-pc-linux-musl"' -DCONF_VENDOR='"pc"' -DLOCALEDIR='"/home/samson/Projects/clojv3/./store/sh-5.3/share/locale"' -DPACKAGE='"bash"' -DSHELL -DHAVE_CONFIG_H   -I.  -I. -I./include -I./lib  -Wno-parentheses -Wno-format-security  -I/home/samson/Projects/clojv3/./store/musl-1.2.6/include -g -O2 -c arrayfunc.c
x86_64-unknown-linux-musl-gcc  -DPROGRAM='"bash"' -DCONF_HOSTTYPE='"x86_64"' -DCONF_OSTYPE='"linux-musl"' -DCONF_MACHTYPE='"x86_64-pc-linux-musl"' -DCONF_VENDOR='"pc"' -DLOCALEDIR='"/home/samson/Projects/clojv3/./store/sh-5.3/share/locale"' -DPACKAGE='"bash"' -DSHELL -DHAVE_CONFIG_H   -I.  -I. -I./include -I./lib  -Wno-parentheses -Wno-format-security  -I/home/samson/Projects/clojv3/./store/musl-1.2.6/include -g -O2 -c assoc.c
rm -f braces.o
x86_64-unknown-linux-musl-gcc  -DPROGRAM='"bash"' -DCONF_HOSTTYPE='"x86_64"' -DCONF_OSTYPE='"linux-musl"' -DCONF_MACHTYPE='"x86_64-pc-linux-musl"' -DCONF_VENDOR='"pc"' -DLOCALEDIR='"/home/samson/Projects/clojv3/./store/sh-5.3/share/locale"' -DPACKAGE='"bash"' -DSHELL -DHAVE_CONFIG_H   -I.  -I. -I./include -I./lib  -Wno-parentheses -Wno-format-security  -I/home/samson/Projects/clojv3/./store/musl-1.2.6/include -g -O2 -c braces.c
rm -f bracecomp.o
x86_64-unknown-linux-musl-gcc  -DPROGRAM='"bash"' -DCONF_HOSTTYPE='"x86_64"' -DCONF_OSTYPE='"linux-musl"' -DCONF_MACHTYPE='"x86_64-pc-linux-musl"' -DCONF_VENDOR='"pc"' -DLOCALEDIR='"/home/samson/Projects/clojv3/./store/sh-5.3/share/locale"' -DPACKAGE='"bash"' -DSHELL -DHAVE_CONFIG_H   -I.  -I. -I./include -I./lib  -Wno-parentheses -Wno-format-security  -I/home/samson/Projects/clojv3/./store/musl-1.2.6/include -g -O2 -c bracecomp.c
rm -f bashhist.o
x86_64-unknown-linux-musl-gcc  -DPROGRAM='"bash"' -DCONF_HOSTTYPE='"x86_64"' -DCONF_OSTYPE='"linux-musl"' -DCONF_MACHTYPE='"x86_64-pc-linux-musl"' -DCONF_VENDOR='"pc"' -DLOCALEDIR='"/home/samson/Projects/clojv3/./store/sh-5.3/share/locale"' -DPACKAGE='"bash"' -DSHELL -DHAVE_CONFIG_H   -I.  -I. -I./include -I./lib  -Wno-parentheses -Wno-format-security  -I/home/samson/Projects/clojv3/./store/musl-1.2.6/include -g -O2 -c bashhist.c
x86_64-unknown-linux-musl-gcc -B/home/samson/Projects/clojv3/./store/musl-1.2.6/lib -L/home/samson/Projects/clojv3/./store/musl-1.2.6/lib -Wl,-rpath,/home/samson/Projects/clojv3/./store/musl-1.2.6/lib -Wl,-dynamic-linker,/home/samson/Projects/clojv3/./store/musl-1.2.6/lib/libc.so -L./lib/termcap -rdynamic -g -O2 -rdynamic -g -O2  -o mkbuiltins mkbuiltins.o -ldl 
rm -f list.o
x86_64-unknown-linux-musl-gcc  -DPROGRAM='"bash"' -DCONF_HOSTTYPE='"x86_64"' -DCONF_OSTYPE='"linux-musl"' -DCONF_MACHTYPE='"x86_64-pc-linux-musl"' -DCONF_VENDOR='"pc"' -DLOCALEDIR='"/home/samson/Projects/clojv3/./store/sh-5.3/share/locale"' -DPACKAGE='"bash"' -DSHELL -DHAVE_CONFIG_H   -I.  -I. -I./include -I./lib  -Wno-parentheses -Wno-format-security  -I/home/samson/Projects/clojv3/./store/musl-1.2.6/include -g -O2 -c list.c
rm -f stringlib.o
x86_64-unknown-linux-musl-gcc  -DPROGRAM='"bash"' -DCONF_HOSTTYPE='"x86_64"' -DCONF_OSTYPE='"linux-musl"' -DCONF_MACHTYPE='"x86_64-pc-linux-musl"' -DCONF_VENDOR='"pc"' -DLOCALEDIR='"/home/samson/Projects/clojv3/./store/sh-5.3/share/locale"' -DPACKAGE='"bash"' -DSHELL -DHAVE_CONFIG_H   -I.  -I. -I./include -I./lib  -Wno-parentheses -Wno-format-security  -I/home/samson/Projects/clojv3/./store/musl-1.2.6/include -g -O2 -c stringlib.c
rm -f locale.o
x86_64-unknown-linux-musl-gcc  -DPROGRAM='"bash"' -DCONF_HOSTTYPE='"x86_64"' -DCONF_OSTYPE='"linux-musl"' -DCONF_MACHTYPE='"x86_64-pc-linux-musl"' -DCONF_VENDOR='"pc"' -DLOCALEDIR='"/home/samson/Projects/clojv3/./store/sh-5.3/share/locale"' -DPACKAGE='"bash"' -DSHELL -DHAVE_CONFIG_H   -I.  -I. -I./include -I./lib  -Wno-parentheses -Wno-format-security  -I/home/samson/Projects/clojv3/./store/musl-1.2.6/include -g -O2 -c locale.c
rm -f findcmd.o
x86_64-unknown-linux-musl-gcc  -DPROGRAM='"bash"' -DCONF_HOSTTYPE='"x86_64"' -DCONF_OSTYPE='"linux-musl"' -DCONF_MACHTYPE='"x86_64-pc-linux-musl"' -DCONF_VENDOR='"pc"' -DLOCALEDIR='"/home/samson/Projects/clojv3/./store/sh-5.3/share/locale"' -DPACKAGE='"bash"' -DSHELL -DHAVE_CONFIG_H   -I.  -I. -I./include -I./lib  -Wno-parentheses -Wno-format-security  -I/home/samson/Projects/clojv3/./store/musl-1.2.6/include -g -O2 -c findcmd.c
make[1]: Leaving directory '/home/samson/Projects/clojv3/store/tmp/sh-5.3/bash-5.3/builtins'
rm -f pcomplib.o
x86_64-unknown-linux-musl-gcc  -DPROGRAM='"bash"' -DCONF_HOSTTYPE='"x86_64"' -DCONF_OSTYPE='"linux-musl"' -DCONF_MACHTYPE='"x86_64-pc-linux-musl"' -DCONF_VENDOR='"pc"' -DLOCALEDIR='"/home/samson/Projects/clojv3/./store/sh-5.3/share/locale"' -DPACKAGE='"bash"' -DSHELL -DHAVE_CONFIG_H   -I.  -I. -I./include -I./lib  -Wno-parentheses -Wno-format-security  -I/home/samson/Projects/clojv3/./store/musl-1.2.6/include -g -O2 -c pcomplib.c
rm -f syntax.o
x86_64-unknown-linux-musl-gcc  -DPROGRAM='"bash"' -DCONF_HOSTTYPE='"x86_64"' -DCONF_OSTYPE='"linux-musl"' -DCONF_MACHTYPE='"x86_64-pc-linux-musl"' -DCONF_VENDOR='"pc"' -DLOCALEDIR='"/home/samson/Projects/clojv3/./store/sh-5.3/share/locale"' -DPACKAGE='"bash"' -DSHELL -DHAVE_CONFIG_H   -I.  -I. -I./include -I./lib  -Wno-parentheses -Wno-format-security  -I/home/samson/Projects/clojv3/./store/musl-1.2.6/include -g -O2 -c syntax.c
rm -f execute_cmd.o
x86_64-unknown-linux-musl-gcc  -DPROGRAM='"bash"' -DCONF_HOSTTYPE='"x86_64"' -DCONF_OSTYPE='"linux-musl"' -DCONF_MACHTYPE='"x86_64-pc-linux-musl"' -DCONF_VENDOR='"pc"' -DLOCALEDIR='"/home/samson/Projects/clojv3/./store/sh-5.3/share/locale"' -DPACKAGE='"bash"' -DSHELL -DHAVE_CONFIG_H   -I.  -I. -I./include -I./lib  -Wno-parentheses -Wno-format-security  -I/home/samson/Projects/clojv3/./store/musl-1.2.6/include -g -O2 -c execute_cmd.c
rm -f variables.o
x86_64-unknown-linux-musl-gcc  -DPROGRAM='"bash"' -DCONF_HOSTTYPE='"x86_64"' -DCONF_OSTYPE='"linux-musl"' -DCONF_MACHTYPE='"x86_64-pc-linux-musl"' -DCONF_VENDOR='"pc"' -DLOCALEDIR='"/home/samson/Projects/clojv3/./store/sh-5.3/share/locale"' -DPACKAGE='"bash"' -DSHELL -DHAVE_CONFIG_H   -I.  -I. -I./include -I./lib  -Wno-parentheses -Wno-format-security  -I/home/samson/Projects/clojv3/./store/musl-1.2.6/include -g -O2 -c variables.c
rm -f expr.o
x86_64-unknown-linux-musl-gcc  -DPROGRAM='"bash"' -DCONF_HOSTTYPE='"x86_64"' -DCONF_OSTYPE='"linux-musl"' -DCONF_MACHTYPE='"x86_64-pc-linux-musl"' -DCONF_VENDOR='"pc"' -DLOCALEDIR='"/home/samson/Projects/clojv3/./store/sh-5.3/share/locale"' -DPACKAGE='"bash"' -DSHELL -DHAVE_CONFIG_H   -I.  -I. -I./include -I./lib  -Wno-parentheses -Wno-format-security  -I/home/samson/Projects/clojv3/./store/musl-1.2.6/include -g -O2 -c expr.c
rm -f jobs.o
rm -f subst.o
x86_64-unknown-linux-musl-gcc  -DPROGRAM='"bash"' -DCONF_HOSTTYPE='"x86_64"' -DCONF_OSTYPE='"linux-musl"' -DCONF_MACHTYPE='"x86_64-pc-linux-musl"' -DCONF_VENDOR='"pc"' -DLOCALEDIR='"/home/samson/Projects/clojv3/./store/sh-5.3/share/locale"' -DPACKAGE='"bash"' -DSHELL -DHAVE_CONFIG_H   -I.  -I. -I./include -I./lib  -Wno-parentheses -Wno-format-security  -I/home/samson/Projects/clojv3/./store/musl-1.2.6/include -g -O2 -c jobs.c
rm -f lsignames.h
x86_64-unknown-linux-musl-gcc  -DPROGRAM='"bash"' -DCONF_HOSTTYPE='"x86_64"' -DCONF_OSTYPE='"linux-musl"' -DCONF_MACHTYPE='"x86_64-pc-linux-musl"' -DCONF_VENDOR='"pc"' -DLOCALEDIR='"/home/samson/Projects/clojv3/./store/sh-5.3/share/locale"' -DPACKAGE='"bash"' -DSHELL -DHAVE_CONFIG_H   -I.  -I. -I./include -I./lib  -Wno-parentheses -Wno-format-security  -I/home/samson/Projects/clojv3/./store/musl-1.2.6/include -g -O2 -c subst.c
./mksignames lsignames.h
rm -f sig.o
x86_64-unknown-linux-musl-gcc  -DPROGRAM='"bash"' -DCONF_HOSTTYPE='"x86_64"' -DCONF_OSTYPE='"linux-musl"' -DCONF_MACHTYPE='"x86_64-pc-linux-musl"' -DCONF_VENDOR='"pc"' -DLOCALEDIR='"/home/samson/Projects/clojv3/./store/sh-5.3/share/locale"' -DPACKAGE='"bash"' -DSHELL -DHAVE_CONFIG_H   -I.  -I. -I./include -I./lib  -Wno-parentheses -Wno-format-security  -I/home/samson/Projects/clojv3/./store/musl-1.2.6/include -g -O2 -c sig.c
/nix/store/svx59425zxp552p2b8gm11qj5r09b56i-bash-5.3p15/bin/sh ./support/mkversion.sh -b -S . -s release -d 5.3 -o newversion.h \
	&& mv newversion.h version.h
rm -f bashline.o
x86_64-unknown-linux-musl-gcc  -DPROGRAM='"bash"' -DCONF_HOSTTYPE='"x86_64"' -DCONF_OSTYPE='"linux-musl"' -DCONF_MACHTYPE='"x86_64-pc-linux-musl"' -DCONF_VENDOR='"pc"' -DLOCALEDIR='"/home/samson/Projects/clojv3/./store/sh-5.3/share/locale"' -DPACKAGE='"bash"' -DSHELL -DHAVE_CONFIG_H   -I.  -I. -I./include -I./lib  -Wno-parentheses -Wno-format-security  -I/home/samson/Projects/clojv3/./store/musl-1.2.6/include -g -O2 -c bashline.c
make[1]: Entering directory '/home/samson/Projects/clojv3/store/tmp/sh-5.3/bash-5.3/builtins'
rm -f builtins.o
x86_64-unknown-linux-musl-gcc -c   -DHAVE_CONFIG_H -DSHELL -I. -I..  -I.. -I../include -I../lib -I.  -Wno-parentheses -Wno-format-security  -I/home/samson/Projects/clojv3/./store/musl-1.2.6/include -g -O2 builtins.c
rm -f alias.o
./mkbuiltins -D . alias.def
x86_64-unknown-linux-musl-gcc -c   -DHAVE_CONFIG_H -DSHELL -I. -I..  -I.. -I../include -I../lib -I.  -Wno-parentheses -Wno-format-security  -I/home/samson/Projects/clojv3/./store/musl-1.2.6/include -g -O2 alias.c || ( rm -f alias.c ; exit 1 )
rm -f pcomplete.o
x86_64-unknown-linux-musl-gcc  -DPROGRAM='"bash"' -DCONF_HOSTTYPE='"x86_64"' -DCONF_OSTYPE='"linux-musl"' -DCONF_MACHTYPE='"x86_64-pc-linux-musl"' -DCONF_VENDOR='"pc"' -DLOCALEDIR='"/home/samson/Projects/clojv3/./store/sh-5.3/share/locale"' -DPACKAGE='"bash"' -DSHELL -DHAVE_CONFIG_H   -I.  -I. -I./include -I./lib  -Wno-parentheses -Wno-format-security  -I/home/samson/Projects/clojv3/./store/musl-1.2.6/include -g -O2 -c pcomplete.c
x86_64-unknown-linux-musl-gcc -DPROGRAM='"bash"' -DCONF_HOSTTYPE='"x86_64"' -DCONF_OSTYPE='"linux-musl"' -DCONF_MACHTYPE='"x86_64-pc-linux-musl"' -DCONF_VENDOR='"pc"' -DLOCALEDIR='"/home/samson/Projects/clojv3/./store/sh-5.3/share/locale"' -DPACKAGE='"bash"' -DSHELL -DHAVE_CONFIG_H   -I.  -I. -I./include -I./lib  -Wno-parentheses -Wno-format-security -I/home/samson/Projects/clojv3/./store/musl-1.2.6/include -g -O2  -DBUILDTOOL -c -o buildversion.o ./version.c
if cmp -s lsignames.h signames.h ; then :; else rm -f signames.h ; cp lsignames.h signames.h ; fi
rm -f bind.o
./mkbuiltins -D . bind.def
x86_64-unknown-linux-musl-gcc -c   -DHAVE_CONFIG_H -DSHELL -I. -I..  -I.. -I../include -I../lib -I.  -Wno-parentheses -Wno-format-security  -I/home/samson/Projects/clojv3/./store/musl-1.2.6/include -g -O2 bind.c || ( rm -f bind.c ; exit 1 )
rm -f version.o
rm -f alias.c
x86_64-unknown-linux-musl-gcc  -DPROGRAM='"bash"' -DCONF_HOSTTYPE='"x86_64"' -DCONF_OSTYPE='"linux-musl"' -DCONF_MACHTYPE='"x86_64-pc-linux-musl"' -DCONF_VENDOR='"pc"' -DLOCALEDIR='"/home/samson/Projects/clojv3/./store/sh-5.3/share/locale"' -DPACKAGE='"bash"' -DSHELL -DHAVE_CONFIG_H   -I.  -I. -I./include -I./lib  -Wno-parentheses -Wno-format-security  -I/home/samson/Projects/clojv3/./store/musl-1.2.6/include -g -O2 -c version.c
x86_64-unknown-linux-musl-gcc -DPROGRAM='"bash"' -DCONF_HOSTTYPE='"x86_64"' -DCONF_OSTYPE='"linux-musl"' -DCONF_MACHTYPE='"x86_64-pc-linux-musl"' -DCONF_VENDOR='"pc"' -DLOCALEDIR='"/home/samson/Projects/clojv3/./store/sh-5.3/share/locale"' -DPACKAGE='"bash"' -DSHELL -DHAVE_CONFIG_H   -I.  -I. -I./include -I./lib  -Wno-parentheses -Wno-format-security -I/home/samson/Projects/clojv3/./store/musl-1.2.6/include -g -O2   -B/home/samson/Projects/clojv3/./store/musl-1.2.6/lib -L/home/samson/Projects/clojv3/./store/musl-1.2.6/lib -Wl,-rpath,/home/samson/Projects/clojv3/./store/musl-1.2.6/lib -Wl,-dynamic-linker,/home/samson/Projects/clojv3/./store/musl-1.2.6/lib/libc.so -L./lib/termcap -rdynamic -g -O2   -rdynamic -g -O2  -o bashversion ./support/bashversion.c buildversion.o 
rm -f break.o
./mkbuiltins -D . break.def
x86_64-unknown-linux-musl-gcc -c   -DHAVE_CONFIG_H -DSHELL -I. -I..  -I.. -I../include -I../lib -I.  -Wno-parentheses -Wno-format-security  -I/home/samson/Projects/clojv3/./store/musl-1.2.6/include -g -O2 break.c || ( rm -f break.c ; exit 1 )
rm -f builtin.o
./mkbuiltins -D . builtin.def
x86_64-unknown-linux-musl-gcc -c   -DHAVE_CONFIG_H -DSHELL -I. -I..  -I.. -I../include -I../lib -I.  -Wno-parentheses -Wno-format-security  -I/home/samson/Projects/clojv3/./store/musl-1.2.6/include -g -O2 builtin.c || ( rm -f builtin.c ; exit 1 )
rm -f bind.c
rm -f caller.o
rm -f break.c
rm -f cd.o
./mkbuiltins -D . caller.def
./mkbuiltins -D . cd.def
rm -f trap.o
x86_64-unknown-linux-musl-gcc -c   -DHAVE_CONFIG_H -DSHELL -I. -I..  -I.. -I../include -I../lib -I.  -Wno-parentheses -Wno-format-security  -I/home/samson/Projects/clojv3/./store/musl-1.2.6/include -g -O2 caller.c || ( rm -f caller.c ; exit 1 )
x86_64-unknown-linux-musl-gcc -c   -DHAVE_CONFIG_H -DSHELL -I. -I..  -I.. -I../include -I../lib -I.  -Wno-parentheses -Wno-format-security  -I/home/samson/Projects/clojv3/./store/musl-1.2.6/include -g -O2 cd.c || ( rm -f cd.c ; exit 1 )
rm -f colon.o
x86_64-unknown-linux-musl-gcc  -DPROGRAM='"bash"' -DCONF_HOSTTYPE='"x86_64"' -DCONF_OSTYPE='"linux-musl"' -DCONF_MACHTYPE='"x86_64-pc-linux-musl"' -DCONF_VENDOR='"pc"' -DLOCALEDIR='"/home/samson/Projects/clojv3/./store/sh-5.3/share/locale"' -DPACKAGE='"bash"' -DSHELL -DHAVE_CONFIG_H   -I.  -I. -I./include -I./lib  -Wno-parentheses -Wno-format-security  -I/home/samson/Projects/clojv3/./store/musl-1.2.6/include -g -O2 -c trap.c
./mkbuiltins -D . colon.def
x86_64-unknown-linux-musl-gcc -c   -DHAVE_CONFIG_H -DSHELL -I. -I..  -I.. -I../include -I../lib -I.  -Wno-parentheses -Wno-format-security  -I/home/samson/Projects/clojv3/./store/musl-1.2.6/include -g -O2 colon.c || ( rm -f colon.c ; exit 1 )
rm -f builtin.c
rm -f command.o
./mkbuiltins -D . command.def
x86_64-unknown-linux-musl-gcc -c   -DHAVE_CONFIG_H -DSHELL -I. -I..  -I.. -I../include -I../lib -I.  -Wno-parentheses -Wno-format-security  -I/home/samson/Projects/clojv3/./store/musl-1.2.6/include -g -O2 command.c || ( rm -f command.c ; exit 1 )
rm -f caller.c
rm -f common.o
rm -f colon.c
x86_64-unknown-linux-musl-gcc -c   -DHAVE_CONFIG_H -DSHELL -I. -I..  -I.. -I../include -I../lib -I.  -Wno-parentheses -Wno-format-security  -I/home/samson/Projects/clojv3/./store/musl-1.2.6/include -g -O2 common.c

	  ***********************************************************
	  *                                                         *
	  * GNU bash, version 5.3.0(1)-release (x86_64-pc-linux-musl)
	  *                                                         *
rm -f command.c
	  ***********************************************************
rm -f declare.o

rm -f echo.o
./mkbuiltins -D . declare.def
./mkbuiltins -D . echo.def
x86_64-unknown-linux-musl-gcc -c   -DHAVE_CONFIG_H -DSHELL -I. -I..  -I.. -I../include -I../lib -I.  -Wno-parentheses -Wno-format-security  -I/home/samson/Projects/clojv3/./store/musl-1.2.6/include -g -O2 declare.c || ( rm -f declare.c ; exit 1 )
x86_64-unknown-linux-musl-gcc -c   -DHAVE_CONFIG_H -DSHELL -I. -I..  -I.. -I../include -I../lib -I.  -Wno-parentheses -Wno-format-security  -I/home/samson/Projects/clojv3/./store/musl-1.2.6/include -g -O2 echo.c || ( rm -f echo.c ; exit 1 )
rm -f cd.c
rm -f enable.o
./mkbuiltins -D . enable.def
x86_64-unknown-linux-musl-gcc -c   -DHAVE_CONFIG_H -DSHELL -I. -I..  -I.. -I../include -I../lib -I.  -Wno-parentheses -Wno-format-security  -I/home/samson/Projects/clojv3/./store/musl-1.2.6/include -g -O2 enable.c || ( rm -f enable.c ; exit 1 )
rm -f echo.c
making lib/glob/libglob.a in ./lib/glob
make[1]: Entering directory '/home/samson/Projects/clojv3/store/tmp/sh-5.3/bash-5.3/lib/glob'
rm -f glob.o
x86_64-unknown-linux-musl-gcc -c  -DHAVE_CONFIG_H -DSHELL -I. -I../.. -I../.. -I../../include -I../../lib -I/home/samson/Projects/clojv3/./store/musl-1.2.6/include -Wno-parentheses -Wno-format-security  -g -O2  glob.c
making lib/sh/libsh.a in ./lib/sh
make[1]: Entering directory '/home/samson/Projects/clojv3/store/tmp/sh-5.3/bash-5.3/lib/sh'
x86_64-unknown-linux-musl-gcc -c   -I. -I../.. -I../.. -I../../lib -I../../include -I.  -DHAVE_CONFIG_H -DSHELL  -Wno-parentheses -Wno-format-security -g -O2 -I/home/samson/Projects/clojv3/./store/musl-1.2.6/include  clktck.c
x86_64-unknown-linux-musl-gcc -c   -I. -I../.. -I../.. -I../../lib -I../../include -I.  -DHAVE_CONFIG_H -DSHELL  -Wno-parentheses -Wno-format-security -g -O2 -I/home/samson/Projects/clojv3/./store/musl-1.2.6/include  clock.c
x86_64-unknown-linux-musl-gcc -c   -I. -I../.. -I../.. -I../../lib -I../../include -I.  -DHAVE_CONFIG_H -DSHELL  -Wno-parentheses -Wno-format-security -g -O2 -I/home/samson/Projects/clojv3/./store/musl-1.2.6/include  getenv.c
rm -f enable.c
x86_64-unknown-linux-musl-gcc -c   -I. -I../.. -I../.. -I../../lib -I../../include -I.  -DHAVE_CONFIG_H -DSHELL  -Wno-parentheses -Wno-format-security -g -O2 -I/home/samson/Projects/clojv3/./store/musl-1.2.6/include  oslib.c
making lib/readline/libreadline.a in ./lib/readline
make[1]: Entering directory '/home/samson/Projects/clojv3/store/tmp/sh-5.3/bash-5.3/lib/readline'
rm -f readline.o
x86_64-unknown-linux-musl-gcc -c -DHAVE_CONFIG_H -DSHELL  -I/home/samson/Projects/clojv3/./store/musl-1.2.6/include -I. -I/home/samson/Projects/clojv3/store/tmp/sh-5.3/bash-5.3 -I../.. -I../../lib -Wno-parentheses -Wno-format-security  -g -O2  readline.c
rm -f eval.o
./mkbuiltins -D . eval.def
x86_64-unknown-linux-musl-gcc -c   -DHAVE_CONFIG_H -DSHELL -I. -I..  -I.. -I../include -I../lib -I.  -Wno-parentheses -Wno-format-security  -I/home/samson/Projects/clojv3/./store/musl-1.2.6/include -g -O2 eval.c || ( rm -f eval.c ; exit 1 )
rm -f strmatch.o
x86_64-unknown-linux-musl-gcc -c   -I. -I../.. -I../.. -I../../lib -I../../include -I.  -DHAVE_CONFIG_H -DSHELL  -Wno-parentheses -Wno-format-security -g -O2 -I/home/samson/Projects/clojv3/./store/musl-1.2.6/include  setlinebuf.c
x86_64-unknown-linux-musl-gcc -c  -DHAVE_CONFIG_H -DSHELL -I. -I../.. -I../.. -I../../include -I../../lib -I/home/samson/Projects/clojv3/./store/musl-1.2.6/include -Wno-parentheses -Wno-format-security  -g -O2  strmatch.c
rm -f vi_mode.o
x86_64-unknown-linux-musl-gcc -c -DHAVE_CONFIG_H -DSHELL  -I/home/samson/Projects/clojv3/./store/musl-1.2.6/include -I. -I/home/samson/Projects/clojv3/store/tmp/sh-5.3/bash-5.3 -I../.. -I../../lib -Wno-parentheses -Wno-format-security  -g -O2  vi_mode.c
rm -f declare.c
rm -f evalfile.o
rm -f eval.c
x86_64-unknown-linux-musl-gcc -c   -I. -I../.. -I../.. -I../../lib -I../../include -I.  -DHAVE_CONFIG_H -DSHELL  -Wno-parentheses -Wno-format-security -g -O2 -I/home/samson/Projects/clojv3/./store/musl-1.2.6/include  strnlen.c
rm -f evalstring.o
x86_64-unknown-linux-musl-gcc -c   -DHAVE_CONFIG_H -DSHELL -I. -I..  -I.. -I../include -I../lib -I.  -Wno-parentheses -Wno-format-security  -I/home/samson/Projects/clojv3/./store/musl-1.2.6/include -g -O2 evalfile.c
x86_64-unknown-linux-musl-gcc -c   -DHAVE_CONFIG_H -DSHELL -I. -I..  -I.. -I../include -I../lib -I.  -Wno-parentheses -Wno-format-security  -I/home/samson/Projects/clojv3/./store/musl-1.2.6/include -g -O2 evalstring.c
x86_64-unknown-linux-musl-gcc -c   -I. -I../.. -I../.. -I../../lib -I../../include -I.  -DHAVE_CONFIG_H -DSHELL  -Wno-parentheses -Wno-format-security -g -O2 -I/home/samson/Projects/clojv3/./store/musl-1.2.6/include  itos.c
x86_64-unknown-linux-musl-gcc -c   -I. -I../.. -I../.. -I../../lib -I../../include -I.  -DHAVE_CONFIG_H -DSHELL  -Wno-parentheses -Wno-format-security -g -O2 -I/home/samson/Projects/clojv3/./store/musl-1.2.6/include  zread.c
making lib/termcap/libtermcap.a in ./lib/termcap
rm -f smatch.o
x86_64-unknown-linux-musl-gcc -c  -DHAVE_CONFIG_H -DSHELL -I. -I../.. -I../.. -I../../include -I../../lib -I/home/samson/Projects/clojv3/./store/musl-1.2.6/include -Wno-parentheses -Wno-format-security  -g -O2  smatch.c
make[1]: Entering directory '/home/samson/Projects/clojv3/store/tmp/sh-5.3/bash-5.3/lib/termcap'
x86_64-unknown-linux-musl-gcc -c -g -O2 -DHAVE_CONFIG_H -I/home/samson/Projects/clojv3/./store/musl-1.2.6/include -I. -I../.. -I../.. -I../../lib -I. termcap.c
making lib/tilde/libtilde.a in ./lib/tilde
make[1]: Entering directory '/home/samson/Projects/clojv3/store/tmp/sh-5.3/bash-5.3/lib/tilde'
x86_64-unknown-linux-musl-gcc -c  -DHAVE_CONFIG_H -DSHELL -I/home/samson/Projects/clojv3/./store/musl-1.2.6/include -I. -I../.. -I../.. -I../../include -I../../lib -Wno-parentheses -Wno-format-security  -g -O2  tilde.c
x86_64-unknown-linux-musl-gcc -B/home/samson/Projects/clojv3/./store/musl-1.2.6/lib -L/home/samson/Projects/clojv3/./store/musl-1.2.6/lib -Wl,-rpath,/home/samson/Projects/clojv3/./store/musl-1.2.6/lib -Wl,-dynamic-linker,/home/samson/Projects/clojv3/./store/musl-1.2.6/lib/libc.so -L./lib/termcap -rdynamic -rdynamic -g -O2 man2html.o -o man2html -ldl 		
x86_64-unknown-linux-musl-gcc -c   -I. -I../.. -I../.. -I../../lib -I../../include -I.  -DHAVE_CONFIG_H -DSHELL  -Wno-parentheses -Wno-format-security -g -O2 -I/home/samson/Projects/clojv3/./store/musl-1.2.6/include  zwrite.c
make[1]: Leaving directory '/home/samson/Projects/clojv3/store/tmp/sh-5.3/bash-5.3/support'
x86_64-unknown-linux-musl-gcc -c -g -O2 -DHAVE_CONFIG_H -I/home/samson/Projects/clojv3/./store/musl-1.2.6/include -I. -I../.. -I../.. -I../../lib -I. tparam.c
rm -f exec.o
x86_64-unknown-linux-musl-gcc -c   -I. -I../.. -I../.. -I../../lib -I../../include -I.  -DHAVE_CONFIG_H -DSHELL  -Wno-parentheses -Wno-format-security -g -O2 -I/home/samson/Projects/clojv3/./store/musl-1.2.6/include  shtty.c
./mkbuiltins -D . exec.def
x86_64-unknown-linux-musl-gcc -c   -DHAVE_CONFIG_H -DSHELL -I. -I..  -I.. -I../include -I../lib -I.  -Wno-parentheses -Wno-format-security  -I/home/samson/Projects/clojv3/./store/musl-1.2.6/include -g -O2 exec.c || ( rm -f exec.c ; exit 1 )
rm -f libtilde.a
ar cr libtilde.a tilde.o
test -n "ranlib" && ranlib libtilde.a
make[1]: Leaving directory '/home/samson/Projects/clojv3/store/tmp/sh-5.3/bash-5.3/lib/tilde'
rm -f exit.o
rm -f fc.o
./mkbuiltins -D . exit.def
./mkbuiltins -D . fc.def
x86_64-unknown-linux-musl-gcc -c   -DHAVE_CONFIG_H -DSHELL -I. -I..  -I.. -I../include -I../lib -I.  -Wno-parentheses -Wno-format-security  -I/home/samson/Projects/clojv3/./store/musl-1.2.6/include -g -O2 exit.c || ( rm -f exit.c ; exit 1 )
x86_64-unknown-linux-musl-gcc -c   -DHAVE_CONFIG_H -DSHELL -I. -I..  -I.. -I../include -I../lib -I.  -Wno-parentheses -Wno-format-security  -I/home/samson/Projects/clojv3/./store/musl-1.2.6/include -g -O2 fc.c || ( rm -f fc.c ; exit 1 )
rm -f funmap.o
x86_64-unknown-linux-musl-gcc -c -DHAVE_CONFIG_H -DSHELL  -I/home/samson/Projects/clojv3/./store/musl-1.2.6/include -I. -I/home/samson/Projects/clojv3/store/tmp/sh-5.3/bash-5.3 -I../.. -I../../lib -Wno-parentheses -Wno-format-security  -g -O2  funmap.c
rm -f -f libtermcap.a
rm -f exec.c
ar cr libtermcap.a termcap.o tparam.o
rm -f xmbsrtowcs.o
x86_64-unknown-linux-musl-gcc -c  -DHAVE_CONFIG_H -DSHELL -I. -I../.. -I../.. -I../../include -I../../lib -I/home/samson/Projects/clojv3/./store/musl-1.2.6/include -Wno-parentheses -Wno-format-security  -g -O2  xmbsrtowcs.c
test -n "ranlib" && ranlib libtermcap.a
x86_64-unknown-linux-musl-gcc -c   -I. -I../.. -I../.. -I../../lib -I../../include -I.  -DHAVE_CONFIG_H -DSHELL  -Wno-parentheses -Wno-format-security -g -O2 -I/home/samson/Projects/clojv3/./store/musl-1.2.6/include  shmatch.c
make[1]: Leaving directory '/home/samson/Projects/clojv3/store/tmp/sh-5.3/bash-5.3/lib/termcap'
rm -f fg_bg.o
./mkbuiltins -D . fg_bg.def
rm -f hash.o
x86_64-unknown-linux-musl-gcc -c   -DHAVE_CONFIG_H -DSHELL -I. -I..  -I.. -I../include -I../lib -I.  -Wno-parentheses -Wno-format-security  -I/home/samson/Projects/clojv3/./store/musl-1.2.6/include -g -O2 fg_bg.c || ( rm -f fg_bg.c ; exit 1 )
rm -f exit.c
./mkbuiltins -D . hash.def
x86_64-unknown-linux-musl-gcc -c   -DHAVE_CONFIG_H -DSHELL -I. -I..  -I.. -I../include -I../lib -I.  -Wno-parentheses -Wno-format-security  -I/home/samson/Projects/clojv3/./store/musl-1.2.6/include -g -O2 hash.c || ( rm -f hash.c ; exit 1 )
x86_64-unknown-linux-musl-gcc -c   -I. -I../.. -I../.. -I../../lib -I../../include -I.  -DHAVE_CONFIG_H -DSHELL  -Wno-parentheses -Wno-format-security -g -O2 -I/home/samson/Projects/clojv3/./store/musl-1.2.6/include  eaccess.c
x86_64-unknown-linux-musl-gcc -c   -I. -I../.. -I../.. -I../../lib -I../../include -I.  -DHAVE_CONFIG_H -DSHELL  -Wno-parentheses -Wno-format-security -g -O2 -I/home/samson/Projects/clojv3/./store/musl-1.2.6/include  netconn.c
x86_64-unknown-linux-musl-gcc -c   -I. -I../.. -I../.. -I../../lib -I../../include -I.  -DHAVE_CONFIG_H -DSHELL  -Wno-parentheses -Wno-format-security -g -O2 -I/home/samson/Projects/clojv3/./store/musl-1.2.6/include  netopen.c
rm -f gmisc.o
x86_64-unknown-linux-musl-gcc -c  -DHAVE_CONFIG_H -DSHELL -I. -I../.. -I../.. -I../../include -I../../lib -I/home/samson/Projects/clojv3/./store/musl-1.2.6/include -Wno-parentheses -Wno-format-security  -g -O2  gmisc.c
rm -f y.tab.o
rm -f keymaps.o
x86_64-unknown-linux-musl-gcc  -DPROGRAM='"bash"' -DCONF_HOSTTYPE='"x86_64"' -DCONF_OSTYPE='"linux-musl"' -DCONF_MACHTYPE='"x86_64-pc-linux-musl"' -DCONF_VENDOR='"pc"' -DLOCALEDIR='"/home/samson/Projects/clojv3/./store/sh-5.3/share/locale"' -DPACKAGE='"bash"' -DSHELL -DHAVE_CONFIG_H   -I.  -I. -I./include -I./lib  -Wno-parentheses -Wno-format-security  -I/home/samson/Projects/clojv3/./store/musl-1.2.6/include -g -O2 -c y.tab.c
x86_64-unknown-linux-musl-gcc -c -DHAVE_CONFIG_H -DSHELL  -I/home/samson/Projects/clojv3/./store/musl-1.2.6/include -I. -I/home/samson/Projects/clojv3/store/tmp/sh-5.3/bash-5.3 -I../.. -I../../lib -Wno-parentheses -Wno-format-security  -g -O2  keymaps.c
rm -f fg_bg.c
x86_64-unknown-linux-musl-gcc -c   -I. -I../.. -I../.. -I../../lib -I../../include -I.  -DHAVE_CONFIG_H -DSHELL  -Wno-parentheses -Wno-format-security -g -O2 -I/home/samson/Projects/clojv3/./store/musl-1.2.6/include  timeval.c
rm -f hash.c
rm -f help.o
./mkbuiltins -D . help.def
x86_64-unknown-linux-musl-gcc -c   -DHAVE_CONFIG_H -DSHELL -I. -I..  -I.. -I../include -I../lib -I.  -Wno-parentheses -Wno-format-security  -I/home/samson/Projects/clojv3/./store/musl-1.2.6/include -g -O2 help.c || ( rm -f help.c ; exit 1 )
rm -f parens.o
x86_64-unknown-linux-musl-gcc -c -DHAVE_CONFIG_H -DSHELL  -I/home/samson/Projects/clojv3/./store/musl-1.2.6/include -I. -I/home/samson/Projects/clojv3/store/tmp/sh-5.3/bash-5.3 -I../.. -I../../lib -Wno-parentheses -Wno-format-security  -g -O2  parens.c
rm -f search.o
rm -f fc.c
x86_64-unknown-linux-musl-gcc -c -DHAVE_CONFIG_H -DSHELL  -I/home/samson/Projects/clojv3/./store/musl-1.2.6/include -I. -I/home/samson/Projects/clojv3/store/tmp/sh-5.3/bash-5.3 -I../.. -I../../lib -Wno-parentheses -Wno-format-security  -g -O2  search.c
x86_64-unknown-linux-musl-gcc -c   -I. -I../.. -I../.. -I../../lib -I../../include -I.  -DHAVE_CONFIG_H -DSHELL  -Wno-parentheses -Wno-format-security -g -O2 -I/home/samson/Projects/clojv3/./store/musl-1.2.6/include  makepath.c
rm -f rltty.o
x86_64-unknown-linux-musl-gcc -c   -I. -I../.. -I../.. -I../../lib -I../../include -I.  -DHAVE_CONFIG_H -DSHELL  -Wno-parentheses -Wno-format-security -g -O2 -I/home/samson/Projects/clojv3/./store/musl-1.2.6/include  pathcanon.c
x86_64-unknown-linux-musl-gcc -c -DHAVE_CONFIG_H -DSHELL  -I/home/samson/Projects/clojv3/./store/musl-1.2.6/include -I. -I/home/samson/Projects/clojv3/store/tmp/sh-5.3/bash-5.3 -I../.. -I../../lib -Wno-parentheses -Wno-format-security  -g -O2  rltty.c
x86_64-unknown-linux-musl-gcc -c   -I. -I../.. -I../.. -I../../lib -I../../include -I.  -DHAVE_CONFIG_H -DSHELL  -Wno-parentheses -Wno-format-security -g -O2 -I/home/samson/Projects/clojv3/./store/musl-1.2.6/include  pathphys.c
rm -f complete.o
rm -f history.o
x86_64-unknown-linux-musl-gcc -c -DHAVE_CONFIG_H -DSHELL  -I/home/samson/Projects/clojv3/./store/musl-1.2.6/include -I. -I/home/samson/Projects/clojv3/store/tmp/sh-5.3/bash-5.3 -I../.. -I../../lib -Wno-parentheses -Wno-format-security  -g -O2  complete.c
./mkbuiltins -D . history.def
rm -f jobs.o
x86_64-unknown-linux-musl-gcc -c   -DHAVE_CONFIG_H -DSHELL -I. -I..  -I.. -I../include -I../lib -I.  -Wno-parentheses -Wno-format-security  -I/home/samson/Projects/clojv3/./store/musl-1.2.6/include -g -O2 history.c || ( rm -f history.c ; exit 1 )
./mkbuiltins -D . jobs.def
rm -f bind.o
x86_64-unknown-linux-musl-gcc -c   -DHAVE_CONFIG_H -DSHELL -I. -I..  -I.. -I../include -I../lib -I.  -Wno-parentheses -Wno-format-security  -I/home/samson/Projects/clojv3/./store/musl-1.2.6/include -g -O2 jobs.c || ( rm -f jobs.c ; exit 1 )
x86_64-unknown-linux-musl-gcc -c -DHAVE_CONFIG_H -DSHELL  -I/home/samson/Projects/clojv3/./store/musl-1.2.6/include -I. -I/home/samson/Projects/clojv3/store/tmp/sh-5.3/bash-5.3 -I../.. -I../../lib -Wno-parentheses -Wno-format-security  -g -O2  bind.c
rm -f isearch.o
x86_64-unknown-linux-musl-gcc -c -DHAVE_CONFIG_H -DSHELL  -I/home/samson/Projects/clojv3/./store/musl-1.2.6/include -I. -I/home/samson/Projects/clojv3/store/tmp/sh-5.3/bash-5.3 -I../.. -I../../lib -Wno-parentheses -Wno-format-security  -g -O2  isearch.c
x86_64-unknown-linux-musl-gcc -c   -I. -I../.. -I../.. -I../../lib -I../../include -I.  -DHAVE_CONFIG_H -DSHELL  -Wno-parentheses -Wno-format-security -g -O2 -I/home/samson/Projects/clojv3/./store/musl-1.2.6/include  tmpfile.c
rm -f help.c
rm -f kill.o
x86_64-unknown-linux-musl-gcc -c   -I. -I../.. -I../.. -I../../lib -I../../include -I.  -DHAVE_CONFIG_H -DSHELL  -Wno-parentheses -Wno-format-security -g -O2 -I/home/samson/Projects/clojv3/./store/musl-1.2.6/include  stringlist.c
./mkbuiltins -D . kill.def
x86_64-unknown-linux-musl-gcc -c   -DHAVE_CONFIG_H -DSHELL -I. -I..  -I.. -I../include -I../lib -I.  -Wno-parentheses -Wno-format-security  -I/home/samson/Projects/clojv3/./store/musl-1.2.6/include -g -O2 kill.c || ( rm -f kill.c ; exit 1 )
rm -f jobs.c
x86_64-unknown-linux-musl-gcc -c   -I. -I../.. -I../.. -I../../lib -I../../include -I.  -DHAVE_CONFIG_H -DSHELL  -Wno-parentheses -Wno-format-security -g -O2 -I/home/samson/Projects/clojv3/./store/musl-1.2.6/include  stringvec.c
rm -f let.o
./mkbuiltins -D . let.def
x86_64-unknown-linux-musl-gcc -c   -DHAVE_CONFIG_H -DSHELL -I. -I..  -I.. -I../include -I../lib -I.  -Wno-parentheses -Wno-format-security  -I/home/samson/Projects/clojv3/./store/musl-1.2.6/include -g -O2 let.c || ( rm -f let.c ; exit 1 )
rm -f history.c
rm -f mapfile.o
rm -f display.o
./mkbuiltins -D . mapfile.def
x86_64-unknown-linux-musl-gcc -c -DHAVE_CONFIG_H -DSHELL  -I/home/samson/Projects/clojv3/./store/musl-1.2.6/include -I. -I/home/samson/Projects/clojv3/store/tmp/sh-5.3/bash-5.3 -I../.. -I../../lib -Wno-parentheses -Wno-format-security  -g -O2  display.c
x86_64-unknown-linux-musl-gcc -c   -DHAVE_CONFIG_H -DSHELL -I. -I..  -I.. -I../include -I../lib -I.  -Wno-parentheses -Wno-format-security  -I/home/samson/Projects/clojv3/./store/musl-1.2.6/include -g -O2 mapfile.c || ( rm -f mapfile.c ; exit 1 )
rm -f kill.c
x86_64-unknown-linux-musl-gcc -c   -I. -I../.. -I../.. -I../../lib -I../../include -I.  -DHAVE_CONFIG_H -DSHELL  -Wno-parentheses -Wno-format-security -g -O2 -I/home/samson/Projects/clojv3/./store/musl-1.2.6/include  spell.c
rm -f let.c
rm -f pushd.o
./mkbuiltins -D . pushd.def
x86_64-unknown-linux-musl-gcc -c   -DHAVE_CONFIG_H -DSHELL -I. -I..  -I.. -I../include -I../lib -I.  -Wno-parentheses -Wno-format-security  -I/home/samson/Projects/clojv3/./store/musl-1.2.6/include -g -O2 pushd.c || ( rm -f pushd.c ; exit 1 )
x86_64-unknown-linux-musl-gcc -c   -I. -I../.. -I../.. -I../../lib -I../../include -I.  -DHAVE_CONFIG_H -DSHELL  -Wno-parentheses -Wno-format-security -g -O2 -I/home/samson/Projects/clojv3/./store/musl-1.2.6/include  shquote.c
rm -f read.o
./mkbuiltins -D . read.def
x86_64-unknown-linux-musl-gcc -c   -DHAVE_CONFIG_H -DSHELL -I. -I..  -I.. -I../include -I../lib -I.  -Wno-parentheses -Wno-format-security  -I/home/samson/Projects/clojv3/./store/musl-1.2.6/include -g -O2 read.c || ( rm -f read.c ; exit 1 )
rm -f return.o
./mkbuiltins -D . return.def
x86_64-unknown-linux-musl-gcc -c   -DHAVE_CONFIG_H -DSHELL -I. -I..  -I.. -I../include -I../lib -I.  -Wno-parentheses -Wno-format-security  -I/home/samson/Projects/clojv3/./store/musl-1.2.6/include -g -O2 return.c || ( rm -f return.c ; exit 1 )
rm -f mapfile.c
rm -f signals.o
x86_64-unknown-linux-musl-gcc -c   -I. -I../.. -I../.. -I../../lib -I../../include -I.  -DHAVE_CONFIG_H -DSHELL  -Wno-parentheses -Wno-format-security -g -O2 -I/home/samson/Projects/clojv3/./store/musl-1.2.6/include  strtrans.c
x86_64-unknown-linux-musl-gcc -c -DHAVE_CONFIG_H -DSHELL  -I/home/samson/Projects/clojv3/./store/musl-1.2.6/include -I. -I/home/samson/Projects/clojv3/store/tmp/sh-5.3/bash-5.3 -I../.. -I../../lib -Wno-parentheses -Wno-format-security  -g -O2  signals.c
rm -f return.c
rm -f set.o
./mkbuiltins -D . set.def
x86_64-unknown-linux-musl-gcc -c   -DHAVE_CONFIG_H -DSHELL -I. -I..  -I.. -I../include -I../lib -I.  -Wno-parentheses -Wno-format-security  -I/home/samson/Projects/clojv3/./store/musl-1.2.6/include -g -O2 set.c || ( rm -f set.c ; exit 1 )
rm -f setattr.o
./mkbuiltins -D . setattr.def
x86_64-unknown-linux-musl-gcc -c   -DHAVE_CONFIG_H -DSHELL -I. -I..  -I.. -I../include -I../lib -I.  -Wno-parentheses -Wno-format-security  -I/home/samson/Projects/clojv3/./store/musl-1.2.6/include -g -O2 setattr.c || ( rm -f setattr.c ; exit 1 )
rm -f pushd.c
rm -f util.o
x86_64-unknown-linux-musl-gcc -c -DHAVE_CONFIG_H -DSHELL  -I/home/samson/Projects/clojv3/./store/musl-1.2.6/include -I. -I/home/samson/Projects/clojv3/store/tmp/sh-5.3/bash-5.3 -I../.. -I../../lib -Wno-parentheses -Wno-format-security  -g -O2  util.c
x86_64-unknown-linux-musl-gcc -c   -I. -I../.. -I../.. -I../../lib -I../../include -I.  -DHAVE_CONFIG_H -DSHELL  -Wno-parentheses -Wno-format-security -g -O2 -I/home/samson/Projects/clojv3/./store/musl-1.2.6/include  snprintf.c
rm -f shift.o
./mkbuiltins -D . shift.def
x86_64-unknown-linux-musl-gcc -c   -DHAVE_CONFIG_H -DSHELL -I. -I..  -I.. -I../include -I../lib -I.  -Wno-parentheses -Wno-format-security  -I/home/samson/Projects/clojv3/./store/musl-1.2.6/include -g -O2 shift.c || ( rm -f shift.c ; exit 1 )
x86_64-unknown-linux-musl-gcc -c   -I. -I../.. -I../.. -I../../lib -I../../include -I.  -DHAVE_CONFIG_H -DSHELL  -Wno-parentheses -Wno-format-security -g -O2 -I/home/samson/Projects/clojv3/./store/musl-1.2.6/include  mailstat.c
rm -f -f libglob.a
ar cr libglob.a glob.o strmatch.o smatch.o xmbsrtowcs.o gmisc.o
test -n "ranlib" && ranlib libglob.a
make[1]: Leaving directory '/home/samson/Projects/clojv3/store/tmp/sh-5.3/bash-5.3/lib/glob'
x86_64-unknown-linux-musl-gcc -c   -I. -I../.. -I../.. -I../../lib -I../../include -I.  -DHAVE_CONFIG_H -DSHELL  -Wno-parentheses -Wno-format-security -g -O2 -I/home/samson/Projects/clojv3/./store/musl-1.2.6/include  fmtulong.c
rm -f shift.c
x86_64-unknown-linux-musl-gcc -c   -I. -I../.. -I../.. -I../../lib -I../../include -I.  -DHAVE_CONFIG_H -DSHELL  -Wno-parentheses -Wno-format-security -g -O2 -I/home/samson/Projects/clojv3/./store/musl-1.2.6/include  fmtullong.c
rm -f source.o
./mkbuiltins -D . source.def
x86_64-unknown-linux-musl-gcc -c   -DHAVE_CONFIG_H -DSHELL -I. -I..  -I.. -I../include -I../lib -I.  -Wno-parentheses -Wno-format-security  -I/home/samson/Projects/clojv3/./store/musl-1.2.6/include -g -O2 source.c || ( rm -f source.c ; exit 1 )
x86_64-unknown-linux-musl-gcc -c   -I. -I../.. -I../.. -I../../lib -I../../include -I.  -DHAVE_CONFIG_H -DSHELL  -Wno-parentheses -Wno-format-security -g -O2 -I/home/samson/Projects/clojv3/./store/musl-1.2.6/include  fmtumax.c
rm -f set.c
rm -f suspend.o
./mkbuiltins -D . suspend.def
x86_64-unknown-linux-musl-gcc -c   -DHAVE_CONFIG_H -DSHELL -I. -I..  -I.. -I../include -I../lib -I.  -Wno-parentheses -Wno-format-security  -I/home/samson/Projects/clojv3/./store/musl-1.2.6/include -g -O2 suspend.c || ( rm -f suspend.c ; exit 1 )
rm -f kill.o
rm -f undo.o
x86_64-unknown-linux-musl-gcc -c -DHAVE_CONFIG_H -DSHELL  -I/home/samson/Projects/clojv3/./store/musl-1.2.6/include -I. -I/home/samson/Projects/clojv3/store/tmp/sh-5.3/bash-5.3 -I../.. -I../../lib -Wno-parentheses -Wno-format-security  -g -O2  kill.c
x86_64-unknown-linux-musl-gcc -c -DHAVE_CONFIG_H -DSHELL  -I/home/samson/Projects/clojv3/./store/musl-1.2.6/include -I. -I/home/samson/Projects/clojv3/store/tmp/sh-5.3/bash-5.3 -I../.. -I../../lib -Wno-parentheses -Wno-format-security  -g -O2  undo.c
rm -f test.o
./mkbuiltins -D . test.def
rm -f setattr.c
x86_64-unknown-linux-musl-gcc -c   -DHAVE_CONFIG_H -DSHELL -I. -I..  -I.. -I../include -I../lib -I.  -Wno-parentheses -Wno-format-security  -I/home/samson/Projects/clojv3/./store/musl-1.2.6/include -g -O2 test.c || ( rm -f test.c ; exit 1 )
x86_64-unknown-linux-musl-gcc -c   -I. -I../.. -I../.. -I../../lib -I../../include -I.  -DHAVE_CONFIG_H -DSHELL  -Wno-parentheses -Wno-format-security -g -O2 -I/home/samson/Projects/clojv3/./store/musl-1.2.6/include  zcatfd.c
rm -f macro.o
x86_64-unknown-linux-musl-gcc -c -DHAVE_CONFIG_H -DSHELL  -I/home/samson/Projects/clojv3/./store/musl-1.2.6/include -I. -I/home/samson/Projects/clojv3/store/tmp/sh-5.3/bash-5.3 -I../.. -I../../lib -Wno-parentheses -Wno-format-security  -g -O2  macro.c
rm -f suspend.c
rm -f input.o
rm -f source.c
x86_64-unknown-linux-musl-gcc -c -DHAVE_CONFIG_H -DSHELL  -I/home/samson/Projects/clojv3/./store/musl-1.2.6/include -I. -I/home/samson/Projects/clojv3/store/tmp/sh-5.3/bash-5.3 -I../.. -I../../lib -Wno-parentheses -Wno-format-security  -g -O2  input.c
x86_64-unknown-linux-musl-gcc -c   -I. -I../.. -I../.. -I../../lib -I../../include -I.  -DHAVE_CONFIG_H -DSHELL  -Wno-parentheses -Wno-format-security -g -O2 -I/home/samson/Projects/clojv3/./store/musl-1.2.6/include  zmapfd.c
rm -f callback.o
rm -f read.c
x86_64-unknown-linux-musl-gcc -c -DHAVE_CONFIG_H -DSHELL  -I/home/samson/Projects/clojv3/./store/musl-1.2.6/include -I. -I/home/samson/Projects/clojv3/store/tmp/sh-5.3/bash-5.3 -I../.. -I../../lib -Wno-parentheses -Wno-format-security  -g -O2  callback.c
rm -f times.o
./mkbuiltins -D . times.def
rm -f test.c
x86_64-unknown-linux-musl-gcc -c   -DHAVE_CONFIG_H -DSHELL -I. -I..  -I.. -I../include -I../lib -I.  -Wno-parentheses -Wno-format-security  -I/home/samson/Projects/clojv3/./store/musl-1.2.6/include -g -O2 times.c || ( rm -f times.c ; exit 1 )
x86_64-unknown-linux-musl-gcc -c   -I. -I../.. -I../.. -I../../lib -I../../include -I.  -DHAVE_CONFIG_H -DSHELL  -Wno-parentheses -Wno-format-security -g -O2 -I/home/samson/Projects/clojv3/./store/musl-1.2.6/include  winsize.c
x86_64-unknown-linux-musl-gcc -c   -I. -I../.. -I../.. -I../../lib -I../../include -I.  -DHAVE_CONFIG_H -DSHELL  -Wno-parentheses -Wno-format-security -g -O2 -I/home/samson/Projects/clojv3/./store/musl-1.2.6/include  wcsdup.c
x86_64-unknown-linux-musl-gcc -c   -I. -I../.. -I../.. -I../../lib -I../../include -I.  -DHAVE_CONFIG_H -DSHELL  -Wno-parentheses -Wno-format-security -g -O2 -I/home/samson/Projects/clojv3/./store/musl-1.2.6/include  fpurge.c
x86_64-unknown-linux-musl-gcc -c   -I. -I../.. -I../.. -I../../lib -I../../include -I.  -DHAVE_CONFIG_H -DSHELL  -Wno-parentheses -Wno-format-security -g -O2 -I/home/samson/Projects/clojv3/./store/musl-1.2.6/include  zgetline.c
rm -f terminal.o
rm -f text.o
x86_64-unknown-linux-musl-gcc -c -DHAVE_CONFIG_H -DSHELL  -I/home/samson/Projects/clojv3/./store/musl-1.2.6/include -I. -I/home/samson/Projects/clojv3/store/tmp/sh-5.3/bash-5.3 -I../.. -I../../lib -Wno-parentheses -Wno-format-security  -g -O2  text.c
x86_64-unknown-linux-musl-gcc -c -DHAVE_CONFIG_H -DSHELL  -I/home/samson/Projects/clojv3/./store/musl-1.2.6/include -I. -I/home/samson/Projects/clojv3/store/tmp/sh-5.3/bash-5.3 -I../.. -I../../lib -Wno-parentheses -Wno-format-security  -g -O2  terminal.c
rm -f trap.o
./mkbuiltins -D . trap.def
x86_64-unknown-linux-musl-gcc -c   -I. -I../.. -I../.. -I../../lib -I../../include -I.  -DHAVE_CONFIG_H -DSHELL  -Wno-parentheses -Wno-format-security -g -O2 -I/home/samson/Projects/clojv3/./store/musl-1.2.6/include  mbscmp.c
x86_64-unknown-linux-musl-gcc -c   -DHAVE_CONFIG_H -DSHELL -I. -I..  -I.. -I../include -I../lib -I.  -Wno-parentheses -Wno-format-security  -I/home/samson/Projects/clojv3/./store/musl-1.2.6/include -g -O2 trap.c || ( rm -f trap.c ; exit 1 )
rm -f times.c
rm -f type.o
./mkbuiltins -D . type.def
x86_64-unknown-linux-musl-gcc -c   -DHAVE_CONFIG_H -DSHELL -I. -I..  -I.. -I../include -I../lib -I.  -Wno-parentheses -Wno-format-security  -I/home/samson/Projects/clojv3/./store/musl-1.2.6/include -g -O2 type.c || ( rm -f type.c ; exit 1 )
rm -f nls.o
x86_64-unknown-linux-musl-gcc -c -DHAVE_CONFIG_H -DSHELL  -I/home/samson/Projects/clojv3/./store/musl-1.2.6/include -I. -I/home/samson/Projects/clojv3/store/tmp/sh-5.3/bash-5.3 -I../.. -I../../lib -Wno-parentheses -Wno-format-security  -g -O2  nls.c
x86_64-unknown-linux-musl-gcc  -DHAVE_CONFIG_H -DSHELL -I. -I..  -I.. -I../include -I../lib -I.  -Wno-parentheses -Wno-format-security  -I/home/samson/Projects/clojv3/./store/musl-1.2.6/include -g -O2  -B/home/samson/Projects/clojv3/./store/musl-1.2.6/lib -L/home/samson/Projects/clojv3/./store/musl-1.2.6/lib -Wl,-rpath,/home/samson/Projects/clojv3/./store/musl-1.2.6/lib -Wl,-dynamic-linker,/home/samson/Projects/clojv3/./store/musl-1.2.6/lib/libc.so -L./lib/termcap -rdynamic -g -O2 -rdynamic -g -O2  -o psize.aux ./psize.c
x86_64-unknown-linux-musl-gcc -c   -I. -I../.. -I../.. -I../../lib -I../../include -I.  -DHAVE_CONFIG_H -DSHELL  -Wno-parentheses -Wno-format-security -g -O2 -I/home/samson/Projects/clojv3/./store/musl-1.2.6/include  mbsncmp.c
rm -f umask.o
./mkbuiltins -D . umask.def
x86_64-unknown-linux-musl-gcc -c   -DHAVE_CONFIG_H -DSHELL -I. -I..  -I.. -I../include -I../lib -I.  -Wno-parentheses -Wno-format-security  -I/home/samson/Projects/clojv3/./store/musl-1.2.6/include -g -O2 umask.c || ( rm -f umask.c ; exit 1 )
x86_64-unknown-linux-musl-gcc -c   -I. -I../.. -I../.. -I../../lib -I../../include -I.  -DHAVE_CONFIG_H -DSHELL  -Wno-parentheses -Wno-format-security -g -O2 -I/home/samson/Projects/clojv3/./store/musl-1.2.6/include  uconvert.c
x86_64-unknown-linux-musl-gcc -c   -I. -I../.. -I../.. -I../../lib -I../../include -I.  -DHAVE_CONFIG_H -DSHELL  -Wno-parentheses -Wno-format-security -g -O2 -I/home/samson/Projects/clojv3/./store/musl-1.2.6/include  ufuncs.c
rm -f trap.c
rm -f wait.o
./mkbuiltins -D . wait.def
x86_64-unknown-linux-musl-gcc -c   -DHAVE_CONFIG_H -DSHELL -I. -I..  -I.. -I../include -I../lib -I.  -Wno-parentheses -Wno-format-security  -I/home/samson/Projects/clojv3/./store/musl-1.2.6/include -g -O2 wait.c || ( rm -f wait.c ; exit 1 )
rm -f getopts.o
./mkbuiltins -D . getopts.def
x86_64-unknown-linux-musl-gcc -c   -DHAVE_CONFIG_H -DSHELL -I. -I..  -I.. -I../include -I../lib -I.  -Wno-parentheses -Wno-format-security  -I/home/samson/Projects/clojv3/./store/musl-1.2.6/include -g -O2 getopts.c || ( rm -f getopts.c ; exit 1 )
rm -f shopt.o
./mkbuiltins -D . shopt.def
x86_64-unknown-linux-musl-gcc -c   -DHAVE_CONFIG_H -DSHELL -I. -I..  -I.. -I../include -I../lib -I.  -Wno-parentheses -Wno-format-security  -I/home/samson/Projects/clojv3/./store/musl-1.2.6/include -g -O2 shopt.c || ( rm -f shopt.c ; exit 1 )
rm -f printf.o
./mkbuiltins -D . printf.def
x86_64-unknown-linux-musl-gcc -c   -DHAVE_CONFIG_H -DSHELL -I. -I..  -I.. -I../include -I../lib -I.  -Wno-parentheses -Wno-format-security  -I/home/samson/Projects/clojv3/./store/musl-1.2.6/include -g -O2 printf.c || ( rm -f printf.c ; exit 1 )
x86_64-unknown-linux-musl-gcc -c   -I. -I../.. -I../.. -I../../lib -I../../include -I.  -DHAVE_CONFIG_H -DSHELL  -Wno-parentheses -Wno-format-security -g -O2 -I/home/samson/Projects/clojv3/./store/musl-1.2.6/include  casemod.c
rm -f type.c
rm -f misc.o
rm -f history.o
x86_64-unknown-linux-musl-gcc -c -DHAVE_CONFIG_H -DSHELL  -I/home/samson/Projects/clojv3/./store/musl-1.2.6/include -I. -I/home/samson/Projects/clojv3/store/tmp/sh-5.3/bash-5.3 -I../.. -I../../lib -Wno-parentheses -Wno-format-security  -g -O2  misc.c
x86_64-unknown-linux-musl-gcc -c -DHAVE_CONFIG_H -DSHELL  -I/home/samson/Projects/clojv3/./store/musl-1.2.6/include -I. -I/home/samson/Projects/clojv3/store/tmp/sh-5.3/bash-5.3 -I../.. -I../../lib -Wno-parentheses -Wno-format-security  -g -O2  history.c
rm -f umask.c
rm -f getopt.o
x86_64-unknown-linux-musl-gcc -c   -DHAVE_CONFIG_H -DSHELL -I. -I..  -I.. -I../include -I../lib -I.  -Wno-parentheses -Wno-format-security  -I/home/samson/Projects/clojv3/./store/musl-1.2.6/include -g -O2 getopt.c
rm -f getopts.c
x86_64-unknown-linux-musl-gcc -c   -I. -I../.. -I../.. -I../../lib -I../../include -I.  -DHAVE_CONFIG_H -DSHELL  -Wno-parentheses -Wno-format-security -g -O2 -I/home/samson/Projects/clojv3/./store/musl-1.2.6/include  input_avail.c
rm -f wait.c
rm -f histexpand.o
x86_64-unknown-linux-musl-gcc -c -DHAVE_CONFIG_H -DSHELL  -I/home/samson/Projects/clojv3/./store/musl-1.2.6/include -I. -I/home/samson/Projects/clojv3/store/tmp/sh-5.3/bash-5.3 -I../.. -I../../lib -Wno-parentheses -Wno-format-security  -g -O2  histexpand.c
rm -f bashgetopt.o
x86_64-unknown-linux-musl-gcc -c   -DHAVE_CONFIG_H -DSHELL -I. -I..  -I.. -I../include -I../lib -I.  -Wno-parentheses -Wno-format-security  -I/home/samson/Projects/clojv3/./store/musl-1.2.6/include -g -O2 bashgetopt.c
rm -f histfile.o
x86_64-unknown-linux-musl-gcc -c -DHAVE_CONFIG_H -DSHELL  -I/home/samson/Projects/clojv3/./store/musl-1.2.6/include -I. -I/home/samson/Projects/clojv3/store/tmp/sh-5.3/bash-5.3 -I../.. -I../../lib -Wno-parentheses -Wno-format-security  -g -O2  histfile.c
x86_64-unknown-linux-musl-gcc -c   -I. -I../.. -I../.. -I../../lib -I../../include -I.  -DHAVE_CONFIG_H -DSHELL  -Wno-parentheses -Wno-format-security -g -O2 -I/home/samson/Projects/clojv3/./store/musl-1.2.6/include  mbscasecmp.c
rm -f shopt.c
x86_64-unknown-linux-musl-gcc -c   -I. -I../.. -I../.. -I../../lib -I../../include -I.  -DHAVE_CONFIG_H -DSHELL  -Wno-parentheses -Wno-format-security -g -O2 -I/home/samson/Projects/clojv3/./store/musl-1.2.6/include  fnxform.c
rm -f histsearch.o
x86_64-unknown-linux-musl-gcc -c -DHAVE_CONFIG_H -DSHELL  -I/home/samson/Projects/clojv3/./store/musl-1.2.6/include -I. -I/home/samson/Projects/clojv3/store/tmp/sh-5.3/bash-5.3 -I../.. -I../../lib -Wno-parentheses -Wno-format-security  -g -O2  histsearch.c
rm -f complete.o
./mkbuiltins -D . complete.def
x86_64-unknown-linux-musl-gcc -c   -DHAVE_CONFIG_H -DSHELL -I. -I..  -I.. -I../include -I../lib -I.  -Wno-parentheses -Wno-format-security  -I/home/samson/Projects/clojv3/./store/musl-1.2.6/include -g -O2 complete.c || ( rm -f complete.c ; exit 1 )
x86_64-unknown-linux-musl-gcc -c   -I. -I../.. -I../.. -I../../lib -I../../include -I.  -DHAVE_CONFIG_H -DSHELL  -Wno-parentheses -Wno-format-security -g -O2 -I/home/samson/Projects/clojv3/./store/musl-1.2.6/include  unicode.c
x86_64-unknown-linux-musl-gcc -c   -I. -I../.. -I../.. -I../../lib -I../../include -I.  -DHAVE_CONFIG_H -DSHELL  -Wno-parentheses -Wno-format-security -g -O2 -I/home/samson/Projects/clojv3/./store/musl-1.2.6/include  shmbchar.c
x86_64-unknown-linux-musl-gcc -c   -I. -I../.. -I../.. -I../../lib -I../../include -I.  -DHAVE_CONFIG_H -DSHELL  -Wno-parentheses -Wno-format-security -g -O2 -I/home/samson/Projects/clojv3/./store/musl-1.2.6/include  strvis.c
/nix/store/svx59425zxp552p2b8gm11qj5r09b56i-bash-5.3p15/bin/sh ./psize.sh > pipesize.h
rm -f shell.o
x86_64-unknown-linux-musl-gcc -c -DHAVE_CONFIG_H -DSHELL  -I/home/samson/Projects/clojv3/./store/musl-1.2.6/include -I. -I/home/samson/Projects/clojv3/store/tmp/sh-5.3/bash-5.3 -I../.. -I../../lib -Wno-parentheses -Wno-format-security  -g -O2  shell.c
rm -f savestring.o
x86_64-unknown-linux-musl-gcc -c -DHAVE_CONFIG_H -DSHELL  -I/home/samson/Projects/clojv3/./store/musl-1.2.6/include -I. -I/home/samson/Projects/clojv3/store/tmp/sh-5.3/bash-5.3 -I../.. -I../../lib -Wno-parentheses -Wno-format-security  -g -O2  savestring.c
rm -f mbutil.o
x86_64-unknown-linux-musl-gcc -c   -I. -I../.. -I../.. -I../../lib -I../../include -I.  -DHAVE_CONFIG_H -DSHELL  -Wno-parentheses -Wno-format-security -g -O2 -I/home/samson/Projects/clojv3/./store/musl-1.2.6/include  strscpy.c
x86_64-unknown-linux-musl-gcc -c -DHAVE_CONFIG_H -DSHELL  -I/home/samson/Projects/clojv3/./store/musl-1.2.6/include -I. -I/home/samson/Projects/clojv3/store/tmp/sh-5.3/bash-5.3 -I../.. -I../../lib -Wno-parentheses -Wno-format-security  -g -O2  mbutil.c
x86_64-unknown-linux-musl-gcc -c   -I. -I../.. -I../.. -I../../lib -I../../include -I.  -DHAVE_CONFIG_H -DSHELL  -Wno-parentheses -Wno-format-security -g -O2 -I/home/samson/Projects/clojv3/./store/musl-1.2.6/include  anonfile.c
x86_64-unknown-linux-musl-gcc -c   -I. -I../.. -I../.. -I../../lib -I../../include -I.  -DHAVE_CONFIG_H -DSHELL  -Wno-parentheses -Wno-format-security -g -O2 -I/home/samson/Projects/clojv3/./store/musl-1.2.6/include  compat.c
x86_64-unknown-linux-musl-gcc -c   -I. -I../.. -I../.. -I../../lib -I../../include -I.  -DHAVE_CONFIG_H -DSHELL  -Wno-parentheses -Wno-format-security -g -O2 -I/home/samson/Projects/clojv3/./store/musl-1.2.6/include  utf8.c
rm -f tilde.o
x86_64-unknown-linux-musl-gcc -DHAVE_CONFIG_H -DSHELL  -I/home/samson/Projects/clojv3/./store/musl-1.2.6/include -I. -I/home/samson/Projects/clojv3/store/tmp/sh-5.3/bash-5.3 -I../.. -I../../lib -Wno-parentheses -Wno-format-security  -g -O2  -DREADLINE_LIBRARY -c ./tilde.c
rm -f colors.o
x86_64-unknown-linux-musl-gcc -c   -I. -I../.. -I../.. -I../../lib -I../../include -I.  -DHAVE_CONFIG_H -DSHELL  -Wno-parentheses -Wno-format-security -g -O2 -I/home/samson/Projects/clojv3/./store/musl-1.2.6/include  random.c
x86_64-unknown-linux-musl-gcc -c -DHAVE_CONFIG_H -DSHELL  -I/home/samson/Projects/clojv3/./store/musl-1.2.6/include -I. -I/home/samson/Projects/clojv3/store/tmp/sh-5.3/bash-5.3 -I../.. -I../../lib -Wno-parentheses -Wno-format-security  -g -O2  colors.c
rm -f parse-colors.o
x86_64-unknown-linux-musl-gcc -c -DHAVE_CONFIG_H -DSHELL  -I/home/samson/Projects/clojv3/./store/musl-1.2.6/include -I. -I/home/samson/Projects/clojv3/store/tmp/sh-5.3/bash-5.3 -I../.. -I../../lib -Wno-parentheses -Wno-format-security  -g -O2  parse-colors.c
rm -f xmalloc.o
x86_64-unknown-linux-musl-gcc -c -DHAVE_CONFIG_H -DSHELL  -I/home/samson/Projects/clojv3/./store/musl-1.2.6/include -I. -I/home/samson/Projects/clojv3/store/tmp/sh-5.3/bash-5.3 -I../.. -I../../lib -Wno-parentheses -Wno-format-security  -g -O2  xmalloc.c
x86_64-unknown-linux-musl-gcc -c   -I. -I../.. -I../.. -I../../lib -I../../include -I.  -DHAVE_CONFIG_H -DSHELL  -Wno-parentheses -Wno-format-security -g -O2 -I/home/samson/Projects/clojv3/./store/musl-1.2.6/include  gettimeofday.c
x86_64-unknown-linux-musl-gcc -c   -I. -I../.. -I../.. -I../../lib -I../../include -I.  -DHAVE_CONFIG_H -DSHELL  -Wno-parentheses -Wno-format-security -g -O2 -I/home/samson/Projects/clojv3/./store/musl-1.2.6/include  timers.c
x86_64-unknown-linux-musl-gcc -c   -I. -I../.. -I../.. -I../../lib -I../../include -I.  -DHAVE_CONFIG_H -DSHELL  -Wno-parentheses -Wno-format-security -g -O2 -I/home/samson/Projects/clojv3/./store/musl-1.2.6/include  wcsnwidth.c
rm -f complete.c
x86_64-unknown-linux-musl-gcc -c   -I. -I../.. -I../.. -I../../lib -I../../include -I.  -DHAVE_CONFIG_H -DSHELL  -Wno-parentheses -Wno-format-security -g -O2 -I/home/samson/Projects/clojv3/./store/musl-1.2.6/include  mbschr.c
rm -f xfree.o
x86_64-unknown-linux-musl-gcc -c -DHAVE_CONFIG_H -DSHELL  -I/home/samson/Projects/clojv3/./store/musl-1.2.6/include -I. -I/home/samson/Projects/clojv3/store/tmp/sh-5.3/bash-5.3 -I../.. -I../../lib -Wno-parentheses -Wno-format-security  -g -O2  xfree.c
rm -f compat.o
x86_64-unknown-linux-musl-gcc -c -DHAVE_CONFIG_H -DSHELL  -I/home/samson/Projects/clojv3/./store/musl-1.2.6/include -I. -I/home/samson/Projects/clojv3/store/tmp/sh-5.3/bash-5.3 -I../.. -I../../lib -Wno-parentheses -Wno-format-security  -g -O2  compat.c
rm -f libsh.a
ar cr libsh.a clktck.o clock.o getenv.o oslib.o setlinebuf.o strnlen.o itos.o zread.o zwrite.o shtty.o shmatch.o eaccess.o netconn.o netopen.o timeval.o makepath.o pathcanon.o pathphys.o tmpfile.o stringlist.o stringvec.o spell.o shquote.o strtrans.o snprintf.o mailstat.o fmtulong.o fmtullong.o fmtumax.o zcatfd.o zmapfd.o winsize.o wcsdup.o fpurge.o zgetline.o mbscmp.o mbsncmp.o uconvert.o ufuncs.o casemod.o input_avail.o mbscasecmp.o fnxform.o unicode.o shmbchar.o strvis.o strscpy.o anonfile.o compat.o utf8.o random.o gettimeofday.o timers.o wcsnwidth.o mbschr.o
test -n "ranlib" && ranlib libsh.a
make[1]: Leaving directory '/home/samson/Projects/clojv3/store/tmp/sh-5.3/bash-5.3/lib/sh'
rm -f libreadline.a
ar cr libreadline.a readline.o vi_mode.o funmap.o keymaps.o parens.o search.o rltty.o complete.o bind.o isearch.o display.o signals.o util.o kill.o undo.o macro.o input.o callback.o terminal.o text.o nls.o misc.o history.o histexpand.o histfile.o histsearch.o shell.o savestring.o mbutil.o tilde.o colors.o parse-colors.o xmalloc.o xfree.o compat.o 
test -n "ranlib" && ranlib libreadline.a
make[1]: Leaving directory '/home/samson/Projects/clojv3/store/tmp/sh-5.3/bash-5.3/lib/readline'
making lib/readline/libhistory.a in ./lib/readline
make[1]: Entering directory '/home/samson/Projects/clojv3/store/tmp/sh-5.3/bash-5.3/lib/readline'
rm -f libhistory.a
ar cr libhistory.a history.o histexpand.o histfile.o histsearch.o shell.o savestring.o mbutil.o xmalloc.o xfree.o
test -n "ranlib" && ranlib libhistory.a
make[1]: Leaving directory '/home/samson/Projects/clojv3/store/tmp/sh-5.3/bash-5.3/lib/readline'
rm -f printf.c
rm -f ulimit.o
./mkbuiltins -D . ulimit.def
x86_64-unknown-linux-musl-gcc -c   -DHAVE_CONFIG_H -DSHELL -I. -I..  -I.. -I../include -I../lib -I.  -Wno-parentheses -Wno-format-security  -I/home/samson/Projects/clojv3/./store/musl-1.2.6/include -g -O2 ulimit.c || ( rm -f ulimit.c ; exit 1 )
rm -f ulimit.c
rm -f libbuiltins.a
ar cr libbuiltins.a builtins.o alias.o bind.o break.o builtin.o caller.o cd.o colon.o command.o common.o declare.o echo.o enable.o eval.o evalfile.o evalstring.o exec.o exit.o fc.o fg_bg.o hash.o help.o history.o jobs.o kill.o let.o mapfile.o pushd.o read.o return.o set.o setattr.o shift.o source.o suspend.o test.o times.o trap.o type.o ulimit.o umask.o wait.o getopts.o shopt.o printf.o getopt.o bashgetopt.o complete.o
ranlib libbuiltins.a
make[1]: Leaving directory '/home/samson/Projects/clojv3/store/tmp/sh-5.3/bash-5.3/builtins'
make[1]: Entering directory '/home/samson/Projects/clojv3/store/tmp/sh-5.3/bash-5.3/builtins'
make[1]: 'pipesize.h' is up to date.
make[1]: Leaving directory '/home/samson/Projects/clojv3/store/tmp/sh-5.3/bash-5.3/builtins'
rm -f redir.o
x86_64-unknown-linux-musl-gcc  -DPROGRAM='"bash"' -DCONF_HOSTTYPE='"x86_64"' -DCONF_OSTYPE='"linux-musl"' -DCONF_MACHTYPE='"x86_64-pc-linux-musl"' -DCONF_VENDOR='"pc"' -DLOCALEDIR='"/home/samson/Projects/clojv3/./store/sh-5.3/share/locale"' -DPACKAGE='"bash"' -DSHELL -DHAVE_CONFIG_H   -I.  -I. -I./include -I./lib  -Wno-parentheses -Wno-format-security  -I/home/samson/Projects/clojv3/./store/musl-1.2.6/include -g -O2 -c redir.c
rm -f bash
x86_64-unknown-linux-musl-gcc -L./builtins -L./lib/readline -L./lib/readline -L./lib/glob -L./lib/tilde  -L./lib/sh  -B/home/samson/Projects/clojv3/./store/musl-1.2.6/lib -L/home/samson/Projects/clojv3/./store/musl-1.2.6/lib -Wl,-rpath,/home/samson/Projects/clojv3/./store/musl-1.2.6/lib -Wl,-dynamic-linker,/home/samson/Projects/clojv3/./store/musl-1.2.6/lib/libc.so -L./lib/termcap -rdynamic -g -O2   -o bash shell.o eval.o y.tab.o general.o make_cmd.o print_cmd.o dispose_cmd.o execute_cmd.o variables.o copy_cmd.o error.o expr.o flags.o jobs.o subst.o hashcmd.o hashlib.o mailcheck.o trap.o input.o unwind_prot.o pathexp.o sig.o test.o version.o alias.o array.o arrayfunc.o assoc.o braces.o bracecomp.o bashhist.o bashline.o  list.o stringlib.o locale.o findcmd.o redir.o pcomplete.o pcomplib.o syntax.o xmalloc.o  -lbuiltins -lglob -lsh -lreadline -lhistory ./lib/termcap/libtermcap.a -ltilde     -ldl 
ls -l bash
-rwxr-xr-x 1 samson users 4489112 Sep 27 15:25 bash
size bash
   text	   data	    bss	    dec	    hex	filename
1350169	  49460	  47256	1446885	 1613e5	bash
