bash-5.3/
bash-5.3/jobs.h
bash-5.3/error.h
bash-5.3/trap.h
bash-5.3/sig.c
bash-5.3/quit.h
bash-5.3/eval.c
bash-5.3/POSIX
bash-5.3/bashansi.h
bash-5.3/configure~
bash-5.3/mailcheck.h
bash-5.3/make_cmd.c
bash-5.3/input.h
bash-5.3/list.c
bash-5.3/configure.ac
bash-5.3/shell.h
bash-5.3/arrayfunc.c
bash-5.3/COMPAT
bash-5.3/INSTALL
bash-5.3/hashcmd.c
bash-5.3/syntax.h
bash-5.3/dispose_cmd.h
bash-5.3/xmalloc.h
bash-5.3/alias.h
bash-5.3/array.c
bash-5.3/pathexp.h
bash-5.3/bashline.c
bash-5.3/configure
bash-5.3/pcomplib.c
bash-5.3/execute_cmd.h
bash-5.3/ChangeLog
bash-5.3/autom4te.cache/
bash-5.3/AUTHORS
bash-5.3/hashlib.c
bash-5.3/parser.h
bash-5.3/pcomplete.h
bash-5.3/general.h
bash-5.3/CHANGES
bash-5.3/patchlevel.h
bash-5.3/variables.c
bash-5.3/include/
bash-5.3/conftypes.h
bash-5.3/y.tab.c
bash-5.3/flags.h
bash-5.3/unwind_prot.c
bash-5.3/array2.c
bash-5.3/MANIFEST
bash-5.3/siglist.c
bash-5.3/test.h
bash-5.3/pathnames.h.in
bash-5.3/tests/
bash-5.3/subst.h
bash-5.3/config.h.in
bash-5.3/stringlib.c
bash-5.3/buildconf.h.in
bash-5.3/redir.c
bash-5.3/assoc.h
bash-5.3/bracecomp.c
bash-5.3/findcmd.h
bash-5.3/print_cmd.c
bash-5.3/builtins/
bash-5.3/bashhist.h
bash-5.3/README
bash-5.3/ABOUT-NLS
bash-5.3/bashjmp.h
bash-5.3/arrayfunc.h
bash-5.3/shell.c
bash-5.3/copy_cmd.c
bash-5.3/builtins.h
bash-5.3/input.c
bash-5.3/make_cmd.h
bash-5.3/mailcheck.c
bash-5.3/trap.c
bash-5.3/sig.h
bash-5.3/COPYING
bash-5.3/CWRU/
bash-5.3/NOTES
bash-5.3/cross-build/
bash-5.3/po/
bash-5.3/jobs.c
bash-5.3/NEWS
bash-5.3/error.c
bash-5.3/externs.h
bash-5.3/support/
bash-5.3/nojobs.c
bash-5.3/execute_cmd.c
bash-5.3/examples/
bash-5.3/pathexp.c
bash-5.3/array.h
bash-5.3/config-bot.h
bash-5.3/locale.c
bash-5.3/bashline.h
bash-5.3/xmalloc.c
bash-5.3/bashintl.h
bash-5.3/alias.c
bash-5.3/lib/
bash-5.3/hashcmd.h
bash-5.3/m4/
bash-5.3/version.c
bash-5.3/config-top.h
bash-5.3/dispose_cmd.c
bash-5.3/doc/
bash-5.3/bashtypes.h
bash-5.3/test.c
bash-5.3/parser-built
bash-5.3/RBASH
bash-5.3/command.h
bash-5.3/unwind_prot.h
bash-5.3/flags.c
bash-5.3/y.tab.h
bash-5.3/variables.h
bash-5.3/siglist.h
bash-5.3/parse.y
bash-5.3/general.c
bash-5.3/hashlib.h
bash-5.3/pcomplete.c
bash-5.3/Makefile.in
bash-5.3/mksyntax.c
bash-5.3/bashhist.c
bash-5.3/aclocal.m4
bash-5.3/Y2K
bash-5.3/expr.c
bash-5.3/findcmd.c
bash-5.3/redir.h
bash-5.3/assoc.c
bash-5.3/subst.c
bash-5.3/braces.c
bash-5.3/doc/bashref.pdf
bash-5.3/doc/rbash.pdf
bash-5.3/doc/bash.html
bash-5.3/doc/htmlpost.sh
bash-5.3/doc/INTRO
bash-5.3/doc/FAQ
bash-5.3/doc/bash.pdf
bash-5.3/doc/bashref.html
bash-5.3/doc/version.texi
bash-5.3/doc/rose94.pdf
bash-5.3/doc/article.ps
bash-5.3/doc/aosa-bash.pdf
bash-5.3/doc/README
bash-5.3/doc/builtins.1
bash-5.3/doc/rose94.ps
bash-5.3/doc/bashref.dvi
bash-5.3/doc/builtins.0
bash-5.3/doc/bash.1
bash-5.3/doc/aosa-bash-full.pdf
bash-5.3/doc/bashbug.0
bash-5.3/doc/article.txt
bash-5.3/doc/bashref.info
bash-5.3/doc/bash.0
bash-5.3/doc/fdl.texi
bash-5.3/doc/bashbug.1
bash-5.3/doc/article.ms
bash-5.3/doc/texinfo.tex
bash-5.3/doc/rbash.0
bash-5.3/doc/rbash.1
bash-5.3/doc/builtins.pdf
bash-5.3/doc/Makefile.in
bash-5.3/doc/bashref.texi
bash-5.3/doc/bash.info
bash-5.3/doc/fdl.txt
bash-5.3/doc/article.pdf
bash-5.3/m4/size_max.m4
bash-5.3/m4/lock.m4
bash-5.3/m4/glibc2.m4
bash-5.3/m4/po.m4
bash-5.3/m4/ulonglong.m4
bash-5.3/m4/visibility.m4
bash-5.3/m4/glibc21.m4
bash-5.3/m4/intdiv0.m4
bash-5.3/m4/stdint_h.m4
bash-5.3/m4/extern-inline.m4
bash-5.3/m4/strtoimax.m4
bash-5.3/m4/d-type.m4
bash-5.3/m4/intmax.m4
bash-5.3/m4/fcntl-o.m4
bash-5.3/m4/lib-link.m4
bash-5.3/m4/pthread_rwlock_rdlock.m4
bash-5.3/m4/stat-time.m4
bash-5.3/m4/bison.m4
bash-5.3/m4/inttypes.m4
bash-5.3/m4/uintmax_t.m4
bash-5.3/m4/xsize.m4
bash-5.3/m4/flexmember.m4
bash-5.3/m4/threadlib.m4
bash-5.3/m4/printf-posix.m4
bash-5.3/m4/codeset.m4
bash-5.3/m4/gettext.m4
bash-5.3/m4/intl-thread-locale.m4
bash-5.3/m4/intl.m4
bash-5.3/m4/wint_t.m4
bash-5.3/m4/progtest.m4
bash-5.3/m4/timespec.m4
bash-5.3/m4/lcmessage.m4
bash-5.3/m4/locale_h.m4
bash-5.3/m4/inttypes_h.m4
bash-5.3/m4/iconv.m4
bash-5.3/m4/nls.m4
bash-5.3/m4/lib-prefix.m4
bash-5.3/m4/unlocked-io.m4
bash-5.3/m4/inttypes-pri.m4
bash-5.3/m4/c-bool.m4
bash-5.3/m4/lib-ld.m4
bash-5.3/m4/wchar_t.m4
bash-5.3/m4/host-cpu-c-abi.m4
bash-5.3/m4/intlmacosx.m4
bash-5.3/lib/intl/
bash-5.3/lib/readline/
bash-5.3/lib/sh/
bash-5.3/lib/termcap/
bash-5.3/lib/glob/
bash-5.3/lib/malloc/
bash-5.3/lib/tilde/
bash-5.3/lib/tilde/tilde.h
bash-5.3/lib/tilde/README
bash-5.3/lib/tilde/shell.c
bash-5.3/lib/tilde/tilde.c
bash-5.3/lib/tilde/Makefile.in
bash-5.3/lib/malloc/alloca.c
bash-5.3/lib/malloc/trace.c
bash-5.3/lib/malloc/shmalloc.h
bash-5.3/lib/malloc/mstats.h
bash-5.3/lib/malloc/table.c
bash-5.3/lib/malloc/watch.c
bash-5.3/lib/malloc/xleaktrace
bash-5.3/lib/malloc/stats.c
bash-5.3/lib/malloc/i386-alloca.s
bash-5.3/lib/malloc/stub.c
bash-5.3/lib/malloc/getpagesize.h
bash-5.3/lib/malloc/x386-alloca.s
bash-5.3/lib/malloc/xmalloc.c
bash-5.3/lib/malloc/malloc.c
bash-5.3/lib/malloc/table.h
bash-5.3/lib/malloc/watch.h
bash-5.3/lib/malloc/sbrk.c
bash-5.3/lib/malloc/Makefile.in
bash-5.3/lib/malloc/imalloc.h
bash-5.3/lib/glob/strmatch.c
bash-5.3/lib/glob/gmisc.c
bash-5.3/lib/glob/xmbsrtowcs.c
bash-5.3/lib/glob/sm_loop.c
bash-5.3/lib/glob/collsyms.h
bash-5.3/lib/glob/glob.c
bash-5.3/lib/glob/gm_loop.c
bash-5.3/lib/glob/smatch.c
bash-5.3/lib/glob/strmatch.h
bash-5.3/lib/glob/doc/
bash-5.3/lib/glob/glob_loop.c
bash-5.3/lib/glob/Makefile.in
bash-5.3/lib/glob/glob.h
bash-5.3/lib/glob/doc/Makefile
bash-5.3/lib/glob/doc/glob.texi
bash-5.3/lib/termcap/termcap.h
bash-5.3/lib/termcap/ltcap.h
bash-5.3/lib/termcap/tparam.c
bash-5.3/lib/termcap/termcap.c
bash-5.3/lib/termcap/version.c
bash-5.3/lib/termcap/Makefile.in
bash-5.3/lib/sh/strchrnul.c
bash-5.3/lib/sh/fmtumax.c
bash-5.3/lib/sh/timeval.c
bash-5.3/lib/sh/pathcanon.c
bash-5.3/lib/sh/eaccess.c
bash-5.3/lib/sh/fnxform.c
bash-5.3/lib/sh/unicode.c
bash-5.3/lib/sh/dprintf.c
bash-5.3/lib/sh/strcasecmp.c
bash-5.3/lib/sh/strtoimax.c
bash-5.3/lib/sh/compat.c
bash-5.3/lib/sh/shmbchar.c
bash-5.3/lib/sh/wcsdup.c
bash-5.3/lib/sh/setlinebuf.c
bash-5.3/lib/sh/itos.c
bash-5.3/lib/sh/gettimeofday.c
bash-5.3/lib/sh/strlcpy.c
bash-5.3/lib/sh/mktime.c
bash-5.3/lib/sh/zcatfd.c
bash-5.3/lib/sh/rename.c
bash-5.3/lib/sh/strstr.c
bash-5.3/lib/sh/shmatch.c
bash-5.3/lib/sh/getcwd.c
bash-5.3/lib/sh/casemod.c
bash-5.3/lib/sh/fmtulong.c
bash-5.3/lib/sh/strtol.c
bash-5.3/lib/sh/vprint.c
bash-5.3/lib/sh/strnlen.c
bash-5.3/lib/sh/netopen.c
bash-5.3/lib/sh/input_avail.c
bash-5.3/lib/sh/pathphys.c
bash-5.3/lib/sh/strscpy.c
bash-5.3/lib/sh/strpbrk.c
bash-5.3/lib/sh/mbscmp.c
bash-5.3/lib/sh/random.c
bash-5.3/lib/sh/mailstat.c
bash-5.3/lib/sh/utf8.c
bash-5.3/lib/sh/getenv.c
bash-5.3/lib/sh/clock.c
bash-5.3/lib/sh/strftime.c
bash-5.3/lib/sh/fpurge.c
bash-5.3/lib/sh/wcsnwidth.c
bash-5.3/lib/sh/winsize.c
bash-5.3/lib/sh/tmpfile.c
bash-5.3/lib/sh/strdup.c
bash-5.3/lib/sh/zgetline.c
bash-5.3/lib/sh/zwrite.c
bash-5.3/lib/sh/snprintf.c
bash-5.3/lib/sh/strtoull.c
bash-5.3/lib/sh/wcswidth.c
bash-5.3/lib/sh/timers.c
bash-5.3/lib/sh/mbsncmp.c
bash-5.3/lib/sh/strtoumax.c
bash-5.3/lib/sh/strtoll.c
bash-5.3/lib/sh/strtoul.c
bash-5.3/lib/sh/spell.c
bash-5.3/lib/sh/clktck.c
bash-5.3/lib/sh/inet_aton.c
bash-5.3/lib/sh/reallocarray.c
bash-5.3/lib/sh/makepath.c
bash-5.3/lib/sh/fmtullong.c
bash-5.3/lib/sh/strtrans.c
bash-5.3/lib/sh/strerror.c
bash-5.3/lib/sh/strcasestr.c
bash-5.3/lib/sh/memset.c
bash-5.3/lib/sh/zread.c
bash-5.3/lib/sh/mbschr.c
bash-5.3/lib/sh/shquote.c
bash-5.3/lib/sh/stringlist.c
bash-5.3/lib/sh/strtod.c
bash-5.3/lib/sh/stringvec.c
bash-5.3/lib/sh/shtty.c
bash-5.3/lib/sh/times.c
bash-5.3/lib/sh/oslib.c
bash-5.3/lib/sh/strvis.c
bash-5.3/lib/sh/ufuncs.c
bash-5.3/lib/sh/Makefile.in
bash-5.3/lib/sh/zmapfd.c
bash-5.3/lib/sh/mbscasecmp.c
bash-5.3/lib/sh/uconvert.c
bash-5.3/lib/sh/anonfile.c
bash-5.3/lib/sh/netconn.c
bash-5.3/lib/readline/rlshell.h
bash-5.3/lib/readline/rldefs.h
bash-5.3/lib/readline/history.c
bash-5.3/lib/readline/histlib.h
bash-5.3/lib/readline/display.c
bash-5.3/lib/readline/mbutil.c
bash-5.3/lib/readline/rltty.c
bash-5.3/lib/readline/compat.c
bash-5.3/lib/readline/tcap.h
bash-5.3/lib/readline/undo.c
bash-5.3/lib/readline/xmalloc.h
bash-5.3/lib/readline/util.c
bash-5.3/lib/readline/histexpand.c
bash-5.3/lib/readline/terminal.c
bash-5.3/lib/readline/readline.h
bash-5.3/lib/readline/parse-colors.h
bash-5.3/lib/readline/STANDALONE
bash-5.3/lib/readline/ChangeLog
bash-5.3/lib/readline/keymaps.h
bash-5.3/lib/readline/rlwinsize.h
bash-5.3/lib/readline/posixstat.h
bash-5.3/lib/readline/xfree.c
bash-5.3/lib/readline/bind.c
bash-5.3/lib/readline/nls.c
bash-5.3/lib/readline/tilde.h
bash-5.3/lib/readline/rlprivate.h
bash-5.3/lib/readline/rlconf.h
bash-5.3/lib/readline/vi_keymap.c
bash-5.3/lib/readline/chardefs.h
bash-5.3/lib/readline/parens.c
bash-5.3/lib/readline/posixtime.h
bash-5.3/lib/readline/colors.h
bash-5.3/lib/readline/rlmbutil.h
bash-5.3/lib/readline/savestring.c
bash-5.3/lib/readline/search.c
bash-5.3/lib/readline/posixselect.h
bash-5.3/lib/readline/README
bash-5.3/lib/readline/callback.c
bash-5.3/lib/readline/posixjmp.h
bash-5.3/lib/readline/emacs_keymap.c
bash-5.3/lib/readline/rltty.h
bash-5.3/lib/readline/shell.c
bash-5.3/lib/readline/input.c
bash-5.3/lib/readline/complete.c
bash-5.3/lib/readline/COPYING
bash-5.3/lib/readline/history.h
bash-5.3/lib/readline/rlstdc.h
bash-5.3/lib/readline/keymaps.c
bash-5.3/lib/readline/parse-colors.c
bash-5.3/lib/readline/examples/
bash-5.3/lib/readline/kill.c
bash-5.3/lib/readline/rltypedefs.h
bash-5.3/lib/readline/readline.c
bash-5.3/lib/readline/xmalloc.c
bash-5.3/lib/readline/text.c
bash-5.3/lib/readline/ansi_stdlib.h
bash-5.3/lib/readline/funmap.c
bash-5.3/lib/readline/isearch.c
bash-5.3/lib/readline/histsearch.c
bash-5.3/lib/readline/doc/
bash-5.3/lib/readline/tilde.c
bash-5.3/lib/readline/misc.c
bash-5.3/lib/readline/histfile.c
bash-5.3/lib/readline/Makefile.in
bash-5.3/lib/readline/vi_mode.c
bash-5.3/lib/readline/posixdir.h
bash-5.3/lib/readline/colors.c
bash-5.3/lib/readline/signals.c
bash-5.3/lib/readline/macro.c
bash-5.3/lib/readline/doc/rlman.texi
bash-5.3/lib/readline/doc/history.texi
bash-5.3/lib/readline/doc/rluserman.texi
bash-5.3/lib/readline/doc/rltech.texi
bash-5.3/lib/readline/doc/Makefile
bash-5.3/lib/readline/doc/hsuser.texi
bash-5.3/lib/readline/doc/version.texi
bash-5.3/lib/readline/doc/hstech.texi
bash-5.3/lib/readline/doc/fdl.texi
bash-5.3/lib/readline/doc/rluser.texi
bash-5.3/lib/readline/examples/excallback.c
bash-5.3/lib/readline/examples/Makefile
bash-5.3/lib/readline/examples/rl-callbacktest.c
bash-5.3/lib/readline/examples/rl.c
bash-5.3/lib/readline/examples/fileman.c
bash-5.3/lib/readline/examples/manexamp.c
bash-5.3/lib/readline/examples/Inputrc
bash-5.3/lib/readline/examples/rltest.c
bash-5.3/lib/readline/examples/rlcat.c
bash-5.3/lib/readline/examples/histexamp.c
bash-5.3/lib/intl/tsearch.h
bash-5.3/lib/intl/dcigettext.c
bash-5.3/lib/intl/gettext.c
bash-5.3/lib/intl/log.c
bash-5.3/lib/intl/intl-compat.c
bash-5.3/lib/intl/printf.c
bash-5.3/lib/intl/hash-string.c
bash-5.3/lib/intl/vasnprintf.h
bash-5.3/lib/intl/explodename.c
bash-5.3/lib/intl/printf-parse.h
bash-5.3/lib/intl/gmo.h
bash-5.3/lib/intl/printf-args.c
bash-5.3/lib/intl/plural-exp.h
bash-5.3/lib/intl/libgnuintl.in.h
bash-5.3/lib/intl/plural.h
bash-5.3/lib/intl/dcgettext.c
bash-5.3/lib/intl/export.h
bash-5.3/lib/intl/gettextP.h
bash-5.3/lib/intl/textdomain.c
bash-5.3/lib/intl/xsize.c
bash-5.3/lib/intl/intl-exports.c
bash-5.3/lib/intl/flexmember.h
bash-5.3/lib/intl/ngettext.c
bash-5.3/lib/intl/lock.h
bash-5.3/lib/intl/ref-add.sin
bash-5.3/lib/intl/loadinfo.h
bash-5.3/lib/intl/dngettext.c
bash-5.3/lib/intl/wprintf-parse.h
bash-5.3/lib/intl/dgettext.c
bash-5.3/lib/intl/localcharset.h
bash-5.3/lib/intl/relocatable.c
bash-5.3/lib/intl/dcngettext.c
bash-5.3/lib/intl/thread-optim.h
bash-5.3/lib/intl/os2compat.c
bash-5.3/lib/intl/setlocale_null.c
bash-5.3/lib/intl/vasnwprintf.h
bash-5.3/lib/intl/printf-args.h
bash-5.3/lib/intl/plural-exp.c
bash-5.3/lib/intl/hash-string.h
bash-5.3/lib/intl/setlocale.c
bash-5.3/lib/intl/printf-parse.c
bash-5.3/lib/intl/vasnprintf.c
bash-5.3/lib/intl/bindtextdom.c
bash-5.3/lib/intl/tsearch.c
bash-5.3/lib/intl/localealias.c
bash-5.3/lib/intl/VERSION
bash-5.3/lib/intl/xsize.h
bash-5.3/lib/intl/plural.y
bash-5.3/lib/intl/finddomain.c
bash-5.3/lib/intl/langprefs.c
bash-5.3/lib/intl/plural.c
bash-5.3/lib/intl/version.c
bash-5.3/lib/intl/osdep.c
bash-5.3/lib/intl/relocatable.h
bash-5.3/lib/intl/localcharset.c
bash-5.3/lib/intl/setlocale-lock.c
bash-5.3/lib/intl/ref-del.sin
bash-5.3/lib/intl/threadlib.c
bash-5.3/lib/intl/lock.c
bash-5.3/lib/intl/arg-nonnull.h
bash-5.3/lib/intl/attribute.h
bash-5.3/lib/intl/loadmsgcat.c
bash-5.3/lib/intl/filename.h
bash-5.3/lib/intl/l10nflist.c
bash-5.3/lib/intl/Makefile.in
bash-5.3/lib/intl/localename-table.in.h
bash-5.3/lib/intl/localename.c
bash-5.3/lib/intl/setlocale_null.h
bash-5.3/lib/intl/os2compat.h
bash-5.3/lib/intl/localename-table.c
bash-5.3/lib/intl/eval-plural.h
bash-5.3/lib/intl/verify.h
bash-5.3/examples/misc/
bash-5.3/examples/shellmath/
bash-5.3/examples/INDEX.html
bash-5.3/examples/complete/
bash-5.3/examples/INDEX.txt
bash-5.3/examples/startup-files/
bash-5.3/examples/scripts/
bash-5.3/examples/functions/
bash-5.3/examples/loadables/
bash-5.3/examples/bash-completion/
bash-5.3/examples/bash-completion/bash-completion-2.5.tar.xz
bash-5.3/examples/bash-completion/README
bash-5.3/examples/loadables/kv.c
bash-5.3/examples/loadables/hello.c
bash-5.3/examples/loadables/mkfifo.c
bash-5.3/examples/loadables/Makefile.inc.in
bash-5.3/examples/loadables/print.c
bash-5.3/examples/loadables/tee.c
bash-5.3/examples/loadables/push.c
bash-5.3/examples/loadables/perl/
bash-5.3/examples/loadables/rm.c
bash-5.3/examples/loadables/cat.c
bash-5.3/examples/loadables/getconf.c
bash-5.3/examples/loadables/template.c
bash-5.3/examples/loadables/pathchk.c
bash-5.3/examples/loadables/strftime.c
bash-5.3/examples/loadables/dirname.c
bash-5.3/examples/loadables/basename.c
bash-5.3/examples/loadables/README
bash-5.3/examples/loadables/fltexpr.c
bash-5.3/examples/loadables/fdflags.c
bash-5.3/examples/loadables/finfo.c
bash-5.3/examples/loadables/mkdir.c
bash-5.3/examples/loadables/accept.c
bash-5.3/examples/loadables/sleep.c
bash-5.3/examples/loadables/unlink.c
bash-5.3/examples/loadables/realpath.c
bash-5.3/examples/loadables/head.c
bash-5.3/examples/loadables/Makefile.sample.in
bash-5.3/examples/loadables/csv.c
bash-5.3/examples/loadables/sync.c
bash-5.3/examples/loadables/loadables.h
bash-5.3/examples/loadables/chmod.c
bash-5.3/examples/loadables/uname.c
bash-5.3/examples/loadables/tty.c
bash-5.3/examples/loadables/dsv.c
bash-5.3/examples/loadables/seq.c
bash-5.3/examples/loadables/mktemp.c
bash-5.3/examples/loadables/setpgid.c
bash-5.3/examples/loadables/stat.c
bash-5.3/examples/loadables/whoami.c
bash-5.3/examples/loadables/mypid.c
bash-5.3/examples/loadables/cut.c
bash-5.3/examples/loadables/ln.c
bash-5.3/examples/loadables/strptime.c
bash-5.3/examples/loadables/truefalse.c
bash-5.3/examples/loadables/rmdir.c
bash-5.3/examples/loadables/logname.c
bash-5.3/examples/loadables/Makefile.in
bash-5.3/examples/loadables/printenv.c
bash-5.3/examples/loadables/ocut.c
bash-5.3/examples/loadables/asort.c
bash-5.3/examples/loadables/necho.c
bash-5.3/examples/loadables/id.c
bash-5.3/examples/loadables/getconf.h
bash-5.3/examples/loadables/perl/iperl.c
bash-5.3/examples/loadables/perl/README
bash-5.3/examples/loadables/perl/bperl.c
bash-5.3/examples/loadables/perl/Makefile.in
bash-5.3/examples/functions/autoload.v2
bash-5.3/examples/functions/kshenv
bash-5.3/examples/functions/ksh-compat-test
bash-5.3/examples/functions/array-stuff
bash-5.3/examples/functions/isvalidip
bash-5.3/examples/functions/autoload.v3
bash-5.3/examples/functions/autoload.v4
bash-5.3/examples/functions/autoload.v4.t
bash-5.3/examples/functions/csh-compat
bash-5.3/examples/functions/basename
bash-5.3/examples/functions/substr
bash-5.3/examples/functions/dirstack
bash-5.3/examples/functions/shcat
bash-5.3/examples/functions/array-to-string
bash-5.3/examples/functions/arrayops.bash
bash-5.3/examples/functions/inpath
bash-5.3/examples/functions/seq
bash-5.3/examples/functions/whence
bash-5.3/examples/functions/notify.bash
bash-5.3/examples/functions/ksh-cd
bash-5.3/examples/functions/whatis
bash-5.3/examples/functions/shcat2
bash-5.3/examples/functions/setalrm
bash-5.3/examples/functions/exitstat
bash-5.3/examples/functions/sort-pos-params
bash-5.3/examples/functions/substr2
bash-5.3/examples/functions/isnum2
bash-5.3/examples/functions/seq2
bash-5.3/examples/functions/inetaddr
bash-5.3/examples/functions/fact
bash-5.3/examples/functions/dirname
bash-5.3/examples/functions/autoload
bash-5.3/examples/functions/external
bash-5.3/examples/functions/fstty
bash-5.3/examples/functions/login
bash-5.3/examples/functions/which
bash-5.3/examples/functions/func
bash-5.3/examples/scripts/secure-script
bash-5.3/examples/scripts/bcalc
bash-5.3/examples/scripts/shprompt
bash-5.3/examples/scripts/spin.bash
bash-5.3/examples/scripts/xterm_title
bash-5.3/examples/scripts/inpath
bash-5.3/examples/scripts/center
bash-5.3/examples/scripts/zprintf
bash-5.3/examples/scripts/cat.sh
bash-5.3/examples/startup-files/Bashrc.bfox
bash-5.3/examples/startup-files/Bash_profile
bash-5.3/examples/startup-files/bash-profile
bash-5.3/examples/startup-files/Bash_aliases
bash-5.3/examples/startup-files/bashrc
bash-5.3/examples/startup-files/README
bash-5.3/examples/complete/bashcc-1.0.1.tar.gz
bash-5.3/examples/complete/cdfunc
bash-5.3/examples/complete/complete-examples
bash-5.3/examples/complete/bash_completion
bash-5.3/examples/shellmath/LICENSE
bash-5.3/examples/shellmath/timingData.txt
bash-5.3/examples/shellmath/runTests.sh
bash-5.3/examples/shellmath/README.md
bash-5.3/examples/shellmath/slower_e_demo.sh
bash-5.3/examples/shellmath/assert.sh
bash-5.3/examples/shellmath/testCases.in
bash-5.3/examples/shellmath/faster_e_demo.sh
bash-5.3/examples/shellmath/image.png
bash-5.3/examples/shellmath/shellmath.sh
bash-5.3/examples/misc/aliasconv.bash
bash-5.3/examples/misc/aliasconv.sh
bash-5.3/examples/misc/cshtobash
bash-5.3/support/fixlinks
bash-5.3/support/SYMLINKS
bash-5.3/support/install-sh
bash-5.3/support/rlvers.sh
bash-5.3/support/config.rpath
bash-5.3/support/shobj-conf
bash-5.3/support/zecho.c
bash-5.3/support/texi2html
bash-5.3/support/siglen.c
bash-5.3/support/bashversion.c
bash-5.3/support/mkclone
bash-5.3/support/mkconffiles
bash-5.3/support/config.guess
bash-5.3/support/missing
bash-5.3/support/mkdirs
bash-5.3/support/man2html.c
bash-5.3/support/recho.c
bash-5.3/support/config.sub
bash-5.3/support/signames.c
bash-5.3/support/texi2dvi
bash-5.3/support/bashbug.sh.in
bash-5.3/support/bash.pc.in
bash-5.3/support/mksignames.c
bash-5.3/support/bash.xbm
bash-5.3/support/printenv.sh
bash-5.3/support/mkinstalldirs
bash-5.3/support/mkversion.sh
bash-5.3/support/Makefile.in
bash-5.3/support/printenv.c
bash-5.3/support/xcase.c
bash-5.3/po/lt.po
bash-5.3/po/bg.gmo
bash-5.3/po/sr.po
bash-5.3/po/hu.po
bash-5.3/po/uk.po
bash-5.3/po/cs.po
bash-5.3/po/fr.po
bash-5.3/po/nl.po
bash-5.3/po/ca.gmo
bash-5.3/po/zh_CN.po
bash-5.3/po/sv.po
bash-5.3/po/tr.po
bash-5.3/po/cs.gmo
bash-5.3/po/zh_TW.po
bash-5.3/po/pt_BR.po
bash-5.3/po/en@boldquot.po
bash-5.3/po/eo.po
bash-5.3/po/ro.po
bash-5.3/po/nb.gmo
bash-5.3/po/sk.po
bash-5.3/po/it.po
bash-5.3/po/es.po
bash-5.3/po/boldquot.sed
bash-5.3/po/uk.gmo
bash-5.3/po/sl.gmo
bash-5.3/po/Rules-builtins
bash-5.3/po/en@boldquot.header
bash-5.3/po/de.gmo
bash-5.3/po/nb.po
bash-5.3/po/zh_TW.gmo
bash-5.3/po/insert-header.sin
bash-5.3/po/it.gmo
bash-5.3/po/pt.gmo
bash-5.3/po/hr.gmo
bash-5.3/po/ca.po
bash-5.3/po/et.gmo
bash-5.3/po/id.gmo
bash-5.3/po/ga.po
bash-5.3/po/de.po
bash-5.3/po/stamp-po
bash-5.3/po/zh_CN.gmo
bash-5.3/po/sk.gmo
bash-5.3/po/ro.gmo
bash-5.3/po/ko.gmo
bash-5.3/po/quot.sed
bash-5.3/po/gl.gmo
bash-5.3/po/Makevars
bash-5.3/po/es.gmo
bash-5.3/po/da.po
bash-5.3/po/fi.gmo
bash-5.3/po/da.gmo
bash-5.3/po/hu.gmo
bash-5.3/po/README
bash-5.3/po/sr.gmo
bash-5.3/po/en@quot.gmo
bash-5.3/po/ga.gmo
bash-5.3/po/fr.gmo
bash-5.3/po/sq.gmo
bash-5.3/po/ru.gmo
bash-5.3/po/ka.po
bash-5.3/po/bg.po
bash-5.3/po/ja.po
bash-5.3/po/ka.gmo
bash-5.3/po/ja.gmo
bash-5.3/po/pt_BR.gmo
bash-5.3/po/id.po
bash-5.3/po/eo.gmo
bash-5.3/po/en@boldquot.gmo
bash-5.3/po/pl.gmo
bash-5.3/po/af.po
bash-5.3/po/bash.pot
bash-5.3/po/POTFILES.in
bash-5.3/po/el.gmo
bash-5.3/po/Makefile.in.in
bash-5.3/po/sv.gmo
bash-5.3/po/et.po
bash-5.3/po/nl.gmo
bash-5.3/po/en@quot.po
bash-5.3/po/sl.po
bash-5.3/po/ko.po
bash-5.3/po/remove-potcdate.sin
bash-5.3/po/el.po
bash-5.3/po/vi.gmo
bash-5.3/po/vi.po
bash-5.3/po/gl.po
bash-5.3/po/pl.po
bash-5.3/po/LINGUAS
bash-5.3/po/Rules-quot
bash-5.3/po/pt.po
bash-5.3/po/en@quot.header
bash-5.3/po/sq.po
bash-5.3/po/lt.gmo
bash-5.3/po/tr.gmo
bash-5.3/po/ru.po
bash-5.3/po/af.gmo
bash-5.3/po/hr.po
bash-5.3/po/fi.po
bash-5.3/cross-build/opennt.cache
bash-5.3/cross-build/qnx.cache
bash-5.3/cross-build/msys32.cache
bash-5.3/cross-build/x86-beos.cache
bash-5.3/CWRU/misc/
bash-5.3/CWRU/sh-redir-hack
bash-5.3/CWRU/changelog
bash-5.3/CWRU/README
bash-5.3/CWRU/misc/open-files.c
bash-5.3/CWRU/misc/errlist.c
bash-5.3/CWRU/misc/sigstat.c
bash-5.3/CWRU/misc/sigs.c
bash-5.3/CWRU/misc/hpux10-dlfcn.h
bash-5.3/CWRU/misc/bison
bash-5.3/builtins/common.c
bash-5.3/builtins/fc.def
bash-5.3/builtins/gen-helpfiles.c
bash-5.3/builtins/mapfile.def
bash-5.3/builtins/echo.def
bash-5.3/builtins/colon.def
bash-5.3/builtins/bashgetopt.h
bash-5.3/builtins/declare.def
bash-5.3/builtins/shift.def
bash-5.3/builtins/pushd.def
bash-5.3/builtins/kill.def
bash-5.3/builtins/caller.def
bash-5.3/builtins/mkbuiltins.c
bash-5.3/builtins/complete.def
bash-5.3/builtins/builtin.def
bash-5.3/builtins/enable.def
bash-5.3/builtins/reserved.def
bash-5.3/builtins/evalstring.c
bash-5.3/builtins/hash.def
bash-5.3/builtins/suspend.def
bash-5.3/builtins/eval.def
bash-5.3/builtins/umask.def
bash-5.3/builtins/type.def
bash-5.3/builtins/trap.def
bash-5.3/builtins/return.def
bash-5.3/builtins/getopt.h
bash-5.3/builtins/alias.def
bash-5.3/builtins/cd.def
bash-5.3/builtins/fg_bg.def
bash-5.3/builtins/common.h
bash-5.3/builtins/ulimit.def
bash-5.3/builtins/source.def
bash-5.3/builtins/break.def
bash-5.3/builtins/wait.def
bash-5.3/builtins/bashgetopt.c
bash-5.3/builtins/getopts.def
bash-5.3/builtins/bind.def
bash-5.3/builtins/printf.def
bash-5.3/builtins/help.def
bash-5.3/builtins/read.def
bash-5.3/builtins/evalfile.c
bash-5.3/builtins/set.def
bash-5.3/builtins/times.def
bash-5.3/builtins/test.def
bash-5.3/builtins/psize.sh
bash-5.3/builtins/history.def
bash-5.3/builtins/Makefile.in
bash-5.3/builtins/getopt.c
bash-5.3/builtins/jobs.def
bash-5.3/builtins/let.def
bash-5.3/builtins/command.def
bash-5.3/builtins/exit.def
bash-5.3/builtins/shopt.def
bash-5.3/builtins/psize.c
bash-5.3/builtins/setattr.def
bash-5.3/builtins/exec.def
bash-5.3/tests/jobs1.sub
bash-5.3/tests/exec8.sub
bash-5.3/tests/case1.sub
bash-5.3/tests/nameref17.sub
bash-5.3/tests/lastpipe1.sub
bash-5.3/tests/run-posixexp
bash-5.3/tests/arith10.sub
bash-5.3/tests/dollar-at7.sub
bash-5.3/tests/trap4.sub
bash-5.3/tests/errors9.sub
bash-5.3/tests/dollar-star3.sub
bash-5.3/tests/assoc1.sub
bash-5.3/tests/alias4.sub
bash-5.3/tests/run-nameref
bash-5.3/tests/source8.sub
bash-5.3/tests/varenv6.sub
bash-5.3/tests/builtins2.sub
bash-5.3/tests/run-invert
bash-5.3/tests/array31.sub
bash-5.3/tests/array25.sub
bash-5.3/tests/nquote1.sub
bash-5.3/tests/array19.sub
bash-5.3/tests/array18.sub
bash-5.3/tests/redir1.sub
bash-5.3/tests/array24.sub
bash-5.3/tests/misc/
bash-5.3/tests/array30.sub
bash-5.3/tests/dbg-support2.right
bash-5.3/tests/builtins3.sub
bash-5.3/tests/varenv7.sub
bash-5.3/tests/dynvar.right
bash-5.3/tests/run-nquote3
bash-5.3/tests/run-getopts
bash-5.3/tests/alias5.sub
bash-5.3/tests/dollar-star2.sub
bash-5.3/tests/run-invocation
bash-5.3/tests/case.right
bash-5.3/tests/run-nquote4
bash-5.3/tests/nameref1.sub
bash-5.3/tests/errors8.sub
bash-5.3/tests/trap5.sub
bash-5.3/tests/dollar-at6.sub
bash-5.3/tests/run-dbg-support2
bash-5.3/tests/run-builtins
bash-5.3/tests/nameref16.sub
bash-5.3/tests/run-history
bash-5.3/tests/run-ifs-posix
bash-5.3/tests/exec9.sub
bash-5.3/tests/heredoc1.sub
bash-5.3/tests/read1.sub
bash-5.3/tests/comsub-eof.tests
bash-5.3/tests/jobs2.sub
bash-5.3/tests/read3.sub
bash-5.3/tests/heredoc3.sub
bash-5.3/tests/braces.right
bash-5.3/tests/trap2a.sub
bash-5.3/tests/run-assoc
bash-5.3/tests/case2.sub
bash-5.3/tests/redir3.in1
bash-5.3/tests/run-posixpipe
bash-5.3/tests/nameref14.sub
bash-5.3/tests/lastpipe2.sub
bash-5.3/tests/dollar-at4.sub
bash-5.3/tests/nameref3.sub
bash-5.3/tests/quotearray.tests
bash-5.3/tests/trap7.sub
bash-5.3/tests/getopts8.sub
bash-5.3/tests/run-dynvar
bash-5.3/tests/run-trap
bash-5.3/tests/alias7.sub
bash-5.3/tests/assoc2.sub
bash-5.3/tests/builtins1.sub
bash-5.3/tests/dollar-at-star8.sub
bash-5.3/tests/varenv5.sub
bash-5.3/tests/run-glob-bracket
bash-5.3/tests/type4.sub
bash-5.3/tests/array26.sub
bash-5.3/tests/nquote2.sub
bash-5.3/tests/array32.sub
bash-5.3/tests/redir3.sub
bash-5.3/tests/glob.right
bash-5.3/tests/redir2.sub
bash-5.3/tests/intl4.sub
bash-5.3/tests/run-vredir
bash-5.3/tests/array33.sub
bash-5.3/tests/type5.sub
bash-5.3/tests/nquote3.sub
bash-5.3/tests/array27.sub
bash-5.3/tests/varenv4.sub
bash-5.3/tests/dollar-at-star9.sub
bash-5.3/tests/assoc3.sub
bash-5.3/tests/alias6.sub
bash-5.3/tests/posix2syntax.sub
bash-5.3/tests/run-cond
bash-5.3/tests/dollar-star1.sub
bash-5.3/tests/getopts9.sub
bash-5.3/tests/dstack2.tests
bash-5.3/tests/trap6.sub
bash-5.3/tests/nameref2.sub
bash-5.3/tests/dollar-at5.sub
bash-5.3/tests/arith.tests
bash-5.3/tests/lastpipe3.sub
bash-5.3/tests/nameref15.sub
bash-5.3/tests/run-nquote5
bash-5.3/tests/case3.sub
bash-5.3/tests/run-nquote2
bash-5.3/tests/varenv.right
bash-5.3/tests/procsub.tests
bash-5.3/tests/heredoc2.sub
bash-5.3/tests/comsub2.tests
bash-5.3/tests/rhs-exp.right
bash-5.3/tests/read2.sub
bash-5.3/tests/jobs3.sub
bash-5.3/tests/heredoc6.sub
bash-5.3/tests/jobs7.sub
bash-5.3/tests/read6.sub
bash-5.3/tests/shopt.tests
bash-5.3/tests/run-posix2
bash-5.3/tests/comsub.tests
bash-5.3/tests/dollar-star10.sub
bash-5.3/tests/dollar-at1.sub
bash-5.3/tests/appendop1.sub
bash-5.3/tests/nameref11.sub
bash-5.3/tests/more-exp.right
bash-5.3/tests/strip.tests
bash-5.3/tests/nameref6.sub
bash-5.3/tests/trap2.sub
bash-5.3/tests/run-execscript
bash-5.3/tests/alias2.sub
bash-5.3/tests/assoc7.sub
bash-5.3/tests/dollar-star5.sub
bash-5.3/tests/builtins4.sub
bash-5.3/tests/new-exp9.sub
bash-5.3/tests/errors11.sub
bash-5.3/tests/redir6.sub
bash-5.3/tests/array23.sub
bash-5.3/tests/type1.sub
bash-5.3/tests/array22.sub
bash-5.3/tests/errors10.sub
bash-5.3/tests/redir7.sub
bash-5.3/tests/intl1.sub
bash-5.3/tests/invocation1.sub
bash-5.3/tests/varenv1.sub
bash-5.3/tests/builtins5.sub
bash-5.3/tests/new-exp8.sub
bash-5.3/tests/execscript
bash-5.3/tests/lastpipe.right
bash-5.3/tests/dollar-star4.sub
bash-5.3/tests/assoc6.sub
bash-5.3/tests/alias3.sub
bash-5.3/tests/set-x1.sub
bash-5.3/tests/run-array2
bash-5.3/tests/trap3.sub
bash-5.3/tests/nameref7.sub
bash-5.3/tests/history.tests
bash-5.3/tests/nameref10.sub
bash-5.3/tests/posixexp.right
bash-5.3/tests/dollar-star11.sub
bash-5.3/tests/parser1.sub
bash-5.3/tests/jobs.tests
bash-5.3/tests/cond.right
bash-5.3/tests/ifs.right
bash-5.3/tests/posixexp8.sub
bash-5.3/tests/read7.sub
bash-5.3/tests/jobs6.sub
bash-5.3/tests/heredoc7.sub
bash-5.3/tests/heredoc5.sub
bash-5.3/tests/rsh.right
bash-5.3/tests/read5.sub
bash-5.3/tests/jobs4.sub
bash-5.3/tests/case4.sub
bash-5.3/tests/func.right
bash-5.3/tests/dollar-at2.sub
bash-5.3/tests/nameref.tests
bash-5.3/tests/nameref12.sub
bash-5.3/tests/appendop2.sub
bash-5.3/tests/run-posixpat
bash-5.3/tests/extglob2.right
bash-5.3/tests/run-rhs-exp
bash-5.3/tests/trap1.sub
bash-5.3/tests/appendop.right
bash-5.3/tests/nameref5.sub
bash-5.3/tests/assoc4.sub
bash-5.3/tests/tilde2.tests
bash-5.3/tests/vredir.tests
bash-5.3/tests/alias1.sub
bash-5.3/tests/mapfile.tests
bash-5.3/tests/dollar-star6.sub
bash-5.3/tests/parser.tests
bash-5.3/tests/varenv3.sub
bash-5.3/tests/invocation3.sub
bash-5.3/tests/builtins7.sub
bash-5.3/tests/extglob.right
bash-5.3/tests/intl3.sub
bash-5.3/tests/redir5.sub
bash-5.3/tests/errors12.sub
bash-5.3/tests/errors.tests
bash-5.3/tests/type2.sub
bash-5.3/tests/dbg-support.right
bash-5.3/tests/array20.sub
bash-5.3/tests/nquote4.sub
bash-5.3/tests/type3.sub
bash-5.3/tests/nquote5.sub
bash-5.3/tests/array21.sub
bash-5.3/tests/redir4.sub
bash-5.3/tests/intl2.sub
bash-5.3/tests/arith-for.right
bash-5.3/tests/herestr1.sub
bash-5.3/tests/builtins6.sub
bash-5.3/tests/varenv2.sub
bash-5.3/tests/run-histexpand
bash-5.3/tests/invocation2.sub
bash-5.3/tests/dollar-star7.sub
bash-5.3/tests/set-x2.sub
bash-5.3/tests/assoc5.sub
bash-5.3/tests/read.right
bash-5.3/tests/nameref4.sub
bash-5.3/tests/nameref13.sub
bash-5.3/tests/run-iquote
bash-5.3/tests/dollar-at3.sub
bash-5.3/tests/run-shopt
bash-5.3/tests/redir4.in1
bash-5.3/tests/extglob3.tests
bash-5.3/tests/input.right
bash-5.3/tests/run-arith
bash-5.3/tests/jobs5.sub
bash-5.3/tests/read4.sub
bash-5.3/tests/run-read
bash-5.3/tests/heredoc4.sub
bash-5.3/tests/dbg-support3.sub
bash-5.3/tests/arith.right
bash-5.3/tests/globstar2.sub
bash-5.3/tests/arith4.sub
bash-5.3/tests/run-cprint
bash-5.3/tests/vredir4.sub
bash-5.3/tests/run-tilde
bash-5.3/tests/exp6.sub
bash-5.3/tests/comsub-eof3.sub
bash-5.3/tests/varenv.tests
bash-5.3/tests/procsub.right
bash-5.3/tests/mapfile.data
bash-5.3/tests/rhs-exp.tests
bash-5.3/tests/comsub2.right
bash-5.3/tests/varenv12.sub
bash-5.3/tests/cond-error1.sub
bash-5.3/tests/attr1.sub
bash-5.3/tests/dstack2.right
bash-5.3/tests/quotearray.right
bash-5.3/tests/run-complete
bash-5.3/tests/run-rsh
bash-5.3/tests/glob1.sub
bash-5.3/tests/glob.tests
bash-5.3/tests/comsub-eof.right
bash-5.3/tests/set-e3a.sub
bash-5.3/tests/varenv13.sub
bash-5.3/tests/comsub-eof2.sub
bash-5.3/tests/exp7.sub
bash-5.3/tests/braces.tests
bash-5.3/tests/vredir5.sub
bash-5.3/tests/globstar3.sub
bash-5.3/tests/arith5.sub
bash-5.3/tests/assoc19.sub
bash-5.3/tests/vredir7.sub
bash-5.3/tests/arith7.sub
bash-5.3/tests/globstar1.sub
bash-5.3/tests/comsub-eof0.sub
bash-5.3/tests/exp5.sub
bash-5.3/tests/varenv11.sub
bash-5.3/tests/run-nquote
bash-5.3/tests/glob3.sub
bash-5.3/tests/glob10.sub
bash-5.3/tests/dbg-support2.tests
bash-5.3/tests/quote4.sub
bash-5.3/tests/history9.sub
bash-5.3/tests/dynvar.tests
bash-5.3/tests/run-test
bash-5.3/tests/run-new-exp
bash-5.3/tests/run-quotearray
bash-5.3/tests/history.list
bash-5.3/tests/case.tests
bash-5.3/tests/attr2.sub
bash-5.3/tests/run-dirstack
bash-5.3/tests/history8.sub
bash-5.3/tests/run-coproc
bash-5.3/tests/glob11.sub
bash-5.3/tests/extglob1a.sub
bash-5.3/tests/glob2.sub
bash-5.3/tests/varenv10.sub
bash-5.3/tests/exp4.sub
bash-5.3/tests/comsub-eof1.sub
bash-5.3/tests/arith6.sub
bash-5.3/tests/run-intl
bash-5.3/tests/vredir6.sub
bash-5.3/tests/assoc18.sub
bash-5.3/tests/shopt1.sub
bash-5.3/tests/array8.sub
bash-5.3/tests/vredir2.sub
bash-5.3/tests/arith2.sub
bash-5.3/tests/extglob3.right
bash-5.3/tests/run-printf
bash-5.3/tests/varenv14.sub
bash-5.3/tests/comsub-eof5.sub
bash-5.3/tests/rsh1.sub
bash-5.3/tests/run-comsub-posix
bash-5.3/tests/glob6.sub
bash-5.3/tests/arith-for.tests
bash-5.3/tests/quote1.sub
bash-5.3/tests/read.tests
bash-5.3/tests/cond-regexp1.sub
bash-5.3/tests/run-varenv
bash-5.3/tests/extglob2.tests
bash-5.3/tests/appendop.tests
bash-5.3/tests/vredir.right
bash-5.3/tests/iquote1.sub
bash-5.3/tests/tilde2.right
bash-5.3/tests/mapfile.right
bash-5.3/tests/exportfunc1.sub
bash-5.3/tests/parser.right
bash-5.3/tests/extglob.tests
bash-5.3/tests/glob7.sub
bash-5.3/tests/errors.right
bash-5.3/tests/dbg-support.tests
bash-5.3/tests/exp1.sub
bash-5.3/tests/comsub-eof4.sub
bash-5.3/tests/rsh.tests
bash-5.3/tests/varenv15.sub
bash-5.3/tests/func.tests
bash-5.3/tests/arith3.sub
bash-5.3/tests/vredir3.sub
bash-5.3/tests/nameref.right
bash-5.3/tests/rhs-exp1.sub
bash-5.3/tests/array9.sub
bash-5.3/tests/array-at-star
bash-5.3/tests/posixexp.tests
bash-5.3/tests/arith1.sub
bash-5.3/tests/jobs.right
bash-5.3/tests/vredir1.sub
bash-5.3/tests/cond.tests
bash-5.3/tests/ifs.tests
bash-5.3/tests/varenv17.sub
bash-5.3/tests/run-comsub
bash-5.3/tests/exp3.sub
bash-5.3/tests/comsub-eof6.sub
bash-5.3/tests/rsh2.sub
bash-5.3/tests/varenv15.in
bash-5.3/tests/glob5.sub
bash-5.3/tests/run-parser
bash-5.3/tests/quote2.sub
bash-5.3/tests/lastpipe.tests
bash-5.3/tests/exportfunc3.sub
bash-5.3/tests/extglob8.sub
bash-5.3/tests/cond-regexp2.sub
bash-5.3/tests/history.right
bash-5.3/tests/run-ifs
bash-5.3/tests/more-exp.tests
bash-5.3/tests/read10.sub
bash-5.3/tests/strip.right
bash-5.3/tests/cond-regexp3.sub
bash-5.3/tests/exportfunc2.sub
bash-5.3/tests/quote3.sub
bash-5.3/tests/glob4.sub
bash-5.3/tests/exp2.sub
bash-5.3/tests/varenv16.sub
bash-5.3/tests/run-all
bash-5.3/tests/README
bash-5.3/tests/shopt.right
bash-5.3/tests/run-procsub
bash-5.3/tests/comsub.right
bash-5.3/tests/assoc13.sub
bash-5.3/tests/run-tilde2
bash-5.3/tests/attr.right
bash-5.3/tests/run-array
bash-5.3/tests/array7.sub
bash-5.3/tests/invert.right
bash-5.3/tests/exp.tests
bash-5.3/tests/new-exp12.sub
bash-5.3/tests/cond-xtrace1.sub
bash-5.3/tests/new-exp.tests
bash-5.3/tests/exp12.sub
bash-5.3/tests/glob-bracket.right
bash-5.3/tests/comsub6.sub
bash-5.3/tests/histexp6.sub
bash-5.3/tests/getopts.tests
bash-5.3/tests/run-herestr
bash-5.3/tests/array.right
bash-5.3/tests/posixpat.right
bash-5.3/tests/glob9.sub
bash-5.3/tests/iquote.right
bash-5.3/tests/input-line.sub
bash-5.3/tests/history3.sub
bash-5.3/tests/cprint.right
bash-5.3/tests/test.right
bash-5.3/tests/func1.sub
bash-5.3/tests/extglob4.sub
bash-5.3/tests/run-casemod
bash-5.3/tests/dstack.tests
bash-5.3/tests/extglob5.sub
bash-5.3/tests/history2.sub
bash-5.3/tests/unicode1.sub
bash-5.3/tests/glob8.sub
bash-5.3/tests/input-line.sh
bash-5.3/tests/histexp7.sub
bash-5.3/tests/comsub7.sub
bash-5.3/tests/exp13.sub
bash-5.3/tests/run-arith-for
bash-5.3/tests/trap.right
bash-5.3/tests/new-exp13.sub
bash-5.3/tests/run-mapfile
bash-5.3/tests/redir.right
bash-5.3/tests/assoc.tests
bash-5.3/tests/dbg-support.sub
bash-5.3/tests/array6.sub
bash-5.3/tests/assoc12.sub
bash-5.3/tests/assoc10.sub
bash-5.3/tests/array4.sub
bash-5.3/tests/run-extglob
bash-5.3/tests/posixpipe.tests
bash-5.3/tests/new-exp11.sub
bash-5.3/tests/exp11.sub
bash-5.3/tests/comsub5.sub
bash-5.3/tests/varenv18.sub
bash-5.3/tests/posix2.tests
bash-5.3/tests/varenv24.sub
bash-5.3/tests/histexp5.sub
bash-5.3/tests/printf.tests
bash-5.3/tests/run-nquote1
bash-5.3/tests/unicode3.sub
bash-5.3/tests/tilde.right
bash-5.3/tests/redir13.in
bash-5.3/tests/set-x.tests
bash-5.3/tests/extglob7.sub
bash-5.3/tests/func2.sub
bash-5.3/tests/comsub-posix.tests
bash-5.3/tests/nquote4.right
bash-5.3/tests/run-redir
bash-5.3/tests/quote.tests
bash-5.3/tests/ifs-posix.right
bash-5.3/tests/run-func
bash-5.3/tests/run-strip
bash-5.3/tests/redir3.in2
bash-5.3/tests/extglob6.sub
bash-5.3/tests/func3.sub
bash-5.3/tests/run-comsub2
bash-5.3/tests/history1.sub
bash-5.3/tests/exec.right
bash-5.3/tests/unicode2.sub
bash-5.3/tests/tilde3.sub
bash-5.3/tests/casemod.tests
bash-5.3/tests/histexp4.sub
bash-5.3/tests/varenv25.sub
bash-5.3/tests/comsub4.sub
bash-5.3/tests/getopts10.sub
bash-5.3/tests/varenv19.sub
bash-5.3/tests/exp10.sub
bash-5.3/tests/nquote5.tests
bash-5.3/tests/version
bash-5.3/tests/new-exp10.sub
bash-5.3/tests/invocation.tests
bash-5.3/tests/array5.sub
bash-5.3/tests/test1.sub
bash-5.3/tests/assoc11.sub
bash-5.3/tests/array1.sub
bash-5.3/tests/assoc15.sub
bash-5.3/tests/new-exp14.sub
bash-5.3/tests/varenv21.sub
bash-5.3/tests/exp9.sub
bash-5.3/tests/heredoc.right
bash-5.3/tests/procsub2.sub
bash-5.3/tests/histexp.tests
bash-5.3/tests/exportfunc.right
bash-5.3/tests/history5.sub
bash-5.3/tests/builtins11.sub
bash-5.3/tests/nquote.tests
bash-5.3/tests/extglob2.sub
bash-5.3/tests/nquote1.tests
bash-5.3/tests/run-extglob3
bash-5.3/tests/run-alias
bash-5.3/tests/run-case
bash-5.3/tests/set-e1.sub
bash-5.3/tests/coproc.right
bash-5.3/tests/extglob3.sub
bash-5.3/tests/globstar.tests
bash-5.3/tests/builtins10.sub
bash-5.3/tests/history4.sub
bash-5.3/tests/intl.tests
bash-5.3/tests/comsub1.sub
bash-5.3/tests/histexp1.sub
bash-5.3/tests/varenv20.sub
bash-5.3/tests/exp8.sub
bash-5.3/tests/new-exp15.sub
bash-5.3/tests/run-dbg-support
bash-5.3/tests/complete.tests
bash-5.3/tests/assoc14.sub
bash-5.3/tests/run-exp-tests
bash-5.3/tests/array2.sub
bash-5.3/tests/run-lastpipe
bash-5.3/tests/assoc16.sub
bash-5.3/tests/vredir8.sub
bash-5.3/tests/arith8.sub
bash-5.3/tests/version.mini
bash-5.3/tests/run-extglob2
bash-5.3/tests/nquote2.right
bash-5.3/tests/set-e.tests
bash-5.3/tests/histexp3.sub
bash-5.3/tests/varenv22.sub
bash-5.3/tests/procsub1.sub
bash-5.3/tests/posixexp2.tests
bash-5.3/tests/comsub3.sub
bash-5.3/tests/run-jobs
bash-5.3/tests/builtins12.sub
bash-5.3/tests/history6.sub
bash-5.3/tests/builtins.tests
bash-5.3/tests/extglob1.sub
bash-5.3/tests/func4.sub
bash-5.3/tests/alias.tests
bash-5.3/tests/set-e3.sub
bash-5.3/tests/set-e2.sub
bash-5.3/tests/func5.sub
bash-5.3/tests/herestr.right
bash-5.3/tests/history7.sub
bash-5.3/tests/nquote3.tests
bash-5.3/tests/comsub2.sub
bash-5.3/tests/varenv23.sub
bash-5.3/tests/histexp2.sub
bash-5.3/tests/new-exp16.sub
bash-5.3/tests/arith9.sub
bash-5.3/tests/assoc17.sub
bash-5.3/tests/array3.sub
bash-5.3/tests/type.tests
bash-5.3/tests/run-posixexp2
bash-5.3/tests/heredoc9.sub
bash-5.3/tests/exec1.sub
bash-5.3/tests/dollar.right
bash-5.3/tests/jobs8.sub
bash-5.3/tests/run-globstar
bash-5.3/tests/read9.sub
bash-5.3/tests/posixexp6.sub
bash-5.3/tests/nquote5.right
bash-5.3/tests/printf5.sub
bash-5.3/tests/redir11.sub
bash-5.3/tests/comsub21.sub
bash-5.3/tests/invocation.right
bash-5.3/tests/nameref22.sub
bash-5.3/tests/getopts2.sub
bash-5.3/tests/nameref9.sub
bash-5.3/tests/assoc8.sub
bash-5.3/tests/new-exp6.sub
bash-5.3/tests/dollar-at-star2.sub
bash-5.3/tests/exec12.sub
bash-5.3/tests/COPYRIGHT
bash-5.3/tests/source1.sub
bash-5.3/tests/array10.sub
bash-5.3/tests/redir9.sub
bash-5.3/tests/run-set-x
bash-5.3/tests/quotearray2.sub
bash-5.3/tests/casemod.right
bash-5.3/tests/redir8.sub
bash-5.3/tests/quotearray3.sub
bash-5.3/tests/array11.sub
bash-5.3/tests/printf.right
bash-5.3/tests/run-comsub-eof
bash-5.3/tests/dollar-at-star3.sub
bash-5.3/tests/exec13.sub
bash-5.3/tests/new-exp7.sub
bash-5.3/tests/tilde.tests
bash-5.3/tests/set-x.right
bash-5.3/tests/assoc9.sub
bash-5.3/tests/comsub-posix.right
bash-5.3/tests/nquote4.tests
bash-5.3/tests/errors1.sub
bash-5.3/tests/nameref8.sub
bash-5.3/tests/getopts3.sub
bash-5.3/tests/ifs-posix.tests
bash-5.3/tests/quote.right
bash-5.3/tests/comsub-posix1.sub
bash-5.3/tests/nameref23.sub
bash-5.3/tests/redir10.sub
bash-5.3/tests/printf4.sub
bash-5.3/tests/posixpipe.right
bash-5.3/tests/posixexp7.sub
bash-5.3/tests/read8.sub
bash-5.3/tests/jobs9.sub
bash-5.3/tests/posix2.right
bash-5.3/tests/heredoc8.sub
bash-5.3/tests/exec2.sub
bash-5.3/tests/posixexp5.sub
bash-5.3/tests/run-glob-test
bash-5.3/tests/trap.tests
bash-5.3/tests/redir.tests
bash-5.3/tests/redir12.sub
bash-5.3/tests/printf6.sub
bash-5.3/tests/nameref21.sub
bash-5.3/tests/assoc.right
bash-5.3/tests/comsub22.sub
bash-5.3/tests/comsub-posix3.sub
bash-5.3/tests/getopts1.sub
bash-5.3/tests/dstack.right
bash-5.3/tests/dollar-at-star10.sub
bash-5.3/tests/errors3.sub
bash-5.3/tests/run-heredoc
bash-5.3/tests/dollar-star9.sub
bash-5.3/tests/exec11.sub
bash-5.3/tests/dollar-at-star1.sub
bash-5.3/tests/builtins8.sub
bash-5.3/tests/new-exp5.sub
bash-5.3/tests/run-minimal
bash-5.3/tests/source2.sub
bash-5.3/tests/quotearray1.sub
bash-5.3/tests/array13.sub
bash-5.3/tests/posixpat.tests
bash-5.3/tests/array.tests
bash-5.3/tests/array12.sub
bash-5.3/tests/dollar-at-star
bash-5.3/tests/iquote.tests
bash-5.3/tests/source3.sub
bash-5.3/tests/builtins9.sub
bash-5.3/tests/new-exp4.sub
bash-5.3/tests/cprint.tests
bash-5.3/tests/exec10.sub
bash-5.3/tests/test.tests
bash-5.3/tests/dollar-star8.sub
bash-5.3/tests/run-set-e
bash-5.3/tests/errors2.sub
bash-5.3/tests/dollar-at-star11.sub
bash-5.3/tests/comsub-posix2.sub
bash-5.3/tests/array2.right
bash-5.3/tests/attr.tests
bash-5.3/tests/comsub23.sub
bash-5.3/tests/nameref20.sub
bash-5.3/tests/printf7.sub
bash-5.3/tests/invert.tests
bash-5.3/tests/run-errors
bash-5.3/tests/exp.right
bash-5.3/tests/new-exp.right
bash-5.3/tests/posixexp4.sub
bash-5.3/tests/glob-bracket.tests
bash-5.3/tests/getopts.right
bash-5.3/tests/exec3.sub
bash-5.3/tests/exec7.sub
bash-5.3/tests/heredoc10.sub
bash-5.3/tests/precedence.tests
bash-5.3/tests/run-braces
bash-5.3/tests/printf3.sub
bash-5.3/tests/nameref18.sub
bash-5.3/tests/comsub-posix6.sub
bash-5.3/tests/nameref24.sub
bash-5.3/tests/type.right
bash-5.3/tests/errors6.sub
bash-5.3/tests/getopts4.sub
bash-5.3/tests/test-glue-functions
bash-5.3/tests/run-appendop
bash-5.3/tests/herestr.tests
bash-5.3/tests/source7.sub
bash-5.3/tests/varenv9.sub
bash-5.3/tests/dollar-at-star4.sub
bash-5.3/tests/exec14.sub
bash-5.3/tests/quotearray4.sub
bash-5.3/tests/nquote3.right
bash-5.3/tests/array16.sub
bash-5.3/tests/array17.sub
bash-5.3/tests/quotearray5.sub
bash-5.3/tests/new-exp1.sub
bash-5.3/tests/mapfile2.sub
bash-5.3/tests/dollar-at-star5.sub
bash-5.3/tests/varenv8.sub
bash-5.3/tests/exec15.sub
bash-5.3/tests/builtins.right
bash-5.3/tests/source6.sub
bash-5.3/tests/run-precedence
bash-5.3/tests/alias.right
bash-5.3/tests/getopts5.sub
bash-5.3/tests/errors7.sub
bash-5.3/tests/comsub26.sub
bash-5.3/tests/nameref25.sub
bash-5.3/tests/nameref19.sub
bash-5.3/tests/printf2.sub
bash-5.3/tests/nquote2.tests
bash-5.3/tests/posixexp1.sub
bash-5.3/tests/set-e.right
bash-5.3/tests/exec6.sub
bash-5.3/tests/posixexp2.right
bash-5.3/tests/run-more-exp
bash-5.3/tests/exec4.sub
bash-5.3/tests/posixexp3.sub
bash-5.3/tests/complete.right
bash-5.3/tests/run-type
bash-5.3/tests/comsub-posix5.sub
bash-5.3/tests/comsub24.sub
bash-5.3/tests/run-input-test
bash-5.3/tests/errors5.sub
bash-5.3/tests/trap8.sub
bash-5.3/tests/ifs1.sub
bash-5.3/tests/getopts7.sub
bash-5.3/tests/coproc.tests
bash-5.3/tests/source4.sub
bash-5.3/tests/globstar.right
bash-5.3/tests/new-exp3.sub
bash-5.3/tests/exec17.sub
bash-5.3/tests/dollar-at-star7.sub
bash-5.3/tests/intl.right
bash-5.3/tests/array29.sub
bash-5.3/tests/array15.sub
bash-5.3/tests/run-dollars
bash-5.3/tests/prec.right
bash-5.3/tests/exportfunc.tests
bash-5.3/tests/histexp.right
bash-5.3/tests/array14.sub
bash-5.3/tests/array28.sub
bash-5.3/tests/exec16.sub
bash-5.3/tests/dollar-at-star6.sub
bash-5.3/tests/new-exp2.sub
bash-5.3/tests/mapfile1.sub
bash-5.3/tests/nquote.right
bash-5.3/tests/source5.sub
bash-5.3/tests/nquote1.right
bash-5.3/tests/getopts6.sub
bash-5.3/tests/trap9.sub
bash-5.3/tests/errors4.sub
bash-5.3/tests/comsub25.sub
bash-5.3/tests/run-exportfunc
bash-5.3/tests/printf1.sub
bash-5.3/tests/run-quote
bash-5.3/tests/posixexp2.sub
bash-5.3/tests/exec5.sub
bash-5.3/tests/run-attr
bash-5.3/tests/heredoc.tests
bash-5.3/tests/misc/wait-bg.tests
bash-5.3/tests/misc/sigint-2.sh
bash-5.3/tests/misc/sigint-3.sh
bash-5.3/tests/misc/test-minus-e.2
bash-5.3/tests/misc/redir-t2.sh
bash-5.3/tests/misc/perf-script
bash-5.3/tests/misc/perftest
bash-5.3/tests/misc/test-minus-e.1
bash-5.3/tests/misc/read-nchars.tests
bash-5.3/tests/misc/dev-tcp.tests
bash-5.3/tests/misc/run-r2.sh
bash-5.3/tests/misc/sigint-4.sh
bash-5.3/tests/misc/sigint-1.sh
bash-5.3/include/unlocked-io.h
bash-5.3/include/systimes.h
bash-5.3/include/posixwait.h
bash-5.3/include/posixstat.h
bash-5.3/include/stdckdint.in.h
bash-5.3/include/shtty.h
bash-5.3/include/maxpath.h
bash-5.3/include/filecntl.h
bash-5.3/include/posixtime.h
bash-5.3/include/posixselect.h
bash-5.3/include/posixjmp.h
bash-5.3/include/unionwait.h
bash-5.3/include/chartypes.h
bash-5.3/include/timer.h
bash-5.3/include/stdc.h
bash-5.3/include/typemax.h
bash-5.3/include/gettext.h
bash-5.3/include/ocache.h
bash-5.3/include/ansi_stdlib.h
bash-5.3/include/shmbchar.h
bash-5.3/include/shmbutil.h
bash-5.3/include/intprops-internal.h
bash-5.3/include/posixdir.h
bash-5.3/include/memalloc.h
bash-5.3/include/stat-time.h
bash-5.3/autom4te.cache/traces.0
bash-5.3/autom4te.cache/output.0
bash-5.3/autom4te.cache/requests
