make  install-recursive
make[1]: Entering directory '/home/samson/Projects/clojv3/store/tmp/coreutils-9.5/coreutils-9.5'
Making install in po
make[2]: Entering directory '/home/samson/Projects/clojv3/store/tmp/coreutils-9.5/coreutils-9.5/po'
if test "coreutils" = "gettext-tools"; then \
  /nix/store/xjl7p8dvyk2j53kqf7f43kdj4ypbxz7g-coreutils-9.11/bin/mkdir -p /home/samson/Projects/clojv3/./store/coreutils-9.5/share/gettext/po; \
  for file in Makefile.in.in remove-potcdate.sin quot.sed boldquot.sed en@quot.header en@boldquot.header insert-header.sin Rules-quot   Makevars.template; do \
    /nix/store/xjl7p8dvyk2j53kqf7f43kdj4ypbxz7g-coreutils-9.11/bin/install -c -m 644 ./$file \
		    /home/samson/Projects/clojv3/./store/coreutils-9.5/share/gettext/po/$file; \
  done; \
  for file in Makevars; do \
    rm -f /home/samson/Projects/clojv3/./store/coreutils-9.5/share/gettext/po/$file; \
  done; \
else \
  : ; \
fi
make[2]: Leaving directory '/home/samson/Projects/clojv3/store/tmp/coreutils-9.5/coreutils-9.5/po'
Making install in .
make[2]: Entering directory '/home/samson/Projects/clojv3/store/tmp/coreutils-9.5/coreutils-9.5'
make[3]: Entering directory '/home/samson/Projects/clojv3/store/tmp/coreutils-9.5/coreutils-9.5'
 /nix/store/xjl7p8dvyk2j53kqf7f43kdj4ypbxz7g-coreutils-9.11/bin/mkdir -p '/home/samson/Projects/clojv3/./store/coreutils-9.5/bin'
  src/ginstall -c src/ginstall '/home/samson/Projects/clojv3/./store/coreutils-9.5/bin/./install'
  src/ginstall -c src/chroot src/hostid src/timeout src/nice src/who src/users src/pinky src/stty src/df src/stdbuf src/[ src/b2sum src/base64 src/base32 src/basenc src/basename src/cat src/chcon src/chgrp src/chmod src/chown src/cksum src/comm src/cp src/csplit src/cut src/date src/dd src/dir src/dircolors src/dirname src/du src/echo src/env src/expand src/expr src/factor src/false src/fmt src/fold src/groups src/head src/id src/join src/kill src/link src/ln src/logname src/ls src/md5sum src/mkdir src/mkfifo src/mknod src/mktemp src/mv src/nl src/nproc src/nohup src/numfmt src/od src/paste src/pathchk src/pr src/printenv src/printf src/ptx src/pwd src/readlink src/realpath src/rm src/rmdir src/runcon src/seq src/sha1sum src/sha224sum src/sha256sum src/sha384sum src/sha512sum src/shred src/shuf src/sleep src/sort src/split src/stat src/sum src/sync src/tac src/tail src/tee src/test src/touch src/tr src/true src/truncate src/tsort src/tty src/uname src/unexpand src/uniq src/unlink src/uptime src/vdir src/wc src/whoami src/yes '/home/samson/Projects/clojv3/./store/coreutils-9.5/bin'
 /nix/store/xjl7p8dvyk2j53kqf7f43kdj4ypbxz7g-coreutils-9.11/bin/mkdir -p '/home/samson/Projects/clojv3/./store/coreutils-9.5/libexec/coreutils'
  src/ginstall -c src/libstdbuf.so '/home/samson/Projects/clojv3/./store/coreutils-9.5/libexec/coreutils'
make  install-exec-hook
make[4]: Entering directory '/home/samson/Projects/clojv3/store/tmp/coreutils-9.5/coreutils-9.5'
make[4]: Leaving directory '/home/samson/Projects/clojv3/store/tmp/coreutils-9.5/coreutils-9.5'
 /nix/store/xjl7p8dvyk2j53kqf7f43kdj4ypbxz7g-coreutils-9.11/bin/mkdir -p '/home/samson/Projects/clojv3/./store/coreutils-9.5/share/info'
 src/ginstall -c -m 644 ./doc/coreutils.info '/home/samson/Projects/clojv3/./store/coreutils-9.5/share/info'
 install-info --info-dir='/home/samson/Projects/clojv3/./store/coreutils-9.5/share/info' '/home/samson/Projects/clojv3/./store/coreutils-9.5/share/info/coreutils.info'
 /nix/store/xjl7p8dvyk2j53kqf7f43kdj4ypbxz7g-coreutils-9.11/bin/mkdir -p '/home/samson/Projects/clojv3/./store/coreutils-9.5/share/man/man1'
 src/ginstall -c -m 644 man/chroot.1 man/hostid.1 man/timeout.1 man/nice.1 man/who.1 man/users.1 man/pinky.1 man/stty.1 man/df.1 man/stdbuf.1 man/b2sum.1 man/base64.1 man/base32.1 man/basenc.1 man/basename.1 man/cat.1 man/chcon.1 man/chgrp.1 man/chmod.1 man/chown.1 man/cksum.1 man/comm.1 man/cp.1 man/csplit.1 man/cut.1 man/date.1 man/dd.1 man/dir.1 man/dircolors.1 man/dirname.1 man/du.1 man/echo.1 man/env.1 man/expand.1 man/expr.1 man/factor.1 man/false.1 man/fmt.1 man/fold.1 man/install.1 '/home/samson/Projects/clojv3/./store/coreutils-9.5/share/man/man1'
 src/ginstall -c -m 644 man/groups.1 man/head.1 man/id.1 man/join.1 man/kill.1 man/link.1 man/ln.1 man/logname.1 man/ls.1 man/md5sum.1 man/mkdir.1 man/mkfifo.1 man/mknod.1 man/mktemp.1 man/mv.1 man/nl.1 man/nproc.1 man/nohup.1 man/numfmt.1 man/od.1 man/paste.1 man/pathchk.1 man/pr.1 man/printenv.1 man/printf.1 man/ptx.1 man/pwd.1 man/readlink.1 man/realpath.1 man/rm.1 man/rmdir.1 man/runcon.1 man/seq.1 man/sha1sum.1 man/sha224sum.1 man/sha256sum.1 man/sha384sum.1 man/sha512sum.1 man/shred.1 man/shuf.1 '/home/samson/Projects/clojv3/./store/coreutils-9.5/share/man/man1'
 src/ginstall -c -m 644 man/sleep.1 man/sort.1 man/split.1 man/stat.1 man/sum.1 man/sync.1 man/tac.1 man/tail.1 man/tee.1 man/test.1 man/touch.1 man/tr.1 man/true.1 man/truncate.1 man/tsort.1 man/tty.1 man/uname.1 man/unexpand.1 man/uniq.1 man/unlink.1 man/uptime.1 man/vdir.1 man/wc.1 man/whoami.1 man/yes.1 '/home/samson/Projects/clojv3/./store/coreutils-9.5/share/man/man1'
make[3]: Leaving directory '/home/samson/Projects/clojv3/store/tmp/coreutils-9.5/coreutils-9.5'
make[2]: Leaving directory '/home/samson/Projects/clojv3/store/tmp/coreutils-9.5/coreutils-9.5'
Making install in gnulib-tests
make[2]: Entering directory '/home/samson/Projects/clojv3/store/tmp/coreutils-9.5/coreutils-9.5/gnulib-tests'
make  install-recursive
make[3]: Entering directory '/home/samson/Projects/clojv3/store/tmp/coreutils-9.5/coreutils-9.5/gnulib-tests'
Making install in .
make[4]: Entering directory '/home/samson/Projects/clojv3/store/tmp/coreutils-9.5/coreutils-9.5/gnulib-tests'
make[5]: Entering directory '/home/samson/Projects/clojv3/store/tmp/coreutils-9.5/coreutils-9.5/gnulib-tests'
make[5]: Leaving directory '/home/samson/Projects/clojv3/store/tmp/coreutils-9.5/coreutils-9.5/gnulib-tests'
make[4]: Leaving directory '/home/samson/Projects/clojv3/store/tmp/coreutils-9.5/coreutils-9.5/gnulib-tests'
make[3]: Leaving directory '/home/samson/Projects/clojv3/store/tmp/coreutils-9.5/coreutils-9.5/gnulib-tests'
make[2]: Leaving directory '/home/samson/Projects/clojv3/store/tmp/coreutils-9.5/coreutils-9.5/gnulib-tests'
make[1]: Leaving directory '/home/samson/Projects/clojv3/store/tmp/coreutils-9.5/coreutils-9.5'
