./tools/install.sh -D -m 644 lib/Scrt1.o /home/samson/Projects/clojv3/./store/musl-1.2.6/lib/Scrt1.o
./tools/install.sh -D -m 644 lib/crt1.o /home/samson/Projects/clojv3/./store/musl-1.2.6/lib/crt1.o
./tools/install.sh -D -m 644 lib/rcrt1.o /home/samson/Projects/clojv3/./store/musl-1.2.6/lib/rcrt1.o
./tools/install.sh -D -m 644 lib/crti.o /home/samson/Projects/clojv3/./store/musl-1.2.6/lib/crti.o
./tools/install.sh -D -m 644 lib/crtn.o /home/samson/Projects/clojv3/./store/musl-1.2.6/lib/crtn.o
./tools/install.sh -D -m 644 lib/libc.a /home/samson/Projects/clojv3/./store/musl-1.2.6/lib/libc.a
./tools/install.sh -D -m 755 lib/libc.so /home/samson/Projects/clojv3/./store/musl-1.2.6/lib/libc.so
./tools/install.sh -D -m 644 lib/libm.a /home/samson/Projects/clojv3/./store/musl-1.2.6/lib/libm.a
./tools/install.sh -D -m 644 lib/librt.a /home/samson/Projects/clojv3/./store/musl-1.2.6/lib/librt.a
./tools/install.sh -D -m 644 lib/libpthread.a /home/samson/Projects/clojv3/./store/musl-1.2.6/lib/libpthread.a
./tools/install.sh -D -m 644 lib/libcrypt.a /home/samson/Projects/clojv3/./store/musl-1.2.6/lib/libcrypt.a
./tools/install.sh -D -m 644 lib/libutil.a /home/samson/Projects/clojv3/./store/musl-1.2.6/lib/libutil.a
./tools/install.sh -D -m 644 lib/libxnet.a /home/samson/Projects/clojv3/./store/musl-1.2.6/lib/libxnet.a
./tools/install.sh -D -m 644 lib/libresolv.a /home/samson/Projects/clojv3/./store/musl-1.2.6/lib/libresolv.a
./tools/install.sh -D -m 644 lib/libdl.a /home/samson/Projects/clojv3/./store/musl-1.2.6/lib/libdl.a
./tools/install.sh -D -m 644 lib/musl-gcc.specs /home/samson/Projects/clojv3/./store/musl-1.2.6/lib/musl-gcc.specs
./tools/install.sh -D -l /home/samson/Projects/clojv3/./store/musl-1.2.6/lib/libc.so /lib/ld-musl-x86_64.so.1 || true
mkdir: cannot create directory ‘/lib’: Permission denied
./tools/install.sh -D -m 644 include/aio.h /home/samson/Projects/clojv3/./store/musl-1.2.6/include/aio.h
./tools/install.sh -D -m 644 include/alloca.h /home/samson/Projects/clojv3/./store/musl-1.2.6/include/alloca.h
./tools/install.sh -D -m 644 include/ar.h /home/samson/Projects/clojv3/./store/musl-1.2.6/include/ar.h
./tools/install.sh -D -m 644 include/arpa/ftp.h /home/samson/Projects/clojv3/./store/musl-1.2.6/include/arpa/ftp.h
./tools/install.sh -D -m 644 include/arpa/inet.h /home/samson/Projects/clojv3/./store/musl-1.2.6/include/arpa/inet.h
./tools/install.sh -D -m 644 include/arpa/nameser.h /home/samson/Projects/clojv3/./store/musl-1.2.6/include/arpa/nameser.h
./tools/install.sh -D -m 644 include/arpa/nameser_compat.h /home/samson/Projects/clojv3/./store/musl-1.2.6/include/arpa/nameser_compat.h
./tools/install.sh -D -m 644 include/arpa/telnet.h /home/samson/Projects/clojv3/./store/musl-1.2.6/include/arpa/telnet.h
./tools/install.sh -D -m 644 include/arpa/tftp.h /home/samson/Projects/clojv3/./store/musl-1.2.6/include/arpa/tftp.h
./tools/install.sh -D -m 644 include/assert.h /home/samson/Projects/clojv3/./store/musl-1.2.6/include/assert.h
./tools/install.sh -D -m 644 obj/include/bits/alltypes.h /home/samson/Projects/clojv3/./store/musl-1.2.6/include/bits/alltypes.h
./tools/install.sh -D -m 644 arch/generic/bits/dirent.h /home/samson/Projects/clojv3/./store/musl-1.2.6/include/bits/dirent.h
./tools/install.sh -D -m 644 arch/generic/bits/errno.h /home/samson/Projects/clojv3/./store/musl-1.2.6/include/bits/errno.h
./tools/install.sh -D -m 644 arch/generic/bits/fcntl.h /home/samson/Projects/clojv3/./store/musl-1.2.6/include/bits/fcntl.h
./tools/install.sh -D -m 644 arch/x86_64/bits/fenv.h /home/samson/Projects/clojv3/./store/musl-1.2.6/include/bits/fenv.h
./tools/install.sh -D -m 644 arch/x86_64/bits/float.h /home/samson/Projects/clojv3/./store/musl-1.2.6/include/bits/float.h
./tools/install.sh -D -m 644 arch/generic/bits/hwcap.h /home/samson/Projects/clojv3/./store/musl-1.2.6/include/bits/hwcap.h
./tools/install.sh -D -m 644 arch/x86_64/bits/io.h /home/samson/Projects/clojv3/./store/musl-1.2.6/include/bits/io.h
./tools/install.sh -D -m 644 arch/generic/bits/ioctl.h /home/samson/Projects/clojv3/./store/musl-1.2.6/include/bits/ioctl.h
./tools/install.sh -D -m 644 arch/generic/bits/ioctl_fix.h /home/samson/Projects/clojv3/./store/musl-1.2.6/include/bits/ioctl_fix.h
./tools/install.sh -D -m 644 arch/generic/bits/ipc.h /home/samson/Projects/clojv3/./store/musl-1.2.6/include/bits/ipc.h
./tools/install.sh -D -m 644 arch/generic/bits/ipcstat.h /home/samson/Projects/clojv3/./store/musl-1.2.6/include/bits/ipcstat.h
./tools/install.sh -D -m 644 arch/generic/bits/kd.h /home/samson/Projects/clojv3/./store/musl-1.2.6/include/bits/kd.h
./tools/install.sh -D -m 644 arch/x86_64/bits/limits.h /home/samson/Projects/clojv3/./store/musl-1.2.6/include/bits/limits.h
./tools/install.sh -D -m 644 arch/generic/bits/link.h /home/samson/Projects/clojv3/./store/musl-1.2.6/include/bits/link.h
./tools/install.sh -D -m 644 arch/x86_64/bits/mman.h /home/samson/Projects/clojv3/./store/musl-1.2.6/include/bits/mman.h
./tools/install.sh -D -m 644 arch/generic/bits/msg.h /home/samson/Projects/clojv3/./store/musl-1.2.6/include/bits/msg.h
./tools/install.sh -D -m 644 arch/generic/bits/poll.h /home/samson/Projects/clojv3/./store/musl-1.2.6/include/bits/poll.h
./tools/install.sh -D -m 644 arch/x86_64/bits/ptrace.h /home/samson/Projects/clojv3/./store/musl-1.2.6/include/bits/ptrace.h
./tools/install.sh -D -m 644 arch/x86_64/bits/reg.h /home/samson/Projects/clojv3/./store/musl-1.2.6/include/bits/reg.h
./tools/install.sh -D -m 644 arch/generic/bits/resource.h /home/samson/Projects/clojv3/./store/musl-1.2.6/include/bits/resource.h
./tools/install.sh -D -m 644 arch/x86_64/bits/sem.h /home/samson/Projects/clojv3/./store/musl-1.2.6/include/bits/sem.h
./tools/install.sh -D -m 644 arch/x86_64/bits/setjmp.h /home/samson/Projects/clojv3/./store/musl-1.2.6/include/bits/setjmp.h
./tools/install.sh -D -m 644 arch/generic/bits/shm.h /home/samson/Projects/clojv3/./store/musl-1.2.6/include/bits/shm.h
./tools/install.sh -D -m 644 arch/x86_64/bits/signal.h /home/samson/Projects/clojv3/./store/musl-1.2.6/include/bits/signal.h
./tools/install.sh -D -m 644 arch/generic/bits/socket.h /home/samson/Projects/clojv3/./store/musl-1.2.6/include/bits/socket.h
./tools/install.sh -D -m 644 arch/generic/bits/soundcard.h /home/samson/Projects/clojv3/./store/musl-1.2.6/include/bits/soundcard.h
./tools/install.sh -D -m 644 arch/x86_64/bits/stat.h /home/samson/Projects/clojv3/./store/musl-1.2.6/include/bits/stat.h
./tools/install.sh -D -m 644 arch/generic/bits/statfs.h /home/samson/Projects/clojv3/./store/musl-1.2.6/include/bits/statfs.h
./tools/install.sh -D -m 644 arch/generic/bits/stdint.h /home/samson/Projects/clojv3/./store/musl-1.2.6/include/bits/stdint.h
./tools/install.sh -D -m 644 obj/include/bits/syscall.h /home/samson/Projects/clojv3/./store/musl-1.2.6/include/bits/syscall.h
./tools/install.sh -D -m 644 arch/generic/bits/termios.h /home/samson/Projects/clojv3/./store/musl-1.2.6/include/bits/termios.h
./tools/install.sh -D -m 644 arch/x86_64/bits/user.h /home/samson/Projects/clojv3/./store/musl-1.2.6/include/bits/user.h
./tools/install.sh -D -m 644 arch/generic/bits/vt.h /home/samson/Projects/clojv3/./store/musl-1.2.6/include/bits/vt.h
./tools/install.sh -D -m 644 include/byteswap.h /home/samson/Projects/clojv3/./store/musl-1.2.6/include/byteswap.h
./tools/install.sh -D -m 644 include/complex.h /home/samson/Projects/clojv3/./store/musl-1.2.6/include/complex.h
./tools/install.sh -D -m 644 include/cpio.h /home/samson/Projects/clojv3/./store/musl-1.2.6/include/cpio.h
./tools/install.sh -D -m 644 include/crypt.h /home/samson/Projects/clojv3/./store/musl-1.2.6/include/crypt.h
./tools/install.sh -D -m 644 include/ctype.h /home/samson/Projects/clojv3/./store/musl-1.2.6/include/ctype.h
./tools/install.sh -D -m 644 include/dirent.h /home/samson/Projects/clojv3/./store/musl-1.2.6/include/dirent.h
./tools/install.sh -D -m 644 include/dlfcn.h /home/samson/Projects/clojv3/./store/musl-1.2.6/include/dlfcn.h
./tools/install.sh -D -m 644 include/elf.h /home/samson/Projects/clojv3/./store/musl-1.2.6/include/elf.h
./tools/install.sh -D -m 644 include/endian.h /home/samson/Projects/clojv3/./store/musl-1.2.6/include/endian.h
./tools/install.sh -D -m 644 include/err.h /home/samson/Projects/clojv3/./store/musl-1.2.6/include/err.h
./tools/install.sh -D -m 644 include/errno.h /home/samson/Projects/clojv3/./store/musl-1.2.6/include/errno.h
./tools/install.sh -D -m 644 include/fcntl.h /home/samson/Projects/clojv3/./store/musl-1.2.6/include/fcntl.h
./tools/install.sh -D -m 644 include/features.h /home/samson/Projects/clojv3/./store/musl-1.2.6/include/features.h
./tools/install.sh -D -m 644 include/fenv.h /home/samson/Projects/clojv3/./store/musl-1.2.6/include/fenv.h
./tools/install.sh -D -m 644 include/float.h /home/samson/Projects/clojv3/./store/musl-1.2.6/include/float.h
./tools/install.sh -D -m 644 include/fmtmsg.h /home/samson/Projects/clojv3/./store/musl-1.2.6/include/fmtmsg.h
./tools/install.sh -D -m 644 include/fnmatch.h /home/samson/Projects/clojv3/./store/musl-1.2.6/include/fnmatch.h
./tools/install.sh -D -m 644 include/ftw.h /home/samson/Projects/clojv3/./store/musl-1.2.6/include/ftw.h
./tools/install.sh -D -m 644 include/getopt.h /home/samson/Projects/clojv3/./store/musl-1.2.6/include/getopt.h
./tools/install.sh -D -m 644 include/glob.h /home/samson/Projects/clojv3/./store/musl-1.2.6/include/glob.h
./tools/install.sh -D -m 644 include/grp.h /home/samson/Projects/clojv3/./store/musl-1.2.6/include/grp.h
./tools/install.sh -D -m 644 include/iconv.h /home/samson/Projects/clojv3/./store/musl-1.2.6/include/iconv.h
./tools/install.sh -D -m 644 include/ifaddrs.h /home/samson/Projects/clojv3/./store/musl-1.2.6/include/ifaddrs.h
./tools/install.sh -D -m 644 include/inttypes.h /home/samson/Projects/clojv3/./store/musl-1.2.6/include/inttypes.h
./tools/install.sh -D -m 644 include/iso646.h /home/samson/Projects/clojv3/./store/musl-1.2.6/include/iso646.h
./tools/install.sh -D -m 644 include/langinfo.h /home/samson/Projects/clojv3/./store/musl-1.2.6/include/langinfo.h
./tools/install.sh -D -m 644 include/lastlog.h /home/samson/Projects/clojv3/./store/musl-1.2.6/include/lastlog.h
./tools/install.sh -D -m 644 include/libgen.h /home/samson/Projects/clojv3/./store/musl-1.2.6/include/libgen.h
./tools/install.sh -D -m 644 include/libintl.h /home/samson/Projects/clojv3/./store/musl-1.2.6/include/libintl.h
./tools/install.sh -D -m 644 include/limits.h /home/samson/Projects/clojv3/./store/musl-1.2.6/include/limits.h
./tools/install.sh -D -m 644 include/link.h /home/samson/Projects/clojv3/./store/musl-1.2.6/include/link.h
./tools/install.sh -D -m 644 include/locale.h /home/samson/Projects/clojv3/./store/musl-1.2.6/include/locale.h
./tools/install.sh -D -m 644 include/malloc.h /home/samson/Projects/clojv3/./store/musl-1.2.6/include/malloc.h
./tools/install.sh -D -m 644 include/math.h /home/samson/Projects/clojv3/./store/musl-1.2.6/include/math.h
./tools/install.sh -D -m 644 include/memory.h /home/samson/Projects/clojv3/./store/musl-1.2.6/include/memory.h
./tools/install.sh -D -m 644 include/mntent.h /home/samson/Projects/clojv3/./store/musl-1.2.6/include/mntent.h
./tools/install.sh -D -m 644 include/monetary.h /home/samson/Projects/clojv3/./store/musl-1.2.6/include/monetary.h
./tools/install.sh -D -m 644 include/mqueue.h /home/samson/Projects/clojv3/./store/musl-1.2.6/include/mqueue.h
./tools/install.sh -D -m 644 include/net/ethernet.h /home/samson/Projects/clojv3/./store/musl-1.2.6/include/net/ethernet.h
./tools/install.sh -D -m 644 include/net/if.h /home/samson/Projects/clojv3/./store/musl-1.2.6/include/net/if.h
./tools/install.sh -D -m 644 include/net/if_arp.h /home/samson/Projects/clojv3/./store/musl-1.2.6/include/net/if_arp.h
./tools/install.sh -D -m 644 include/net/route.h /home/samson/Projects/clojv3/./store/musl-1.2.6/include/net/route.h
./tools/install.sh -D -m 644 include/netdb.h /home/samson/Projects/clojv3/./store/musl-1.2.6/include/netdb.h
./tools/install.sh -D -m 644 include/netinet/ether.h /home/samson/Projects/clojv3/./store/musl-1.2.6/include/netinet/ether.h
./tools/install.sh -D -m 644 include/netinet/icmp6.h /home/samson/Projects/clojv3/./store/musl-1.2.6/include/netinet/icmp6.h
./tools/install.sh -D -m 644 include/netinet/if_ether.h /home/samson/Projects/clojv3/./store/musl-1.2.6/include/netinet/if_ether.h
./tools/install.sh -D -m 644 include/netinet/igmp.h /home/samson/Projects/clojv3/./store/musl-1.2.6/include/netinet/igmp.h
./tools/install.sh -D -m 644 include/netinet/in.h /home/samson/Projects/clojv3/./store/musl-1.2.6/include/netinet/in.h
./tools/install.sh -D -m 644 include/netinet/in_systm.h /home/samson/Projects/clojv3/./store/musl-1.2.6/include/netinet/in_systm.h
./tools/install.sh -D -m 644 include/netinet/ip.h /home/samson/Projects/clojv3/./store/musl-1.2.6/include/netinet/ip.h
./tools/install.sh -D -m 644 include/netinet/ip6.h /home/samson/Projects/clojv3/./store/musl-1.2.6/include/netinet/ip6.h
./tools/install.sh -D -m 644 include/netinet/ip_icmp.h /home/samson/Projects/clojv3/./store/musl-1.2.6/include/netinet/ip_icmp.h
./tools/install.sh -D -m 644 include/netinet/tcp.h /home/samson/Projects/clojv3/./store/musl-1.2.6/include/netinet/tcp.h
./tools/install.sh -D -m 644 include/netinet/udp.h /home/samson/Projects/clojv3/./store/musl-1.2.6/include/netinet/udp.h
./tools/install.sh -D -m 644 include/netpacket/packet.h /home/samson/Projects/clojv3/./store/musl-1.2.6/include/netpacket/packet.h
./tools/install.sh -D -m 644 include/nl_types.h /home/samson/Projects/clojv3/./store/musl-1.2.6/include/nl_types.h
./tools/install.sh -D -m 644 include/paths.h /home/samson/Projects/clojv3/./store/musl-1.2.6/include/paths.h
./tools/install.sh -D -m 644 include/poll.h /home/samson/Projects/clojv3/./store/musl-1.2.6/include/poll.h
./tools/install.sh -D -m 644 include/pthread.h /home/samson/Projects/clojv3/./store/musl-1.2.6/include/pthread.h
./tools/install.sh -D -m 644 include/pty.h /home/samson/Projects/clojv3/./store/musl-1.2.6/include/pty.h
./tools/install.sh -D -m 644 include/pwd.h /home/samson/Projects/clojv3/./store/musl-1.2.6/include/pwd.h
./tools/install.sh -D -m 644 include/regex.h /home/samson/Projects/clojv3/./store/musl-1.2.6/include/regex.h
./tools/install.sh -D -m 644 include/resolv.h /home/samson/Projects/clojv3/./store/musl-1.2.6/include/resolv.h
./tools/install.sh -D -m 644 include/sched.h /home/samson/Projects/clojv3/./store/musl-1.2.6/include/sched.h
./tools/install.sh -D -m 644 include/scsi/scsi.h /home/samson/Projects/clojv3/./store/musl-1.2.6/include/scsi/scsi.h
./tools/install.sh -D -m 644 include/scsi/scsi_ioctl.h /home/samson/Projects/clojv3/./store/musl-1.2.6/include/scsi/scsi_ioctl.h
./tools/install.sh -D -m 644 include/scsi/sg.h /home/samson/Projects/clojv3/./store/musl-1.2.6/include/scsi/sg.h
./tools/install.sh -D -m 644 include/search.h /home/samson/Projects/clojv3/./store/musl-1.2.6/include/search.h
./tools/install.sh -D -m 644 include/semaphore.h /home/samson/Projects/clojv3/./store/musl-1.2.6/include/semaphore.h
./tools/install.sh -D -m 644 include/setjmp.h /home/samson/Projects/clojv3/./store/musl-1.2.6/include/setjmp.h
./tools/install.sh -D -m 644 include/shadow.h /home/samson/Projects/clojv3/./store/musl-1.2.6/include/shadow.h
./tools/install.sh -D -m 644 include/signal.h /home/samson/Projects/clojv3/./store/musl-1.2.6/include/signal.h
./tools/install.sh -D -m 644 include/spawn.h /home/samson/Projects/clojv3/./store/musl-1.2.6/include/spawn.h
./tools/install.sh -D -m 644 include/stdalign.h /home/samson/Projects/clojv3/./store/musl-1.2.6/include/stdalign.h
./tools/install.sh -D -m 644 include/stdarg.h /home/samson/Projects/clojv3/./store/musl-1.2.6/include/stdarg.h
./tools/install.sh -D -m 644 include/stdbool.h /home/samson/Projects/clojv3/./store/musl-1.2.6/include/stdbool.h
./tools/install.sh -D -m 644 include/stdc-predef.h /home/samson/Projects/clojv3/./store/musl-1.2.6/include/stdc-predef.h
./tools/install.sh -D -m 644 include/stddef.h /home/samson/Projects/clojv3/./store/musl-1.2.6/include/stddef.h
./tools/install.sh -D -m 644 include/stdint.h /home/samson/Projects/clojv3/./store/musl-1.2.6/include/stdint.h
./tools/install.sh -D -m 644 include/stdio.h /home/samson/Projects/clojv3/./store/musl-1.2.6/include/stdio.h
./tools/install.sh -D -m 644 include/stdio_ext.h /home/samson/Projects/clojv3/./store/musl-1.2.6/include/stdio_ext.h
./tools/install.sh -D -m 644 include/stdlib.h /home/samson/Projects/clojv3/./store/musl-1.2.6/include/stdlib.h
./tools/install.sh -D -m 644 include/stdnoreturn.h /home/samson/Projects/clojv3/./store/musl-1.2.6/include/stdnoreturn.h
./tools/install.sh -D -m 644 include/string.h /home/samson/Projects/clojv3/./store/musl-1.2.6/include/string.h
./tools/install.sh -D -m 644 include/strings.h /home/samson/Projects/clojv3/./store/musl-1.2.6/include/strings.h
./tools/install.sh -D -m 644 include/stropts.h /home/samson/Projects/clojv3/./store/musl-1.2.6/include/stropts.h
./tools/install.sh -D -m 644 include/sys/acct.h /home/samson/Projects/clojv3/./store/musl-1.2.6/include/sys/acct.h
./tools/install.sh -D -m 644 include/sys/auxv.h /home/samson/Projects/clojv3/./store/musl-1.2.6/include/sys/auxv.h
./tools/install.sh -D -m 644 include/sys/cachectl.h /home/samson/Projects/clojv3/./store/musl-1.2.6/include/sys/cachectl.h
./tools/install.sh -D -m 644 include/sys/dir.h /home/samson/Projects/clojv3/./store/musl-1.2.6/include/sys/dir.h
./tools/install.sh -D -m 644 include/sys/epoll.h /home/samson/Projects/clojv3/./store/musl-1.2.6/include/sys/epoll.h
./tools/install.sh -D -m 644 include/sys/errno.h /home/samson/Projects/clojv3/./store/musl-1.2.6/include/sys/errno.h
./tools/install.sh -D -m 644 include/sys/eventfd.h /home/samson/Projects/clojv3/./store/musl-1.2.6/include/sys/eventfd.h
./tools/install.sh -D -m 644 include/sys/fanotify.h /home/samson/Projects/clojv3/./store/musl-1.2.6/include/sys/fanotify.h
./tools/install.sh -D -m 644 include/sys/fcntl.h /home/samson/Projects/clojv3/./store/musl-1.2.6/include/sys/fcntl.h
./tools/install.sh -D -m 644 include/sys/file.h /home/samson/Projects/clojv3/./store/musl-1.2.6/include/sys/file.h
./tools/install.sh -D -m 644 include/sys/fsuid.h /home/samson/Projects/clojv3/./store/musl-1.2.6/include/sys/fsuid.h
./tools/install.sh -D -m 644 include/sys/inotify.h /home/samson/Projects/clojv3/./store/musl-1.2.6/include/sys/inotify.h
./tools/install.sh -D -m 644 include/sys/io.h /home/samson/Projects/clojv3/./store/musl-1.2.6/include/sys/io.h
./tools/install.sh -D -m 644 include/sys/ioctl.h /home/samson/Projects/clojv3/./store/musl-1.2.6/include/sys/ioctl.h
./tools/install.sh -D -m 644 include/sys/ipc.h /home/samson/Projects/clojv3/./store/musl-1.2.6/include/sys/ipc.h
./tools/install.sh -D -m 644 include/sys/kd.h /home/samson/Projects/clojv3/./store/musl-1.2.6/include/sys/kd.h
./tools/install.sh -D -m 644 include/sys/klog.h /home/samson/Projects/clojv3/./store/musl-1.2.6/include/sys/klog.h
./tools/install.sh -D -m 644 include/sys/membarrier.h /home/samson/Projects/clojv3/./store/musl-1.2.6/include/sys/membarrier.h
./tools/install.sh -D -m 644 include/sys/mman.h /home/samson/Projects/clojv3/./store/musl-1.2.6/include/sys/mman.h
./tools/install.sh -D -m 644 include/sys/mount.h /home/samson/Projects/clojv3/./store/musl-1.2.6/include/sys/mount.h
./tools/install.sh -D -m 644 include/sys/msg.h /home/samson/Projects/clojv3/./store/musl-1.2.6/include/sys/msg.h
./tools/install.sh -D -m 644 include/sys/mtio.h /home/samson/Projects/clojv3/./store/musl-1.2.6/include/sys/mtio.h
./tools/install.sh -D -m 644 include/sys/param.h /home/samson/Projects/clojv3/./store/musl-1.2.6/include/sys/param.h
./tools/install.sh -D -m 644 include/sys/personality.h /home/samson/Projects/clojv3/./store/musl-1.2.6/include/sys/personality.h
./tools/install.sh -D -m 644 include/sys/poll.h /home/samson/Projects/clojv3/./store/musl-1.2.6/include/sys/poll.h
./tools/install.sh -D -m 644 include/sys/prctl.h /home/samson/Projects/clojv3/./store/musl-1.2.6/include/sys/prctl.h
./tools/install.sh -D -m 644 include/sys/procfs.h /home/samson/Projects/clojv3/./store/musl-1.2.6/include/sys/procfs.h
./tools/install.sh -D -m 644 include/sys/ptrace.h /home/samson/Projects/clojv3/./store/musl-1.2.6/include/sys/ptrace.h
./tools/install.sh -D -m 644 include/sys/quota.h /home/samson/Projects/clojv3/./store/musl-1.2.6/include/sys/quota.h
./tools/install.sh -D -m 644 include/sys/random.h /home/samson/Projects/clojv3/./store/musl-1.2.6/include/sys/random.h
./tools/install.sh -D -m 644 include/sys/reboot.h /home/samson/Projects/clojv3/./store/musl-1.2.6/include/sys/reboot.h
./tools/install.sh -D -m 644 include/sys/reg.h /home/samson/Projects/clojv3/./store/musl-1.2.6/include/sys/reg.h
./tools/install.sh -D -m 644 include/sys/resource.h /home/samson/Projects/clojv3/./store/musl-1.2.6/include/sys/resource.h
./tools/install.sh -D -m 644 include/sys/select.h /home/samson/Projects/clojv3/./store/musl-1.2.6/include/sys/select.h
./tools/install.sh -D -m 644 include/sys/sem.h /home/samson/Projects/clojv3/./store/musl-1.2.6/include/sys/sem.h
./tools/install.sh -D -m 644 include/sys/sendfile.h /home/samson/Projects/clojv3/./store/musl-1.2.6/include/sys/sendfile.h
./tools/install.sh -D -m 644 include/sys/shm.h /home/samson/Projects/clojv3/./store/musl-1.2.6/include/sys/shm.h
./tools/install.sh -D -m 644 include/sys/signal.h /home/samson/Projects/clojv3/./store/musl-1.2.6/include/sys/signal.h
./tools/install.sh -D -m 644 include/sys/signalfd.h /home/samson/Projects/clojv3/./store/musl-1.2.6/include/sys/signalfd.h
./tools/install.sh -D -m 644 include/sys/socket.h /home/samson/Projects/clojv3/./store/musl-1.2.6/include/sys/socket.h
./tools/install.sh -D -m 644 include/sys/soundcard.h /home/samson/Projects/clojv3/./store/musl-1.2.6/include/sys/soundcard.h
./tools/install.sh -D -m 644 include/sys/stat.h /home/samson/Projects/clojv3/./store/musl-1.2.6/include/sys/stat.h
./tools/install.sh -D -m 644 include/sys/statfs.h /home/samson/Projects/clojv3/./store/musl-1.2.6/include/sys/statfs.h
./tools/install.sh -D -m 644 include/sys/statvfs.h /home/samson/Projects/clojv3/./store/musl-1.2.6/include/sys/statvfs.h
./tools/install.sh -D -m 644 include/sys/stropts.h /home/samson/Projects/clojv3/./store/musl-1.2.6/include/sys/stropts.h
./tools/install.sh -D -m 644 include/sys/swap.h /home/samson/Projects/clojv3/./store/musl-1.2.6/include/sys/swap.h
./tools/install.sh -D -m 644 include/sys/syscall.h /home/samson/Projects/clojv3/./store/musl-1.2.6/include/sys/syscall.h
./tools/install.sh -D -m 644 include/sys/sysinfo.h /home/samson/Projects/clojv3/./store/musl-1.2.6/include/sys/sysinfo.h
./tools/install.sh -D -m 644 include/sys/syslog.h /home/samson/Projects/clojv3/./store/musl-1.2.6/include/sys/syslog.h
./tools/install.sh -D -m 644 include/sys/sysmacros.h /home/samson/Projects/clojv3/./store/musl-1.2.6/include/sys/sysmacros.h
./tools/install.sh -D -m 644 include/sys/termios.h /home/samson/Projects/clojv3/./store/musl-1.2.6/include/sys/termios.h
./tools/install.sh -D -m 644 include/sys/time.h /home/samson/Projects/clojv3/./store/musl-1.2.6/include/sys/time.h
./tools/install.sh -D -m 644 include/sys/timeb.h /home/samson/Projects/clojv3/./store/musl-1.2.6/include/sys/timeb.h
./tools/install.sh -D -m 644 include/sys/timerfd.h /home/samson/Projects/clojv3/./store/musl-1.2.6/include/sys/timerfd.h
./tools/install.sh -D -m 644 include/sys/times.h /home/samson/Projects/clojv3/./store/musl-1.2.6/include/sys/times.h
./tools/install.sh -D -m 644 include/sys/timex.h /home/samson/Projects/clojv3/./store/musl-1.2.6/include/sys/timex.h
./tools/install.sh -D -m 644 include/sys/ttydefaults.h /home/samson/Projects/clojv3/./store/musl-1.2.6/include/sys/ttydefaults.h
./tools/install.sh -D -m 644 include/sys/types.h /home/samson/Projects/clojv3/./store/musl-1.2.6/include/sys/types.h
./tools/install.sh -D -m 644 include/sys/ucontext.h /home/samson/Projects/clojv3/./store/musl-1.2.6/include/sys/ucontext.h
./tools/install.sh -D -m 644 include/sys/uio.h /home/samson/Projects/clojv3/./store/musl-1.2.6/include/sys/uio.h
./tools/install.sh -D -m 644 include/sys/un.h /home/samson/Projects/clojv3/./store/musl-1.2.6/include/sys/un.h
./tools/install.sh -D -m 644 include/sys/user.h /home/samson/Projects/clojv3/./store/musl-1.2.6/include/sys/user.h
./tools/install.sh -D -m 644 include/sys/utsname.h /home/samson/Projects/clojv3/./store/musl-1.2.6/include/sys/utsname.h
./tools/install.sh -D -m 644 include/sys/vfs.h /home/samson/Projects/clojv3/./store/musl-1.2.6/include/sys/vfs.h
./tools/install.sh -D -m 644 include/sys/vt.h /home/samson/Projects/clojv3/./store/musl-1.2.6/include/sys/vt.h
./tools/install.sh -D -m 644 include/sys/wait.h /home/samson/Projects/clojv3/./store/musl-1.2.6/include/sys/wait.h
./tools/install.sh -D -m 644 include/sys/xattr.h /home/samson/Projects/clojv3/./store/musl-1.2.6/include/sys/xattr.h
./tools/install.sh -D -m 644 include/syscall.h /home/samson/Projects/clojv3/./store/musl-1.2.6/include/syscall.h
./tools/install.sh -D -m 644 include/sysexits.h /home/samson/Projects/clojv3/./store/musl-1.2.6/include/sysexits.h
./tools/install.sh -D -m 644 include/syslog.h /home/samson/Projects/clojv3/./store/musl-1.2.6/include/syslog.h
./tools/install.sh -D -m 644 include/tar.h /home/samson/Projects/clojv3/./store/musl-1.2.6/include/tar.h
./tools/install.sh -D -m 644 include/termios.h /home/samson/Projects/clojv3/./store/musl-1.2.6/include/termios.h
./tools/install.sh -D -m 644 include/tgmath.h /home/samson/Projects/clojv3/./store/musl-1.2.6/include/tgmath.h
./tools/install.sh -D -m 644 include/threads.h /home/samson/Projects/clojv3/./store/musl-1.2.6/include/threads.h
./tools/install.sh -D -m 644 include/time.h /home/samson/Projects/clojv3/./store/musl-1.2.6/include/time.h
./tools/install.sh -D -m 644 include/uchar.h /home/samson/Projects/clojv3/./store/musl-1.2.6/include/uchar.h
./tools/install.sh -D -m 644 include/ucontext.h /home/samson/Projects/clojv3/./store/musl-1.2.6/include/ucontext.h
./tools/install.sh -D -m 644 include/ulimit.h /home/samson/Projects/clojv3/./store/musl-1.2.6/include/ulimit.h
./tools/install.sh -D -m 644 include/unistd.h /home/samson/Projects/clojv3/./store/musl-1.2.6/include/unistd.h
./tools/install.sh -D -m 644 include/utime.h /home/samson/Projects/clojv3/./store/musl-1.2.6/include/utime.h
./tools/install.sh -D -m 644 include/utmp.h /home/samson/Projects/clojv3/./store/musl-1.2.6/include/utmp.h
./tools/install.sh -D -m 644 include/utmpx.h /home/samson/Projects/clojv3/./store/musl-1.2.6/include/utmpx.h
./tools/install.sh -D -m 644 include/values.h /home/samson/Projects/clojv3/./store/musl-1.2.6/include/values.h
./tools/install.sh -D -m 644 include/wait.h /home/samson/Projects/clojv3/./store/musl-1.2.6/include/wait.h
./tools/install.sh -D -m 644 include/wchar.h /home/samson/Projects/clojv3/./store/musl-1.2.6/include/wchar.h
./tools/install.sh -D -m 644 include/wctype.h /home/samson/Projects/clojv3/./store/musl-1.2.6/include/wctype.h
./tools/install.sh -D -m 644 include/wordexp.h /home/samson/Projects/clojv3/./store/musl-1.2.6/include/wordexp.h
./tools/install.sh -D obj/musl-gcc /home/samson/Projects/clojv3/./store/musl-1.2.6/bin/musl-gcc
